2025-09-15 09:37:17,193 - ERROR - 获取代理失败: Cannot connect to host api.example.com:443 ssl:default [nodename nor servname provided, or not known]
2025-09-15 09:37:17,193 - INFO - 使用代理: 无代理
2025-09-15 09:37:17,825 - INFO - 正在处理第 0 页: http://h2.china-nengyuan.com/news/index.php?gopage=0&
2025-09-15 09:37:22,494 - INFO - 第 0 页找到 8 条新闻
2025-09-15 09:37:26,635 - INFO - 已保存: 中能建松原氢能产业园（绿色氢氨醇一体化）项目二期可研通过评审 (37605 bytes)
2025-09-15 09:37:29,174 - INFO - 已保存: 3.6万吨/年绿氢，10万吨/年绿色合成氨，15万吨/年合成甲醇，阿勒泰福海县光储氢氨醇一体化项目开工 (37808 bytes)
2025-09-15 09:37:50,457 - ERROR - 获取代理失败: Cannot connect to host api.example.com:443 ssl:default [nodename nor servname provided, or not known]
2025-09-15 09:37:50,457 - INFO - 使用代理: 无代理
2025-09-15 09:37:50,699 - INFO - 正在处理第 0 页: http://h2.china-nengyuan.com/news/index.php?gopage=0&
2025-09-15 09:37:51,293 - INFO - 第 0 页找到 8 条新闻
2025-09-15 09:37:51,708 - INFO - 已保存: 中能建松原氢能产业园（绿色氢氨醇一体化）项目二期可研通过评审 (37605 bytes)
2025-09-15 09:37:54,119 - INFO - 已保存: 3.6万吨/年绿氢，10万吨/年绿色合成氨，15万吨/年合成甲醇，阿勒泰福海县光储氢氨醇一体化项目开工 (37808 bytes)
2025-09-15 09:37:55,032 - INFO - 已保存: 首件吊装完成！中能建石家庄鹿泉区光伏制氢及氢能配套产业项目建设按下“加速键” (37514 bytes)
2025-09-15 09:37:56,077 - INFO - 已保存: 气田采出水成功制氢 东福研究院海水制氢技术应用领域不断拓展 (37233 bytes)
2025-09-15 09:37:58,049 - INFO - 已保存: 陕西省氢能产业链工作推进会在榆召开 (37176 bytes)
2025-09-15 09:37:59,875 - INFO - 已保存: 国际能源署：低排放氢气项目面临阻力但仍将强劲增长 (37217 bytes)
2025-09-15 09:38:01,499 - INFO - 已保存: 氢能技术为零碳园区发展筑基 (37187 bytes)
2025-09-15 09:38:03,422 - INFO - 已保存: 纳米比亚拟筹集17亿美元打造非洲“绿氢枢纽” (37243 bytes)
2025-09-15 09:38:07,313 - INFO - 正在处理第 1 页: http://h2.china-nengyuan.com/news/index.php?gopage=1&
2025-09-15 09:38:07,845 - INFO - 第 1 页找到 8 条新闻
2025-09-15 09:38:08,166 - INFO - 已保存: 10个氢能相关，上海市2025年度关键技术研发计划“新能源”项目立项 (37423 bytes)
2025-09-15 09:38:09,333 - INFO - 已保存: 国务院批复同意！成都市绿色氢能纳入试点 (37305 bytes)
2025-09-15 09:38:10,999 - INFO - 已保存: 番禺+1、海珠+1、白云+2！云韬加氢网络布局捷报频 (38784 bytes)
2025-09-15 09:38:13,237 - INFO - 已保存: 一辆很“氢”的车 (37152 bytes)
2025-09-15 09:38:15,511 - INFO - 已保存: 交通运输业能否“氢”装上阵？ (37232 bytes)
2025-09-15 09:38:17,969 - INFO - 已保存: 成都市氢能产业链汇聚企业达105户 (37178 bytes)
2025-09-15 09:38:19,745 - INFO - 已保存: 喀什佛山绿氢对接会445亿项目加速落地 (37209 bytes)
2025-09-15 09:38:21,465 - INFO - 已保存: 总投资296亿元，全球体量最大，绿色氢氨醇一体化项目将在年内投产，助力吉林“中国北方氢谷”建设 (37253 bytes)
2025-09-15 09:38:22,914 - INFO - 已保存 10 条日志记录
2025-09-15 09:38:24,543 - INFO - 正在处理第 2 页: http://h2.china-nengyuan.com/news/index.php?gopage=2&
2025-09-15 09:38:25,301 - INFO - 第 2 页找到 8 条新闻
2025-09-15 09:38:25,598 - INFO - 已保存: 新赛道，“氢”云直上！ (37228 bytes)
2025-09-15 09:38:27,622 - INFO - 已保存: 总投资3248万元，年产高纯绿氢500吨，中能建兰州新区绿电制氢示范项目试生产 (37229 bytes)
2025-09-15 09:38:28,611 - INFO - 已保存: 国内首部《绿电制氢电站保险风险研究白皮书》发布 (37776 bytes)
2025-09-15 09:38:30,216 - INFO - 已保存: 戴姆勒完成22.5万公里试验：成本阻碍了氢燃料卡车的发展 (38681 bytes)
2025-09-15 09:38:31,645 - INFO - 已保存: 波兰联合法国推出氢燃料电池机器人军用车 (37203 bytes)
2025-09-15 09:38:32,697 - INFO - 已保存: 旭阳集团乐亭园区5000Nm³/h氢能项目建成投产 (37658 bytes)
2025-09-15 09:38:34,251 - INFO - 已保存: 加拿大科学家“氢”力助阵海南 推动全球氢能合作与创新 (37266 bytes)
2025-09-15 09:38:35,611 - INFO - 已保存: 最高1000万元，芜湖发布《关于加快推动氢能产业高质量发展的若干措施》(征求意见稿) (37045 bytes)
2025-09-15 09:38:37,293 - INFO - 已保存 20 条日志记录
2025-09-15 09:38:40,224 - INFO - 正在处理第 3 页: http://h2.china-nengyuan.com/news/index.php?gopage=3&
2025-09-15 09:38:40,758 - INFO - 第 3 页找到 8 条新闻
2025-09-15 09:38:41,050 - INFO - 已保存: 氢燃料电池破冰，山东智造点亮地球极寒之境 (37241 bytes)
2025-09-15 09:38:42,117 - INFO - 已保存: 未势能源与巴西伊泰普科技园签署MOU，共拓拉美氢能市场 (38965 bytes)
2025-09-15 09:38:44,201 - INFO - 已保存: 爱德曼化德氢储能示范项目迎全国、自治区、市人大及化德县领导视察指导 (38698 bytes)
2025-09-15 09:38:46,857 - INFO - 已保存: 全球氢能产业承诺投资500个项目超1100亿美元 (39255 bytes)
2025-09-15 09:38:48,565 - INFO - 已保存: 已建设超80%！全球最大的绿色氢工厂首次发布现场视频 (37764 bytes)
2025-09-15 09:38:50,617 - INFO - 已保存: 山西安装承建我国首座规模化绿色甲醇项目 (37237 bytes)
2025-09-15 09:38:52,256 - INFO - 已保存: 总投资约为189.2亿元 金风科技投建风电制氢氨醇项目 (38604 bytes)
2025-09-15 09:38:53,436 - INFO - 已保存: 卡涞科技推出Coleitec HyPVesselTM干法缠绕碳纤维70MPa IV型储氢瓶 (38501 bytes)
2025-09-15 09:38:55,000 - INFO - 已保存 30 条日志记录
2025-09-15 09:38:56,655 - INFO - 正在处理第 4 页: http://h2.china-nengyuan.com/news/index.php?gopage=4&
2025-09-15 09:38:57,366 - INFO - 第 4 页找到 8 条新闻
2025-09-15 09:38:57,802 - INFO - 已保存: 中汽中心新能源检验中心发布“氢能技术验证HyTA”项目 (37186 bytes)
2025-09-15 09:38:59,394 - INFO - 已保存: 国鸿氢能助力！成渝氢走廊首批氢能物流车鸣笛发车 (38065 bytes)
2025-09-15 09:39:00,440 - INFO - 已保存: 中新氢能携手南海联达聚焦综合能源站 布局氢能产业 (37767 bytes)
2025-09-15 09:39:02,546 - INFO - 已保存: 中国石油首个采出水制氢试验构建零排放生态闭环 (37234 bytes)
2025-09-15 09:39:04,123 - INFO - 已保存: 中国和波兰开发商在毛里塔尼亚宣布数十亿美元的绿色氢氨项目 (38672 bytes)
2025-09-15 09:39:06,359 - INFO - 已保存: 研报：随着美国取消补贴，中国将主导绿色氢市场 (38484 bytes)
2025-09-15 09:39:07,388 - INFO - 已保存: 35MW！康明斯交付迄今规模最大PEM电解系统 (37256 bytes)
2025-09-15 09:39:08,579 - INFO - 已保存: 全球首艘氨燃料集装箱船开工 (37225 bytes)
2025-09-15 09:39:10,267 - INFO - 已保存 40 条日志记录
2025-09-15 09:39:11,442 - INFO - 正在处理第 5 页: http://h2.china-nengyuan.com/news/index.php?gopage=5&
2025-09-15 09:39:12,032 - INFO - 第 5 页找到 8 条新闻
2025-09-15 09:39:12,343 - INFO - 已保存: 交通运输部水运科学研究院牵头发起共建绿氨燃料海运供应链倡议 (37183 bytes)
2025-09-15 09:39:13,339 - INFO - 已保存: 磁冷却支持高效氢液化：欧洲首个用于氢液化的磁热试验工厂启动 (38737 bytes)
2025-09-15 09:39:15,124 - INFO - 已保存: 采用中国氢枫固态储氢技术！马来西亚将向新加坡出口首批绿色固态氢 (38766 bytes)
2025-09-15 09:39:16,690 - INFO - 已保存: 成渝高速氢走廊按下“加速键” 首座加氢站投运、首批定点物流发车 (37228 bytes)
2025-09-15 09:39:18,427 - INFO - 已保存: 江苏省氢能产业创新联盟成立 (37191 bytes)
2025-09-15 09:39:20,387 - INFO - 已保存: 重庆发布超80亿元机会清单 邀中外企业共建成渝高速氢走廊 (37230 bytes)
2025-09-15 09:39:22,209 - INFO - 已保存: 在标准化推进和差异化布局中曲折前进的氢能产业 (37230 bytes)
2025-09-15 09:39:23,493 - INFO - 已保存: 氢能产业从政策红利期逐渐走向规模应用期 (37237 bytes)
2025-09-15 09:39:26,027 - INFO - 正在处理第 6 页: http://h2.china-nengyuan.com/news/index.php?gopage=6&
2025-09-15 09:39:26,639 - INFO - 第 6 页找到 8 条新闻
2025-09-15 09:39:26,946 - INFO - 已保存: 300台，庆铃汽车×云韬氢能签署整车战略合作协议 (38553 bytes)
2025-09-15 09:39:27,897 - INFO - 已保存: 威海临港区：氢能赛道开启“超车”模式 (37238 bytes)
2025-09-15 09:39:29,034 - INFO - 已保存: 氢枫携手通洲集团，共建“零碳氢干线”运输通道 (37927 bytes)
2025-09-15 09:39:31,370 - INFO - 已保存: 总投资约6.7亿元 “风氢储燃”一体化氢储能示范项目签约 (37227 bytes)
2025-09-15 09:39:32,928 - INFO - 已保存: 清能股份与印度BHEL建立氢动力列车独家合作伙伴关系 (37554 bytes)
2025-09-15 09:39:35,273 - INFO - 已保存: 50GW氢气为AI数据中心供电！这也许并不是未来科幻 (39429 bytes)
2025-09-15 09:39:36,841 - INFO - 已保存: 锰基液体电解质！新一代氢/液混合电池原型将在年底亮相 (38335 bytes)
2025-09-15 09:39:38,493 - INFO - 已保存: 总投资20亿元，仪征氢能产业项目签约暨绿氢装备零碳产业园开工 (37200 bytes)
2025-09-15 09:39:39,308 - INFO - 已保存 50 条日志记录
2025-09-15 09:39:41,248 - INFO - 正在处理第 7 页: http://h2.china-nengyuan.com/news/index.php?gopage=7&
2025-09-15 09:39:41,862 - INFO - 第 7 页找到 8 条新闻
2025-09-15 09:39:42,155 - INFO - 已保存: 氢能项目在襄阳“零起点”起飞 (37219 bytes)
2025-09-15 09:39:43,608 - INFO - 已保存: 从“绿电”到“绿氢”，甘肃光伏制氢受关注 (37251 bytes)
2025-09-15 09:39:44,465 - INFO - 已保存: 泰州：“氢”装上阵 赋“能”前行 锻造高质量发展强劲引擎 (37246 bytes)
2025-09-15 09:39:45,528 - INFO - 已保存: 竖炉氢冶金交流座谈会在中冶京诚召开 (38298 bytes)
2025-09-15 09:39:46,910 - INFO - 已保存: 舜华新能源携手国创中心，共绘氢能产业新蓝图 (37974 bytes)
2025-09-15 09:39:48,297 - INFO - 已保存: 保定氢能环卫累计减排二氧化碳超3900余吨 (37223 bytes)
2025-09-15 09:39:49,221 - INFO - 已保存: 两部门：推动可再生能源制氢生产工艺智能寻优 (37688 bytes)
2025-09-15 09:39:51,049 - INFO - 已保存: 清洁氢能项目面临大规模取消 (37196 bytes)
2025-09-15 09:39:52,297 - INFO - 已保存 60 条日志记录
2025-09-15 09:39:53,974 - INFO - 正在处理第 8 页: http://h2.china-nengyuan.com/news/index.php?gopage=8&
2025-09-15 09:39:54,531 - INFO - 第 8 页找到 8 条新闻
2025-09-15 09:39:54,935 - INFO - 已保存: 哈密“氢”骑兵出征 首批氢能重卡驰骋煤海 (37262 bytes)
2025-09-15 09:39:56,177 - INFO - 已保存: 哈密：加速推进氢能产业应用 (37216 bytes)
2025-09-15 09:39:57,806 - INFO - 已保存: “银翼”转动“绿色”未来 (37284 bytes)
2025-09-15 09:39:59,285 - INFO - 已保存: 近期，成都一批重点项目签约 (37213 bytes)
2025-09-15 09:40:00,216 - INFO - 已保存: 国富氢能摩洛哥绿氢核心展示系统交付 关键装备启运 (38035 bytes)
2025-09-15 09:40:02,442 - INFO - 已保存: 西中岛：全力打造东北亚氢基能源中心，两个万吨级液体码头项目顺利完工 (37260 bytes)
2025-09-15 09:40:03,454 - INFO - 已保存: 5个绿色甲醇项目，3个绿氨项目，国家能源局开展绿色液体燃料技术攻关和产业化试点工作 (38741 bytes)
2025-09-15 09:40:05,795 - INFO - 已保存: 德龙汇能30亿元制氢项目落子仪征 (37205 bytes)
2025-09-15 09:40:07,016 - INFO - 已保存 70 条日志记录
2025-09-15 09:40:09,328 - INFO - 正在处理第 9 页: http://h2.china-nengyuan.com/news/index.php?gopage=9&
2025-09-15 09:40:09,911 - INFO - 第 9 页找到 8 条新闻
2025-09-15 09:40:10,331 - INFO - 已保存: 中电建山东电建三公司莅临博天环境座谈交流，共拓水处理与氢能产业新机遇 (38178 bytes)
2025-09-15 09:40:11,746 - INFO - 已保存: 津企“氢”力守护最美生态底色 上合峰会展现绿色交通中国方案 (37254 bytes)
2025-09-15 09:40:13,848 - INFO - 已保存: 绿氢重构石化化工行业的机遇与挑战 电价、碳价是决定性因素 (37227 bytes)
2025-09-15 09:40:15,916 - INFO - 已保存: 年产1万台（套） 德萨汽车氢燃料电池发动机生产基地项目落户济源高新区 (37234 bytes)
2025-09-15 09:40:17,585 - INFO - 已保存: 武汉理工氢电膜电极量产实现氢燃料电池核心零部件国产化 (37247 bytes)
2025-09-15 09:40:18,563 - INFO - 已保存: 包头氢能产业的“奇妙旅程” (37221 bytes)
2025-09-15 09:40:20,658 - INFO - 已保存: 五六集团4米2氢能源冷藏车上线 (37790 bytes)
2025-09-15 09:40:22,892 - INFO - 已保存: 总投资70亿元，新疆昊源化工光电制氢低碳一体化项目气化框架混凝土封顶 (38286 bytes)
2025-09-15 09:40:24,560 - INFO - 已保存 80 条日志记录
2025-09-15 09:40:26,201 - INFO - 爬取完成，共处理 80 条新闻，日志已保存到 /Users/joye/Desktop/MY_CODE/[Work]/Work_YX/9_11_Task1/中国氢能网/2025_News/logs/news_log.xlsx
2025-09-15 10:05:02,905 - ERROR - 获取代理失败: Cannot connect to host api.example.com:443 ssl:default [nodename nor servname provided, or not known]
2025-09-15 10:05:02,907 - INFO - 使用代理: 无代理
2025-09-15 10:05:03,439 - INFO - 正在处理第 0 页: http://h2.china-nengyuan.com/news/index.php?gopage=0&
2025-09-15 10:05:03,659 - INFO - 第 0 页找到 0 条新闻
2025-09-15 10:05:06,349 - INFO - 正在处理第 1 页: http://h2.china-nengyuan.com/news/index.php?gopage=1&
2025-09-15 10:05:06,399 - INFO - 第 1 页找到 0 条新闻
2025-09-15 10:05:07,741 - INFO - 正在处理第 2 页: http://h2.china-nengyuan.com/news/index.php?gopage=2&
2025-09-15 10:05:08,497 - INFO - 第 2 页找到 8 条新闻
2025-09-15 10:05:08,910 - INFO - 已保存: 成都市氢能产业链汇聚企业达105户 (37178 bytes)
2025-09-15 10:05:10,189 - INFO - 已保存: 喀什佛山绿氢对接会445亿项目加速落地 (37209 bytes)
2025-09-15 10:05:12,290 - INFO - 已保存: 总投资296亿元，全球体量最大，绿色氢氨醇一体化项目将在年内投产，助力吉林“中国北方氢谷”建设 (37253 bytes)
2025-09-15 10:05:13,657 - INFO - 已保存: 新赛道，“氢”云直上！ (37228 bytes)
2025-09-15 10:05:15,874 - INFO - 已保存: 总投资3248万元，年产高纯绿氢500吨，中能建兰州新区绿电制氢示范项目试生产 (37230 bytes)
2025-09-15 10:05:17,046 - INFO - 已保存: 国内首部《绿电制氢电站保险风险研究白皮书》发布 (37776 bytes)
2025-09-15 10:05:18,442 - INFO - 已保存: 戴姆勒完成22.5万公里试验：成本阻碍了氢燃料卡车的发展 (38681 bytes)
2025-09-15 10:05:19,953 - INFO - 已保存: 波兰联合法国推出氢燃料电池机器人军用车 (37203 bytes)
2025-09-15 10:05:24,096 - INFO - 爬取完成，共处理 8 条新闻，日志已保存到 /Users/joye/Desktop/MY_CODE/[Work]/Work_YX/9_11_Task1/中国氢能网/2025_News/logs/news_log.xlsx
2025-09-15 10:11:16,959 - ERROR - 获取代理失败: Cannot connect to host api.example.com:443 ssl:default [nodename nor servname provided, or not known]
2025-09-15 10:11:16,960 - INFO - 使用代理: 无代理
2025-09-15 10:11:17,450 - INFO - 正在处理第 0 页: http://h2.china-nengyuan.com/news/index.php?gopage=0&
2025-09-15 10:11:18,240 - INFO - 第 0 页找到 8 条新闻
2025-09-15 10:11:18,639 - INFO - 已保存: 日本北泽工业（KITZ）推出自主研发质子交换膜电解槽 (37221 bytes)
2025-09-15 10:11:21,025 - INFO - 已保存: 赤峰克什克腾工业园区召开15万吨/年绿色甲醇项目对接会 (37184 bytes)
2025-09-15 10:11:22,128 - INFO - 已保存: 阿法拉伐T系列助力全球最大单体绿氨装置高效制氢 (37575 bytes)
2025-09-15 10:11:24,239 - INFO - 已保存: 中能建松原氢能产业园（绿色氢氨醇一体化）项目二期可研通过评审 (37606 bytes)
2025-09-15 10:11:25,726 - INFO - 已保存: 3.6万吨/年绿氢，10万吨/年绿色合成氨，15万吨/年合成甲醇，阿勒泰福海县光储氢氨醇一体化项目开工 (37809 bytes)
2025-09-15 10:11:26,602 - INFO - 已保存: 首件吊装完成！中能建石家庄鹿泉区光伏制氢及氢能配套产业项目建设按下“加速键” (37514 bytes)
2025-09-15 10:11:27,525 - INFO - 已保存: 气田采出水成功制氢 东福研究院海水制氢技术应用领域不断拓展 (37233 bytes)
2025-09-15 10:11:28,885 - INFO - 已保存: 陕西省氢能产业链工作推进会在榆召开 (37176 bytes)
2025-09-15 10:11:31,484 - INFO - 正在处理第 1 页: http://h2.china-nengyuan.com/news/index.php?gopage=1&
2025-09-15 10:11:32,068 - INFO - 第 1 页找到 8 条新闻
2025-09-15 10:11:32,361 - INFO - 已保存: 国际能源署：低排放氢气项目面临阻力但仍将强劲增长 (37217 bytes)
2025-09-15 10:11:34,472 - INFO - 已保存: 氢能技术为零碳园区发展筑基 (37188 bytes)
2025-09-15 10:11:36,377 - INFO - 已保存: 纳米比亚拟筹集17亿美元打造非洲“绿氢枢纽” (37244 bytes)
2025-09-15 10:11:37,995 - INFO - 已保存: 10个氢能相关，上海市2025年度关键技术研发计划“新能源”项目立项 (37423 bytes)
2025-09-15 10:11:38,892 - INFO - 已保存: 国务院批复同意！成都市绿色氢能纳入试点 (37305 bytes)
2025-09-15 10:11:40,744 - INFO - 已保存: 番禺+1、海珠+1、白云+2！云韬加氢网络布局捷报频 (38783 bytes)
2025-09-15 10:11:41,809 - INFO - 已保存: 一辆很“氢”的车 (37152 bytes)
2025-09-15 10:11:42,899 - INFO - 已保存: 交通运输业能否“氢”装上阵？ (37232 bytes)
2025-09-15 10:11:43,933 - INFO - 已保存 10 条日志记录
2025-09-15 10:11:45,328 - INFO - 正在处理第 2 页: http://h2.china-nengyuan.com/news/index.php?gopage=2&
2025-09-15 10:11:45,914 - INFO - 第 2 页找到 8 条新闻
2025-09-15 10:11:46,222 - INFO - 已保存: 成都市氢能产业链汇聚企业达105户 (37179 bytes)
2025-09-15 10:11:47,975 - INFO - 已保存: 喀什佛山绿氢对接会445亿项目加速落地 (37209 bytes)
2025-09-15 10:11:50,083 - INFO - 已保存: 总投资296亿元，全球体量最大，绿色氢氨醇一体化项目将在年内投产，助力吉林“中国北方氢谷”建设 (37253 bytes)
2025-09-15 10:11:51,615 - INFO - 已保存: 新赛道，“氢”云直上！ (37228 bytes)
2025-09-15 10:11:53,882 - INFO - 已保存: 总投资3248万元，年产高纯绿氢500吨，中能建兰州新区绿电制氢示范项目试生产 (37230 bytes)
2025-09-15 10:11:55,499 - INFO - 已保存: 国内首部《绿电制氢电站保险风险研究白皮书》发布 (37776 bytes)
2025-09-15 10:11:57,771 - INFO - 已保存: 戴姆勒完成22.5万公里试验：成本阻碍了氢燃料卡车的发展 (38682 bytes)
2025-09-15 10:11:59,574 - INFO - 已保存: 波兰联合法国推出氢燃料电池机器人军用车 (37203 bytes)
2025-09-15 10:12:01,570 - INFO - 已保存 20 条日志记录
2025-09-15 10:12:04,324 - INFO - 爬取完成，共处理 24 条新闻，日志已保存到 /Users/joye/Desktop/MY_CODE/[Work]/Work_YX/9_11_Task1/中国氢能网/2025_News/logs/news_log.xlsx
2025-09-15 10:32:56,523 - ERROR - 获取代理失败: Cannot connect to host api.example.com:443 ssl:default [nodename nor servname provided, or not known]
2025-09-15 10:32:56,524 - INFO - 使用代理: 无代理
2025-09-15 10:32:56,992 - INFO - 正在处理第 0 页: http://h2.china-nengyuan.com/news/index.php?gopage=0&
2025-09-15 10:33:01,886 - INFO - 第 0 页找到 8 条新闻
2025-09-15 10:33:03,728 - INFO - 已保存: 日本北泽工业（KITZ）推出自主研发质子交换膜电解槽 (37210 bytes)
2025-09-15 10:33:06,830 - INFO - 已保存: 赤峰克什克腾工业园区召开15万吨/年绿色甲醇项目对接会 (37171 bytes)
2025-09-15 10:33:11,821 - INFO - 已保存: 阿法拉伐T系列助力全球最大单体绿氨装置高效制氢 (37574 bytes)
2025-09-15 10:33:15,513 - INFO - 已保存: 中能建松原氢能产业园（绿色氢氨醇一体化）项目二期可研通过评审 (37606 bytes)
2025-09-15 10:33:18,320 - INFO - 已保存: 3.6万吨/年绿氢，10万吨/年绿色合成氨，15万吨/年合成甲醇，阿勒泰福海县光储氢氨醇一体化项目开工 (37806 bytes)
2025-09-15 10:33:21,248 - INFO - 已保存: 首件吊装完成！中能建石家庄鹿泉区光伏制氢及氢能配套产业项目建设按下“加速键” (37514 bytes)
2025-09-15 10:33:24,048 - INFO - 已保存: 气田采出水成功制氢 东福研究院海水制氢技术应用领域不断拓展 (37220 bytes)
2025-09-15 10:33:29,686 - INFO - 已保存: 陕西省氢能产业链工作推进会在榆召开 (37163 bytes)
2025-09-15 10:33:32,681 - INFO - 正在处理第 1 页: http://h2.china-nengyuan.com/news/index.php?gopage=1&
2025-09-15 10:33:34,124 - INFO - 第 1 页找到 8 条新闻
2025-09-15 10:33:36,264 - INFO - 已保存: 国际能源署：低排放氢气项目面临阻力但仍将强劲增长 (37204 bytes)
2025-09-15 10:33:41,162 - INFO - 已保存: 氢能技术为零碳园区发展筑基 (37175 bytes)
2025-09-15 10:33:47,638 - INFO - 已保存: 纳米比亚拟筹集17亿美元打造非洲“绿氢枢纽” (37230 bytes)
2025-09-15 10:33:54,322 - INFO - 已保存: 10个氢能相关，上海市2025年度关键技术研发计划“新能源”项目立项 (37423 bytes)
2025-09-15 10:33:57,228 - INFO - 已保存: 国务院批复同意！成都市绿色氢能纳入试点 (37304 bytes)
2025-09-15 10:33:59,189 - INFO - 已保存: 番禺+1、海珠+1、白云+2！云韬加氢网络布局捷报频 (38782 bytes)
2025-09-15 10:34:02,533 - INFO - 已保存: 一辆很“氢”的车 (37153 bytes)
2025-09-15 10:34:04,623 - INFO - 已保存: 交通运输业能否“氢”装上阵？ (37221 bytes)
2025-09-15 10:34:06,418 - INFO - 已保存 10 条日志记录
2025-09-15 10:34:07,759 - INFO - 正在处理第 2 页: http://h2.china-nengyuan.com/news/index.php?gopage=2&
2025-09-15 10:34:09,341 - INFO - 第 2 页找到 8 条新闻
2025-09-15 10:34:13,781 - INFO - 已保存: 成都市氢能产业链汇聚企业达105户 (37165 bytes)
2025-09-15 10:34:19,515 - INFO - 已保存: 喀什佛山绿氢对接会445亿项目加速落地 (37195 bytes)
2025-09-15 10:34:51,305 - ERROR - 处理新闻链接时出错: Page.goto: Timeout 30000ms exceeded.
Call log:
  - navigating to "http://h2.china-nengyuan.com/news/233641.html", waiting until "domcontentloaded"

2025-09-15 10:34:54,891 - INFO - 已保存: 新赛道，“氢”云直上！ (37216 bytes)
2025-09-15 10:34:58,097 - INFO - 已保存: 总投资3248万元，年产高纯绿氢500吨，中能建兰州新区绿电制氢示范项目试生产 (37217 bytes)
2025-09-15 10:35:00,973 - INFO - 已保存: 国内首部《绿电制氢电站保险风险研究白皮书》发布 (37776 bytes)
2025-09-15 10:35:09,085 - INFO - 已保存: 戴姆勒完成22.5万公里试验：成本阻碍了氢燃料卡车的发展 (38685 bytes)
2025-09-15 10:35:15,895 - INFO - 已保存: 波兰联合法国推出氢燃料电池机器人军用车 (37190 bytes)
2025-09-15 10:35:17,168 - INFO - 已保存 20 条日志记录
2025-09-15 10:35:19,129 - INFO - 爬取完成，共处理 24 条新闻，日志已保存到 /Users/joye/Desktop/MY_CODE/[Work]/Work_YX/9_11_Task1/中国氢能网/2025_News/logs/news_log.xlsx
2025-09-15 14:31:46,757 - ERROR - 获取代理失败: Cannot connect to host api.example.com:443 ssl:default [nodename nor servname provided, or not known]
2025-09-15 14:31:46,759 - INFO - 使用代理: 无代理
2025-09-15 14:31:47,367 - INFO - 正在处理第 0 页: http://h2.china-nengyuan.com/news/index.php?gopage=0&
2025-09-15 14:31:50,910 - INFO - 第 0 页找到 8 条新闻
2025-09-15 14:31:54,835 - INFO - 已保存: 厚普固态储氢产品出海巴西，中国方案点亮南美绿色能源新场景 (38575 bytes)
2025-09-15 14:32:05,609 - INFO - 已保存: 全球首艘醇氢电动集散两用船“远醇001”吉水 (39807 bytes)
2025-09-15 14:32:08,876 - INFO - 已保存: 成都支持氢燃料电池商用车示范应用，开拓多元场景 (37973 bytes)
2025-09-15 14:32:10,650 - INFO - 已保存: 八部门：积极开展燃料电池汽车示范应用，有序推进氢能基础设施建设 (37227 bytes)
2025-09-15 14:32:13,818 - INFO - 已保存: 海德氢能完成新一轮战略融资，以先进科技加速全球绿氢发展 (39971 bytes)
2025-09-15 14:32:17,036 - INFO - 已保存: 日本北泽工业（KITZ）推出自主研发质子交换膜电解槽 (37221 bytes)
2025-09-15 14:32:23,866 - INFO - 已保存: 赤峰克什克腾工业园区召开15万吨/年绿色甲醇项目对接会 (37184 bytes)
2025-09-15 14:32:30,601 - INFO - 已保存: 阿法拉伐T系列助力全球最大单体绿氨装置高效制氢 (37576 bytes)
2025-09-15 14:32:33,495 - INFO - 爬取完成，共处理 8 条新闻，日志已保存到 /Users/joye/Desktop/MY_CODE/[Work]/Work_YX/9_11_Task1/中国氢能网/2025_News/logs/news_log.xlsx
2025-09-15 14:33:29,036 - ERROR - 获取代理失败: Cannot connect to host api.example.com:443 ssl:default [nodename nor servname provided, or not known]
2025-09-15 14:33:29,036 - INFO - 使用代理: 无代理
2025-09-15 14:33:29,548 - INFO - 正在处理第 0 页: http://h2.china-nengyuan.com/news/index.php?gopage=0&
2025-09-15 14:33:34,258 - INFO - 第 0 页找到 8 条新闻
2025-09-15 14:33:37,322 - INFO - 已保存: 厚普固态储氢产品出海巴西，中国方案点亮南美绿色能源新场景 (38574 bytes)
2025-09-15 14:33:40,117 - INFO - 已保存: 全球首艘醇氢电动集散两用船“远醇001”吉水 (39805 bytes)
2025-09-15 14:33:42,945 - INFO - 已保存: 成都支持氢燃料电池商用车示范应用，开拓多元场景 (37973 bytes)
2025-09-15 14:33:52,606 - INFO - 已保存: 八部门：积极开展燃料电池汽车示范应用，有序推进氢能基础设施建设 (37227 bytes)
2025-09-15 14:33:54,106 - INFO - 已保存: 海德氢能完成新一轮战略融资，以先进科技加速全球绿氢发展 (39972 bytes)
2025-09-15 14:33:58,224 - INFO - 已保存: 日本北泽工业（KITZ）推出自主研发质子交换膜电解槽 (37211 bytes)
2025-09-15 14:34:00,078 - INFO - 已保存: 赤峰克什克腾工业园区召开15万吨/年绿色甲醇项目对接会 (37172 bytes)
2025-09-15 14:34:03,906 - INFO - 已保存: 阿法拉伐T系列助力全球最大单体绿氨装置高效制氢 (37576 bytes)
2025-09-15 14:34:06,557 - INFO - 爬取完成，共处理 8 条新闻，日志已保存到 /Users/joye/Desktop/MY_CODE/[Work]/Work_YX/9_11_Task1/中国氢能网/2025_News/logs/news_log.xlsx
2025-09-15 14:39:19,353 - ERROR - 获取代理失败: Cannot connect to host api.example.com:443 ssl:default [nodename nor servname provided, or not known]
2025-09-15 14:39:19,354 - INFO - 使用代理: 无代理
2025-09-15 14:39:19,843 - INFO - 正在处理第 0 页: http://h2.china-nengyuan.com/news/index.php?gopage=0&
2025-09-15 14:39:21,777 - INFO - 第 0 页找到 8 条新闻
2025-09-15 14:39:22,206 - INFO - 已保存: 厚普固态储氢产品出海巴西，中国方案点亮南美绿色能源新场景 (38574 bytes)
2025-09-15 14:39:23,258 - INFO - 已保存: 全球首艘醇氢电动集散两用船“远醇001”吉水 (39805 bytes)
2025-09-15 14:39:25,483 - INFO - 已保存: 成都支持氢燃料电池商用车示范应用，开拓多元场景 (37973 bytes)
2025-09-15 14:39:28,882 - ERROR - 获取代理失败: Cannot connect to host api.example.com:443 ssl:default [nodename nor servname provided, or not known]
2025-09-15 14:39:28,882 - INFO - 使用代理: 无代理
2025-09-15 14:39:29,109 - INFO - 正在处理第 0 页: http://h2.china-nengyuan.com/news/index.php?gopage=0&
2025-09-15 14:39:29,668 - INFO - 第 0 页找到 8 条新闻
2025-09-15 14:39:30,053 - INFO - 已保存: 厚普固态储氢产品出海巴西，中国方案点亮南美绿色能源新场景 (38574 bytes)
2025-09-15 14:39:31,755 - INFO - 已保存: 全球首艘醇氢电动集散两用船“远醇001”吉水 (39805 bytes)
2025-09-15 14:39:33,932 - INFO - 已保存: 成都支持氢燃料电池商用车示范应用，开拓多元场景 (37973 bytes)
2025-09-15 14:39:35,984 - INFO - 已保存: 八部门：积极开展燃料电池汽车示范应用，有序推进氢能基础设施建设 (37228 bytes)
2025-09-15 14:39:37,384 - INFO - 已保存: 海德氢能完成新一轮战略融资，以先进科技加速全球绿氢发展 (39972 bytes)
2025-09-15 14:39:38,297 - INFO - 已保存: 日本北泽工业（KITZ）推出自主研发质子交换膜电解槽 (37211 bytes)
2025-09-15 14:39:40,028 - INFO - 已保存: 赤峰克什克腾工业园区召开15万吨/年绿色甲醇项目对接会 (37171 bytes)
2025-09-15 14:39:41,633 - INFO - 已保存: 阿法拉伐T系列助力全球最大单体绿氨装置高效制氢 (37575 bytes)
2025-09-15 14:39:44,456 - INFO - 爬取完成，共处理 8 条新闻，日志已保存到 /Users/joye/Desktop/MY_CODE/[Work]/Work_YX/9_11_Task1/中国氢能网/2025_News/logs/news_log.xlsx
2025-09-15 14:47:14,398 - ERROR - 获取代理失败: Cannot connect to host api.example.com:443 ssl:default [nodename nor servname provided, or not known]
2025-09-15 14:47:14,398 - INFO - 使用代理: 无代理
2025-09-15 14:47:14,940 - INFO - 正在处理第 0 页: http://h2.china-nengyuan.com/news/index.php?gopage=0&
2025-09-15 14:47:15,742 - INFO - 第 0 页找到 8 条新闻
2025-09-15 14:47:16,170 - INFO - 已保存: 厚普固态储氢产品出海巴西，中国方案点亮南美绿色能源新场景 (38574 bytes)
2025-09-15 14:47:18,038 - INFO - 已保存: 全球首艘醇氢电动集散两用船“远醇001”吉水 (39805 bytes)
2025-09-15 14:47:19,256 - INFO - 已保存: 成都支持氢燃料电池商用车示范应用，开拓多元场景 (37973 bytes)
2025-09-15 14:47:21,512 - INFO - 已保存: 八部门：积极开展燃料电池汽车示范应用，有序推进氢能基础设施建设 (37227 bytes)
2025-09-15 14:47:23,491 - INFO - 已保存: 海德氢能完成新一轮战略融资，以先进科技加速全球绿氢发展 (39971 bytes)
2025-09-15 14:47:24,530 - INFO - 已保存: 日本北泽工业（KITZ）推出自主研发质子交换膜电解槽 (37211 bytes)
2025-09-15 14:47:25,416 - INFO - 已保存: 赤峰克什克腾工业园区召开15万吨/年绿色甲醇项目对接会 (37172 bytes)
2025-09-15 14:47:27,414 - INFO - 已保存: 阿法拉伐T系列助力全球最大单体绿氨装置高效制氢 (37575 bytes)
2025-09-15 14:47:30,159 - INFO - 爬取完成，共处理 8 条新闻，日志已保存到 /Users/joye/Desktop/MY_CODE/[Work]/Work_YX/9_11_Task1/中国氢能网/2025_News/logs/news_log.xlsx
2025-09-15 14:57:00,902 - ERROR - 获取代理失败: Cannot connect to host api.example.com:443 ssl:default [nodename nor servname provided, or not known]
2025-09-15 14:57:00,903 - INFO - 使用代理: 无代理
2025-09-15 14:57:01,403 - INFO - 正在处理第 0 页: http://h2.china-nengyuan.com/news/index.php?gopage=0&
2025-09-15 14:57:05,320 - INFO - 第 0 页找到 8 条新闻
2025-09-15 14:57:05,639 - INFO - 已保存: 厚普固态储氢产品出海巴西，中国方案点亮南美绿色能源新场景 (38574 bytes)
2025-09-15 14:57:07,598 - INFO - 已保存: 全球首艘醇氢电动集散两用船“远醇001”吉水 (39805 bytes)
2025-09-15 14:57:09,392 - INFO - 已保存: 成都支持氢燃料电池商用车示范应用，开拓多元场景 (37973 bytes)
2025-09-15 14:57:10,251 - INFO - 已保存: 八部门：积极开展燃料电池汽车示范应用，有序推进氢能基础设施建设 (37228 bytes)
2025-09-15 14:57:11,408 - INFO - 已保存: 海德氢能完成新一轮战略融资，以先进科技加速全球绿氢发展 (39973 bytes)
2025-09-15 14:57:12,502 - INFO - 已保存: 日本北泽工业（KITZ）推出自主研发质子交换膜电解槽 (37211 bytes)
2025-09-15 14:57:14,017 - INFO - 已保存: 赤峰克什克腾工业园区召开15万吨/年绿色甲醇项目对接会 (37172 bytes)
2025-09-15 14:57:15,081 - INFO - 已保存: 阿法拉伐T系列助力全球最大单体绿氨装置高效制氢 (37575 bytes)
2025-09-15 14:57:18,925 - INFO - 爬取完成，共处理 8 条新闻，日志已保存到 /Users/joye/Desktop/MY_CODE/[Work]/Work_YX/9_11_Task1/中国氢能网/2025_News/logs/news_log.xlsx
2025-09-15 14:58:11,498 - ERROR - 获取代理失败: Cannot connect to host api.example.com:443 ssl:default [nodename nor servname provided, or not known]
2025-09-15 14:58:11,498 - INFO - 使用代理: 无代理
2025-09-15 14:58:11,976 - INFO - 正在处理第 0 页: http://h2.china-nengyuan.com/news/index.php?gopage=0&
2025-09-15 14:58:12,689 - INFO - 第 0 页找到 8 条新闻
2025-09-15 14:58:13,008 - INFO - 已保存: 厚普固态储氢产品出海巴西，中国方案点亮南美绿色能源新场景 (38574 bytes)
2025-09-15 14:58:15,234 - INFO - 已保存: 全球首艘醇氢电动集散两用船“远醇001”吉水 (39805 bytes)
2025-09-15 14:58:16,259 - INFO - 已保存: 成都支持氢燃料电池商用车示范应用，开拓多元场景 (37973 bytes)
2025-09-15 14:58:17,851 - INFO - 已保存: 八部门：积极开展燃料电池汽车示范应用，有序推进氢能基础设施建设 (37227 bytes)
2025-09-15 14:58:19,194 - INFO - 已保存: 海德氢能完成新一轮战略融资，以先进科技加速全球绿氢发展 (39973 bytes)
2025-09-15 14:58:20,484 - INFO - 已保存: 日本北泽工业（KITZ）推出自主研发质子交换膜电解槽 (37212 bytes)
2025-09-15 14:58:22,178 - INFO - 已保存: 赤峰克什克腾工业园区召开15万吨/年绿色甲醇项目对接会 (37171 bytes)
2025-09-15 14:58:23,400 - INFO - 已保存: 阿法拉伐T系列助力全球最大单体绿氨装置高效制氢 (37575 bytes)
2025-09-15 14:58:26,050 - INFO - 爬取完成，共处理 8 条新闻，日志已保存到 /Users/joye/Desktop/MY_CODE/[Work]/Work_YX/9_11_Task1/中国氢能网/2025_News/logs/news_log.xlsx
2025-09-15 15:00:20,231 - ERROR - 获取代理失败: Cannot connect to host api.example.com:443 ssl:default [nodename nor servname provided, or not known]
2025-09-15 15:00:20,231 - INFO - 使用代理: 无代理
2025-09-15 15:00:20,741 - INFO - 正在处理第 0 页: http://h2.china-nengyuan.com/news/index.php?gopage=0&
2025-09-15 15:00:21,506 - INFO - 第 0 页找到 8 条新闻
2025-09-15 15:00:22,067 - INFO - 已保存: 厚普固态储氢产品出海巴西，中国方案点亮南美绿色能源新场景 (38574 bytes)
2025-09-15 15:00:23,413 - INFO - 已保存: 全球首艘醇氢电动集散两用船“远醇001”吉水 (39805 bytes)
2025-09-15 15:00:24,312 - INFO - 已保存: 成都支持氢燃料电池商用车示范应用，开拓多元场景 (37973 bytes)
2025-09-15 15:00:26,137 - INFO - 已保存: 八部门：积极开展燃料电池汽车示范应用，有序推进氢能基础设施建设 (37227 bytes)
2025-09-15 15:00:27,990 - INFO - 已保存: 海德氢能完成新一轮战略融资，以先进科技加速全球绿氢发展 (39972 bytes)
2025-09-15 15:00:29,707 - ERROR - 处理新闻链接时出错: 'list' object has no attribute 'get_attribute'
2025-09-15 15:00:30,587 - ERROR - 处理新闻链接时出错: 'list' object has no attribute 'get_attribute'
2025-09-15 15:00:31,970 - INFO - 已保存: 阿法拉伐T系列助力全球最大单体绿氨装置高效制氢 (37576 bytes)
2025-09-15 15:00:35,786 - INFO - 爬取完成，共处理 8 条新闻，日志已保存到 /Users/joye/Desktop/MY_CODE/[Work]/Work_YX/9_11_Task1/中国氢能网/2025_News/logs/news_log.xlsx
2025-09-15 15:01:09,441 - ERROR - 获取代理失败: Cannot connect to host api.example.com:443 ssl:default [nodename nor servname provided, or not known]
2025-09-15 15:01:09,441 - INFO - 使用代理: 无代理
2025-09-15 15:01:09,969 - INFO - 正在处理第 0 页: http://h2.china-nengyuan.com/news/index.php?gopage=0&
2025-09-15 15:01:10,659 - INFO - 第 0 页找到 8 条新闻
2025-09-15 15:01:10,978 - INFO - 已保存: 厚普固态储氢产品出海巴西，中国方案点亮南美绿色能源新场景 (38574 bytes)
2025-09-15 15:01:11,998 - INFO - 已保存: 全球首艘醇氢电动集散两用船“远醇001”吉水 (39803 bytes)
2025-09-15 15:01:13,928 - INFO - 已保存: 成都支持氢燃料电池商用车示范应用，开拓多元场景 (37973 bytes)
2025-09-15 15:01:15,372 - INFO - 已保存: 八部门：积极开展燃料电池汽车示范应用，有序推进氢能基础设施建设 (37228 bytes)
2025-09-15 15:01:17,636 - INFO - 已保存: 海德氢能完成新一轮战略融资，以先进科技加速全球绿氢发展 (39973 bytes)
2025-09-15 15:01:18,673 - INFO - 已保存: 日本北泽工业（KITZ）推出自主研发质子交换膜电解槽 (37212 bytes)
2025-09-15 15:01:20,620 - INFO - 已保存: 赤峰克什克腾工业园区召开15万吨/年绿色甲醇项目对接会 (37172 bytes)
2025-09-15 15:01:22,758 - INFO - 已保存: 阿法拉伐T系列助力全球最大单体绿氨装置高效制氢 (37576 bytes)
2025-09-15 15:01:26,315 - INFO - 爬取完成，共处理 8 条新闻，日志已保存到 /Users/joye/Desktop/MY_CODE/[Work]/Work_YX/9_11_Task1/中国氢能网/2025_News/logs/news_log.xlsx
2025-09-15 15:03:03,432 - ERROR - 获取代理失败: Cannot connect to host api.example.com:443 ssl:default [nodename nor servname provided, or not known]
2025-09-15 15:03:03,433 - INFO - 使用代理: 无代理
2025-09-15 15:03:03,912 - INFO - 正在处理第 0 页: http://h2.china-nengyuan.com/news/index.php?gopage=0&
2025-09-15 15:03:09,087 - INFO - 第 0 页找到 8 条新闻
2025-09-15 15:03:10,673 - INFO - 已保存: 厚普固态储氢产品出海巴西，中国方案点亮南美绿色能源新场景 (38574 bytes)
2025-09-15 15:03:16,964 - INFO - 已保存: 全球首艘醇氢电动集散两用船“远醇001”吉水 (39805 bytes)
2025-09-15 15:03:21,056 - INFO - 已保存: 成都支持氢燃料电池商用车示范应用，开拓多元场景 (37973 bytes)
2025-09-15 15:03:31,987 - INFO - 已保存: 八部门：积极开展燃料电池汽车示范应用，有序推进氢能基础设施建设 (37227 bytes)
2025-09-15 15:03:36,205 - INFO - 已保存: 海德氢能完成新一轮战略融资，以先进科技加速全球绿氢发展 (39973 bytes)
2025-09-15 15:03:52,322 - INFO - 已保存: 日本北泽工业（KITZ）推出自主研发质子交换膜电解槽 (37212 bytes)
2025-09-15 15:03:55,098 - INFO - 已保存: 赤峰克什克腾工业园区召开15万吨/年绿色甲醇项目对接会 (37171 bytes)
2025-09-15 15:03:59,110 - INFO - 已保存: 阿法拉伐T系列助力全球最大单体绿氨装置高效制氢 (37575 bytes)
2025-09-15 15:04:01,060 - INFO - 爬取完成，共处理 8 条新闻，日志已保存到 /Users/joye/Desktop/MY_CODE/[Work]/Work_YX/9_11_Task1/中国氢能网/2025_News/logs/news_log.xlsx
2025-09-15 15:09:32,140 - ERROR - 获取代理失败: Cannot connect to host api.example.com:443 ssl:default [nodename nor servname provided, or not known]
2025-09-15 15:09:32,141 - INFO - 使用代理: 无代理
2025-09-15 15:09:32,668 - INFO - 正在处理第 0 页: http://h2.china-nengyuan.com/news/index.php?gopage=0&
2025-09-15 15:09:37,105 - INFO - 第 0 页找到 8 条新闻
2025-09-15 15:09:39,400 - ERROR - 处理新闻链接时出错: list index out of range
2025-09-15 15:09:41,079 - ERROR - 处理新闻链接时出错: list index out of range
2025-09-15 15:09:44,121 - ERROR - 处理新闻链接时出错: list index out of range
2025-09-15 15:10:34,079 - ERROR - 获取代理失败: Cannot connect to host api.example.com:443 ssl:default [nodename nor servname provided, or not known]
2025-09-15 15:10:34,080 - INFO - 使用代理: 无代理
2025-09-15 15:10:34,585 - INFO - 正在处理第 0 页: http://h2.china-nengyuan.com/news/index.php?gopage=0&
2025-09-15 15:10:35,540 - INFO - 第 0 页找到 8 条新闻
2025-09-15 15:10:35,844 - ERROR - 处理新闻链接时出错: list index out of range
2025-09-15 15:10:38,369 - ERROR - 获取代理失败: Cannot connect to host api.example.com:443 ssl:default [nodename nor servname provided, or not known]
2025-09-15 15:10:38,369 - INFO - 使用代理: 无代理
2025-09-15 15:10:38,566 - INFO - 正在处理第 0 页: http://h2.china-nengyuan.com/news/index.php?gopage=0&
2025-09-15 15:10:39,154 - INFO - 第 0 页找到 8 条新闻
2025-09-15 15:10:39,434 - ERROR - 处理新闻链接时出错: list index out of range
2025-09-15 15:10:41,295 - ERROR - 处理新闻链接时出错: list index out of range
2025-09-15 15:10:42,282 - ERROR - 处理新闻链接时出错: list index out of range
2025-09-15 15:10:44,147 - ERROR - 处理新闻链接时出错: list index out of range
2025-09-15 15:10:45,434 - ERROR - 处理新闻链接时出错: list index out of range
2025-09-15 15:10:47,849 - INFO - 已保存: 日本北泽工业（KITZ）推出自主研发质子交换膜电解槽 (37212 bytes)
2025-09-15 15:10:50,165 - INFO - 已保存: 赤峰克什克腾工业园区召开15万吨/年绿色甲醇项目对接会 (37171 bytes)
2025-09-15 15:10:51,154 - ERROR - 处理新闻链接时出错: list index out of range
2025-09-15 15:10:53,782 - ERROR - 获取代理失败: Cannot connect to host api.example.com:443 ssl:default [nodename nor servname provided, or not known]
2025-09-15 15:10:53,782 - INFO - 使用代理: 无代理
2025-09-15 15:10:54,015 - INFO - 正在处理第 0 页: http://h2.china-nengyuan.com/news/index.php?gopage=0&
2025-09-15 15:10:54,548 - INFO - 第 0 页找到 8 条新闻
2025-09-15 15:10:54,859 - ERROR - 处理新闻链接时出错: list index out of range
2025-09-15 15:10:55,896 - ERROR - 处理新闻链接时出错: list index out of range
2025-09-15 15:10:57,630 - ERROR - 处理新闻链接时出错: list index out of range
2025-09-15 15:10:59,580 - ERROR - 处理新闻链接时出错: list index out of range
2025-09-15 15:11:00,629 - ERROR - 处理新闻链接时出错: list index out of range
2025-09-15 15:11:02,920 - INFO - 已保存: 日本北泽工业（KITZ）推出自主研发质子交换膜电解槽 (37211 bytes)
2025-09-15 15:11:03,958 - INFO - 已保存: 赤峰克什克腾工业园区召开15万吨/年绿色甲醇项目对接会 (37171 bytes)
2025-09-15 15:11:06,101 - ERROR - 处理新闻链接时出错: list index out of range
2025-09-15 15:11:08,891 - INFO - 爬取完成，共处理 8 条新闻，日志已保存到 /Users/joye/Desktop/MY_CODE/[Work]/Work_YX/9_11_Task1/中国氢能网/2025_News/logs/news_log.xlsx
2025-09-15 15:11:20,559 - ERROR - 获取代理失败: Cannot connect to host api.example.com:443 ssl:default [nodename nor servname provided, or not known]
2025-09-15 15:11:20,559 - INFO - 使用代理: 无代理
2025-09-15 15:11:20,815 - INFO - 正在处理第 0 页: http://h2.china-nengyuan.com/news/index.php?gopage=0&
2025-09-15 15:11:21,622 - INFO - 第 0 页找到 8 条新闻
2025-09-15 15:11:21,925 - ERROR - 处理新闻链接时出错: list index out of range
2025-09-15 15:11:23,513 - ERROR - 处理新闻链接时出错: list index out of range
2025-09-15 15:11:24,483 - ERROR - 处理新闻链接时出错: list index out of range
2025-09-15 15:11:25,823 - ERROR - 处理新闻链接时出错: list index out of range
2025-09-15 15:11:26,644 - ERROR - 处理新闻链接时出错: list index out of range
2025-09-15 15:11:28,739 - INFO - 已保存: 日本北泽工业（KITZ）推出自主研发质子交换膜电解槽 (37211 bytes)
2025-09-15 15:11:30,355 - INFO - 已保存: 赤峰克什克腾工业园区召开15万吨/年绿色甲醇项目对接会 (37172 bytes)
2025-09-15 15:11:31,873 - ERROR - 处理新闻链接时出错: list index out of range
2025-09-15 15:11:35,722 - INFO - 爬取完成，共处理 8 条新闻，日志已保存到 /Users/joye/Desktop/MY_CODE/[Work]/Work_YX/9_11_Task1/中国氢能网/2025_News/logs/news_log.xlsx
2025-09-15 15:11:40,034 - ERROR - 获取代理失败: Cannot connect to host api.example.com:443 ssl:default [nodename nor servname provided, or not known]
2025-09-15 15:11:40,038 - INFO - 使用代理: 无代理
2025-09-15 15:11:40,246 - INFO - 正在处理第 0 页: http://h2.china-nengyuan.com/news/index.php?gopage=0&
2025-09-15 15:11:41,028 - INFO - 第 0 页找到 8 条新闻
2025-09-15 15:11:41,358 - INFO - 已保存: 厚普固态储氢产品出海巴西，中国方案点亮南美绿色能源新场景 (38574 bytes)
2025-09-15 15:11:42,780 - INFO - 已保存: 全球首艘醇氢电动集散两用船“远醇001”吉水 (39803 bytes)
2025-09-15 15:11:44,306 - INFO - 已保存: 成都支持氢燃料电池商用车示范应用，开拓多元场景 (37973 bytes)
2025-09-15 15:11:45,205 - INFO - 已保存: 八部门：积极开展燃料电池汽车示范应用，有序推进氢能基础设施建设 (37228 bytes)
2025-09-15 15:11:46,306 - INFO - 已保存: 海德氢能完成新一轮战略融资，以先进科技加速全球绿氢发展 (39973 bytes)
2025-09-15 15:11:47,313 - INFO - 已保存: 日本北泽工业（KITZ）推出自主研发质子交换膜电解槽 (37211 bytes)
2025-09-15 15:11:48,522 - INFO - 已保存: 赤峰克什克腾工业园区召开15万吨/年绿色甲醇项目对接会 (37171 bytes)
2025-09-15 15:11:49,526 - INFO - 已保存: 阿法拉伐T系列助力全球最大单体绿氨装置高效制氢 (37575 bytes)
2025-09-15 15:11:53,400 - INFO - 爬取完成，共处理 8 条新闻，日志已保存到 /Users/joye/Desktop/MY_CODE/[Work]/Work_YX/9_11_Task1/中国氢能网/2025_News/logs/news_log.xlsx
2025-09-15 15:13:31,321 - ERROR - 获取代理失败: Cannot connect to host api.example.com:443 ssl:default [nodename nor servname provided, or not known]
2025-09-15 15:13:31,321 - INFO - 使用代理: 无代理
2025-09-15 15:13:31,845 - INFO - 正在处理第 0 页: http://h2.china-nengyuan.com/news/index.php?gopage=0&
2025-09-15 15:13:32,907 - INFO - 第 0 页找到 8 条新闻
2025-09-15 15:13:33,249 - INFO - 已保存: 厚普固态储氢产品出海巴西，中国方案点亮南美绿色能源新场景 (38575 bytes)
2025-09-15 15:13:34,192 - INFO - 已保存: 全球首艘醇氢电动集散两用船“远醇001”吉水 (39803 bytes)
2025-09-15 15:13:35,494 - INFO - 已保存: 成都支持氢燃料电池商用车示范应用，开拓多元场景 (37973 bytes)
2025-09-15 15:13:36,617 - INFO - 已保存: 八部门：积极开展燃料电池汽车示范应用，有序推进氢能基础设施建设 (37228 bytes)
2025-09-15 15:13:38,296 - INFO - 已保存: 海德氢能完成新一轮战略融资，以先进科技加速全球绿氢发展 (39973 bytes)
2025-09-15 15:13:40,050 - INFO - 已保存: 日本北泽工业（KITZ）推出自主研发质子交换膜电解槽 (37212 bytes)
2025-09-15 15:13:41,916 - INFO - 已保存: 赤峰克什克腾工业园区召开15万吨/年绿色甲醇项目对接会 (37172 bytes)
2025-09-15 15:13:43,396 - INFO - 已保存: 阿法拉伐T系列助力全球最大单体绿氨装置高效制氢 (37575 bytes)
2025-09-15 15:13:46,666 - INFO - 爬取完成，共处理 8 条新闻，日志已保存到 /Users/joye/Desktop/MY_CODE/[Work]/Work_YX/9_11_Task1/中国氢能网/2025_News/logs/news_log.xlsx
2025-09-15 15:15:58,562 - ERROR - 获取代理失败: Cannot connect to host api.example.com:443 ssl:default [nodename nor servname provided, or not known]
2025-09-15 15:15:58,562 - INFO - 使用代理: 无代理
2025-09-15 15:15:59,073 - INFO - 正在处理第 0 页: http://h2.china-nengyuan.com/news/index.php?gopage=0&
2025-09-15 15:15:59,816 - INFO - 第 0 页找到 8 条新闻
2025-09-15 15:16:00,149 - INFO - 已保存: 厚普固态储氢产品出海巴西，中国方案点亮南美绿色能源新场景 (38574 bytes)
2025-09-15 15:16:01,507 - INFO - 已保存: 全球首艘醇氢电动集散两用船“远醇001”吉水 (39805 bytes)
2025-09-15 15:16:02,725 - INFO - 已保存: 成都支持氢燃料电池商用车示范应用，开拓多元场景 (37973 bytes)
2025-09-15 15:16:04,057 - INFO - 已保存: 八部门：积极开展燃料电池汽车示范应用，有序推进氢能基础设施建设 (37227 bytes)
2025-09-15 15:16:06,203 - INFO - 已保存: 海德氢能完成新一轮战略融资，以先进科技加速全球绿氢发展 (39973 bytes)
2025-09-15 15:16:08,454 - ERROR - 处理新闻链接时出错: 'list' object has no attribute 'get_attribute'
2025-09-15 15:16:09,722 - ERROR - 处理新闻链接时出错: 'list' object has no attribute 'get_attribute'
2025-09-15 15:16:11,329 - INFO - 已保存: 阿法拉伐T系列助力全球最大单体绿氨装置高效制氢 (37575 bytes)
2025-09-15 15:16:14,475 - INFO - 爬取完成，共处理 8 条新闻，日志已保存到 /Users/joye/Desktop/MY_CODE/[Work]/Work_YX/9_11_Task1/中国氢能网/2025_News/logs/news_log.xlsx
2025-09-15 15:16:35,313 - ERROR - 获取代理失败: Cannot connect to host api.example.com:443 ssl:default [nodename nor servname provided, or not known]
2025-09-15 15:16:35,313 - INFO - 使用代理: 无代理
2025-09-15 15:16:35,540 - INFO - 正在处理第 0 页: http://h2.china-nengyuan.com/news/index.php?gopage=0&
2025-09-15 15:16:36,217 - INFO - 第 0 页找到 8 条新闻
2025-09-15 15:16:36,576 - INFO - 已保存: 厚普固态储氢产品出海巴西，中国方案点亮南美绿色能源新场景 (38574 bytes)
2025-09-15 15:16:37,827 - INFO - 已保存: 全球首艘醇氢电动集散两用船“远醇001”吉水 (39805 bytes)
2025-09-15 15:16:40,171 - INFO - 已保存: 成都支持氢燃料电池商用车示范应用，开拓多元场景 (37973 bytes)
2025-09-15 15:16:41,881 - INFO - 已保存: 八部门：积极开展燃料电池汽车示范应用，有序推进氢能基础设施建设 (37227 bytes)
2025-09-15 15:16:43,037 - INFO - 已保存: 海德氢能完成新一轮战略融资，以先进科技加速全球绿氢发展 (39973 bytes)
2025-09-15 15:16:44,875 - INFO - 已保存: 日本北泽工业（KITZ）推出自主研发质子交换膜电解槽 (37212 bytes)
2025-09-15 15:16:46,314 - INFO - 已保存: 赤峰克什克腾工业园区召开15万吨/年绿色甲醇项目对接会 (37172 bytes)
2025-09-15 15:16:48,061 - INFO - 已保存: 阿法拉伐T系列助力全球最大单体绿氨装置高效制氢 (37576 bytes)
2025-09-15 15:16:49,981 - INFO - 爬取完成，共处理 8 条新闻，日志已保存到 /Users/joye/Desktop/MY_CODE/[Work]/Work_YX/9_11_Task1/中国氢能网/2025_News/logs/news_log.xlsx
2025-09-15 15:18:20,062 - ERROR - 获取代理失败: Cannot connect to host api.example.com:443 ssl:default [nodename nor servname provided, or not known]
2025-09-15 15:18:20,062 - INFO - 使用代理: 无代理
2025-09-15 15:18:20,575 - INFO - 正在处理第 0 页: http://h2.china-nengyuan.com/news/index.php?gopage=0&
2025-09-15 15:18:21,294 - INFO - 第 0 页找到 8 条新闻
2025-09-15 15:18:21,756 - INFO - 已保存: 厚普固态储氢产品出海巴西，中国方案点亮南美绿色能源新场景 (38575 bytes)
2025-09-15 15:18:23,703 - INFO - 已保存: 全球首艘醇氢电动集散两用船“远醇001”吉水 (39806 bytes)
2025-09-15 15:18:24,921 - INFO - 已保存: 成都支持氢燃料电池商用车示范应用，开拓多元场景 (37973 bytes)
2025-09-15 15:18:26,107 - INFO - 已保存: 八部门：积极开展燃料电池汽车示范应用，有序推进氢能基础设施建设 (37227 bytes)
2025-09-15 15:18:27,688 - INFO - 已保存: 海德氢能完成新一轮战略融资，以先进科技加速全球绿氢发展 (39973 bytes)
2025-09-15 15:18:28,944 - INFO - 已保存: 日本北泽工业（KITZ）推出自主研发质子交换膜电解槽 (37212 bytes)
2025-09-15 15:18:30,400 - INFO - 已保存: 赤峰克什克腾工业园区召开15万吨/年绿色甲醇项目对接会 (37171 bytes)
2025-09-15 15:18:32,807 - INFO - 已保存: 阿法拉伐T系列助力全球最大单体绿氨装置高效制氢 (37576 bytes)
2025-09-15 15:18:35,150 - INFO - 爬取完成，共处理 8 条新闻，日志已保存到 /Users/joye/Desktop/MY_CODE/[Work]/Work_YX/9_11_Task1/中国氢能网/2025_News/logs/news_log.xlsx
2025-09-15 15:22:27,934 - ERROR - 获取代理失败: Cannot connect to host api.example.com:443 ssl:default [nodename nor servname provided, or not known]
2025-09-15 15:22:27,934 - INFO - 使用代理: 无代理
2025-09-15 15:22:28,437 - INFO - 正在处理第 0 页: http://h2.china-nengyuan.com/news/index.php?gopage=0&
2025-09-15 15:22:30,537 - INFO - 第 0 页找到 8 条新闻
2025-09-15 15:22:31,440 - INFO - 已保存: 厚普固态储氢产品出海巴西，中国方案点亮南美绿色能源新场景 (38575 bytes)
2025-09-15 15:22:32,681 - INFO - 已保存: 全球首艘醇氢电动集散两用船“远醇001”吉水 (39805 bytes)
2025-09-15 15:22:36,541 - INFO - 已保存: 成都支持氢燃料电池商用车示范应用，开拓多元场景 (37973 bytes)
2025-09-15 15:22:39,158 - INFO - 已保存: 八部门：积极开展燃料电池汽车示范应用，有序推进氢能基础设施建设 (37227 bytes)
2025-09-15 15:22:42,174 - INFO - 已保存: 海德氢能完成新一轮战略融资，以先进科技加速全球绿氢发展 (39971 bytes)
2025-09-15 15:22:49,205 - INFO - 已保存: 日本北泽工业（KITZ）推出自主研发质子交换膜电解槽 (37212 bytes)
2025-09-15 15:22:51,948 - INFO - 已保存: 赤峰克什克腾工业园区召开15万吨/年绿色甲醇项目对接会 (37172 bytes)
2025-09-15 15:23:01,011 - INFO - 已保存: 阿法拉伐T系列助力全球最大单体绿氨装置高效制氢 (37575 bytes)
2025-09-15 15:23:03,602 - INFO - 爬取完成，共处理 8 条新闻，日志已保存到 /Users/joye/Desktop/MY_CODE/[Work]/Work_YX/9_11_Task1/中国氢能网/2025_News/logs/news_log.xlsx
2025-09-15 15:40:51,802 - ERROR - 获取代理失败: Cannot connect to host api.example.com:443 ssl:default [nodename nor servname provided, or not known]
2025-09-15 15:40:51,802 - INFO - 使用代理: 无代理
2025-09-15 15:40:52,332 - INFO - 正在处理第 0 页: http://h2.china-nengyuan.com/news/index.php?gopage=0&
2025-09-15 15:40:53,214 - INFO - 第 0 页找到 8 条新闻
2025-09-15 15:40:53,528 - INFO - 跳过已存在新闻: 厚普固态储氢产品出海巴西，中国方案点亮南美绿色能源新场景
2025-09-15 15:40:54,799 - INFO - 跳过已存在新闻: 全球首艘醇氢电动集散两用船“远醇001”吉水
2025-09-15 15:40:57,072 - INFO - 跳过已存在新闻: 成都支持氢燃料电池商用车示范应用，开拓多元场景
2025-09-15 15:40:58,467 - INFO - 跳过已存在新闻: 八部门：积极开展燃料电池汽车示范应用，有序推进氢能基础设施建设
2025-09-15 15:40:59,341 - INFO - 跳过已存在新闻: 海德氢能完成新一轮战略融资，以先进科技加速全球绿氢发展
2025-09-15 15:40:59,353 - INFO - 已保存 6 条日志记录
2025-09-15 15:41:00,335 - INFO - 跳过已存在新闻: 日本北泽工业（KITZ）推出自主研发质子交换膜电解槽
2025-09-15 15:41:01,574 - INFO - 跳过已存在新闻: 赤峰克什克腾工业园区召开15万吨/年绿色甲醇项目对接会
2025-09-15 15:41:02,775 - INFO - 跳过已存在新闻: 阿法拉伐T系列助力全球最大单体绿氨装置高效制氢
2025-09-15 15:41:06,507 - INFO - 正在处理第 1 页: http://h2.china-nengyuan.com/news/index.php?gopage=1&
2025-09-15 15:41:07,130 - INFO - 第 1 页找到 8 条新闻
2025-09-15 15:41:07,545 - INFO - 已保存: 中能建松原氢能产业园（绿色氢氨醇一体化）项目二期可研通过评审 (37606 bytes)
2025-09-15 15:41:09,102 - INFO - 已保存: 3.6万吨/年绿氢，10万吨/年绿色合成氨，15万吨/年合成甲醇，阿勒泰福海县光储氢氨醇一体化项目开工 (37807 bytes)
2025-09-15 15:41:09,108 - INFO - 已保存 11 条日志记录
2025-09-15 15:41:10,797 - INFO - 已保存: 首件吊装完成！中能建石家庄鹿泉区光伏制氢及氢能配套产业项目建设按下“加速键” (37514 bytes)
2025-09-15 15:41:11,739 - INFO - 已保存: 气田采出水成功制氢 东福研究院海水制氢技术应用领域不断拓展 (37221 bytes)
2025-09-15 15:41:12,967 - INFO - 已保存: 陕西省氢能产业链工作推进会在榆召开 (37164 bytes)
2025-09-15 15:41:14,941 - INFO - 已保存: 国际能源署：低排放氢气项目面临阻力但仍将强劲增长 (37204 bytes)
2025-09-15 15:41:16,461 - INFO - 已保存: 氢能技术为零碳园区发展筑基 (37175 bytes)
2025-09-15 15:41:16,468 - INFO - 已保存 16 条日志记录
2025-09-15 15:41:17,725 - INFO - 已保存: 纳米比亚拟筹集17亿美元打造非洲“绿氢枢纽” (37230 bytes)
2025-09-15 15:41:20,336 - INFO - 正在处理第 2 页: http://h2.china-nengyuan.com/news/index.php?gopage=2&
2025-09-15 15:41:20,875 - INFO - 第 2 页找到 8 条新闻
2025-09-15 15:41:21,172 - INFO - 已保存: 10个氢能相关，上海市2025年度关键技术研发计划“新能源”项目立项 (37423 bytes)
2025-09-15 15:41:23,057 - INFO - 已保存: 国务院批复同意！成都市绿色氢能纳入试点 (37304 bytes)
2025-09-15 15:41:25,084 - INFO - 已保存: 番禺+1、海珠+1、白云+2！云韬加氢网络布局捷报频 (38783 bytes)
2025-09-15 15:41:26,527 - INFO - 已保存: 一辆很“氢”的车 (37152 bytes)
2025-09-15 15:41:26,533 - INFO - 已保存 21 条日志记录
2025-09-15 15:41:27,588 - INFO - 已保存: 交通运输业能否“氢”装上阵？ (37222 bytes)
2025-09-15 15:41:28,673 - INFO - 已保存: 成都市氢能产业链汇聚企业达105户 (37166 bytes)
2025-09-15 15:41:30,744 - INFO - 已保存: 喀什佛山绿氢对接会445亿项目加速落地 (37195 bytes)
2025-09-15 15:41:32,853 - INFO - 已保存: 总投资296亿元，全球体量最大，绿色氢氨醇一体化项目将在年内投产，助力吉林“中国北方氢谷”建设 (37240 bytes)
2025-09-15 15:41:35,354 - INFO - 正在处理第 3 页: http://h2.china-nengyuan.com/news/index.php?gopage=3&
2025-09-15 15:41:35,913 - INFO - 第 3 页找到 8 条新闻
2025-09-15 15:41:36,197 - INFO - 已保存: 新赛道，“氢”云直上！ (37215 bytes)
2025-09-15 15:41:36,202 - INFO - 已保存 26 条日志记录
2025-09-15 15:41:38,309 - INFO - 已保存: 总投资3248万元，年产高纯绿氢500吨，中能建兰州新区绿电制氢示范项目试生产 (37217 bytes)
2025-09-15 15:41:39,527 - INFO - 已保存: 国内首部《绿电制氢电站保险风险研究白皮书》发布 (37776 bytes)
2025-09-15 15:41:40,579 - INFO - 已保存: 戴姆勒完成22.5万公里试验：成本阻碍了氢燃料卡车的发展 (38685 bytes)
2025-09-15 15:41:42,269 - INFO - 已保存: 波兰联合法国推出氢燃料电池机器人军用车 (37190 bytes)
2025-09-15 15:41:43,723 - INFO - 已保存: 旭阳集团乐亭园区5000Nm³/h氢能项目建成投产 (37658 bytes)
2025-09-15 15:41:43,729 - INFO - 已保存 31 条日志记录
2025-09-15 15:41:45,290 - INFO - 已保存: 加拿大科学家“氢”力助阵海南 推动全球氢能合作与创新 (37253 bytes)
2025-09-15 15:41:46,846 - INFO - 已保存: 最高1000万元，芜湖发布《关于加快推动氢能产业高质量发展的若干措施》(征求意见稿) (37044 bytes)
2025-09-15 15:41:50,166 - INFO - 正在处理第 4 页: http://h2.china-nengyuan.com/news/index.php?gopage=4&
2025-09-15 15:41:50,737 - INFO - 第 4 页找到 8 条新闻
2025-09-15 15:41:51,062 - INFO - 已保存: 氢燃料电池破冰，山东智造点亮地球极寒之境 (37229 bytes)
2025-09-15 15:41:52,184 - INFO - 已保存: 未势能源与巴西伊泰普科技园签署MOU，共拓拉美氢能市场 (38964 bytes)
2025-09-15 15:41:53,829 - INFO - 已保存: 爱德曼化德氢储能示范项目迎全国、自治区、市人大及化德县领导视察指导 (38697 bytes)
2025-09-15 15:41:53,838 - INFO - 已保存 36 条日志记录
2025-09-15 15:41:55,063 - INFO - 已保存: 全球氢能产业承诺投资500个项目超1100亿美元 (39254 bytes)
2025-09-15 15:41:56,849 - INFO - 已保存: 已建设超80%！全球最大的绿色氢工厂首次发布现场视频 (37764 bytes)
2025-09-15 15:41:58,926 - INFO - 已保存: 山西安装承建我国首座规模化绿色甲醇项目 (37224 bytes)
2025-09-15 15:42:01,165 - INFO - 已保存: 总投资约为189.2亿元 金风科技投建风电制氢氨醇项目 (38602 bytes)
2025-09-15 15:42:02,591 - INFO - 已保存: 卡涞科技推出Coleitec HyPVesselTM干法缠绕碳纤维70MPa IV型储氢瓶 (38500 bytes)
2025-09-15 15:42:02,599 - INFO - 已保存 41 条日志记录
2025-09-15 15:42:04,614 - INFO - 正在处理第 5 页: http://h2.china-nengyuan.com/news/index.php?gopage=5&
2025-09-15 15:42:05,187 - INFO - 第 5 页找到 8 条新闻
2025-09-15 15:42:05,483 - INFO - 已保存: 中汽中心新能源检验中心发布“氢能技术验证HyTA”项目 (37173 bytes)
2025-09-15 15:42:06,470 - INFO - 已保存: 国鸿氢能助力！成渝氢走廊首批氢能物流车鸣笛发车 (38066 bytes)
2025-09-15 15:42:08,335 - INFO - 已保存: 中新氢能携手南海联达聚焦综合能源站 布局氢能产业 (37767 bytes)
2025-09-15 15:42:10,047 - INFO - 已保存: 中国石油首个采出水制氢试验构建零排放生态闭环 (37219 bytes)
2025-09-15 15:42:11,532 - INFO - 已保存: 中国和波兰开发商在毛里塔尼亚宣布数十亿美元的绿色氢氨项目 (38672 bytes)
2025-09-15 15:42:11,539 - INFO - 已保存 46 条日志记录
2025-09-15 15:42:13,063 - INFO - 已保存: 研报：随着美国取消补贴，中国将主导绿色氢市场 (38483 bytes)
2025-09-15 15:42:15,348 - INFO - 已保存: 35MW！康明斯交付迄今规模最大PEM电解系统 (37244 bytes)
2025-09-15 15:42:17,467 - INFO - 已保存: 全球首艘氨燃料集装箱船开工 (37212 bytes)
2025-09-15 15:42:20,164 - INFO - 正在处理第 6 页: http://h2.china-nengyuan.com/news/index.php?gopage=6&
2025-09-15 15:42:20,894 - INFO - 第 6 页找到 8 条新闻
2025-09-15 15:42:21,239 - INFO - 已保存: 交通运输部水运科学研究院牵头发起共建绿氨燃料海运供应链倡议 (37171 bytes)
2025-09-15 15:42:22,585 - INFO - 已保存: 磁冷却支持高效氢液化：欧洲首个用于氢液化的磁热试验工厂启动 (38735 bytes)
2025-09-15 15:42:22,595 - INFO - 已保存 51 条日志记录
2025-09-15 15:42:23,568 - INFO - 已保存: 采用中国氢枫固态储氢技术！马来西亚将向新加坡出口首批绿色固态氢 (38767 bytes)
2025-09-15 15:42:25,106 - INFO - 已保存: 成渝高速氢走廊按下“加速键” 首座加氢站投运、首批定点物流发车 (37215 bytes)
2025-09-15 15:42:27,364 - INFO - 已保存: 江苏省氢能产业创新联盟成立 (37178 bytes)
2025-09-15 15:42:29,500 - INFO - 已保存: 重庆发布超80亿元机会清单 邀中外企业共建成渝高速氢走廊 (37217 bytes)
2025-09-15 15:42:31,456 - INFO - 已保存: 在标准化推进和差异化布局中曲折前进的氢能产业 (37218 bytes)
2025-09-15 15:42:31,464 - INFO - 已保存 56 条日志记录
2025-09-15 15:42:32,660 - INFO - 已保存: 氢能产业从政策红利期逐渐走向规模应用期 (37225 bytes)
2025-09-15 15:42:36,365 - INFO - 正在处理第 7 页: http://h2.china-nengyuan.com/news/index.php?gopage=7&
2025-09-15 15:42:36,939 - INFO - 第 7 页找到 8 条新闻
2025-09-15 15:42:37,253 - INFO - 已保存: 300台，庆铃汽车×云韬氢能签署整车战略合作协议 (38551 bytes)
2025-09-15 15:42:38,372 - INFO - 已保存: 威海临港区：氢能赛道开启“超车”模式 (37224 bytes)
2025-09-15 15:44:20,208 - ERROR - 获取代理失败: Cannot connect to host api.example.com:443 ssl:default [nodename nor servname provided, or not known]
2025-09-15 15:44:20,208 - INFO - 使用代理: 无代理
2025-09-15 15:44:20,697 - INFO - 正在处理第 0 页: http://h2.china-nengyuan.com/news/index.php?gopage=0&
2025-09-15 15:44:21,550 - INFO - 第 0 页找到 8 条新闻
2025-09-15 15:44:21,899 - INFO - 已保存: 厚普固态储氢产品出海巴西，中国方案点亮南美绿色能源新场景 (38575 bytes)
2025-09-15 15:44:23,838 - INFO - 已保存: 全球首艘醇氢电动集散两用船“远醇001”吉水 (39803 bytes)
2025-09-15 15:44:25,463 - INFO - 已保存: 成都支持氢燃料电池商用车示范应用，开拓多元场景 (37973 bytes)
2025-09-15 15:44:26,801 - INFO - 已保存: 八部门：积极开展燃料电池汽车示范应用，有序推进氢能基础设施建设 (37226 bytes)
2025-09-15 15:44:28,653 - INFO - 已保存: 海德氢能完成新一轮战略融资，以先进科技加速全球绿氢发展 (39973 bytes)
2025-09-15 15:44:29,649 - INFO - 已保存: 日本北泽工业（KITZ）推出自主研发质子交换膜电解槽 (37211 bytes)
2025-09-15 15:44:31,741 - INFO - 已保存: 赤峰克什克腾工业园区召开15万吨/年绿色甲醇项目对接会 (37172 bytes)
2025-09-15 15:44:33,323 - INFO - 已保存: 阿法拉伐T系列助力全球最大单体绿氨装置高效制氢 (37575 bytes)
2025-09-15 15:44:33,401 - INFO - 已保存 8 条日志记录
2025-09-15 15:44:36,820 - INFO - 正在处理第 1 页: http://h2.china-nengyuan.com/news/index.php?gopage=1&
2025-09-15 15:44:37,495 - INFO - 第 1 页找到 8 条新闻
2025-09-15 15:44:37,801 - INFO - 已保存: 中能建松原氢能产业园（绿色氢氨醇一体化）项目二期可研通过评审 (37606 bytes)
2025-09-15 15:44:39,659 - INFO - 已保存: 3.6万吨/年绿氢，10万吨/年绿色合成氨，15万吨/年合成甲醇，阿勒泰福海县光储氢氨醇一体化项目开工 (37806 bytes)
2025-09-15 15:44:41,207 - INFO - 已保存: 首件吊装完成！中能建石家庄鹿泉区光伏制氢及氢能配套产业项目建设按下“加速键” (37514 bytes)
2025-09-15 15:44:43,072 - INFO - 已保存: 气田采出水成功制氢 东福研究院海水制氢技术应用领域不断拓展 (37221 bytes)
2025-09-15 15:44:44,478 - INFO - 已保存: 陕西省氢能产业链工作推进会在榆召开 (37164 bytes)
2025-09-15 15:44:46,538 - INFO - 已保存: 国际能源署：低排放氢气项目面临阻力但仍将强劲增长 (37205 bytes)
2025-09-15 15:44:47,677 - INFO - 已保存: 氢能技术为零碳园区发展筑基 (37175 bytes)
2025-09-15 15:44:49,713 - INFO - 已保存: 纳米比亚拟筹集17亿美元打造非洲“绿氢枢纽” (37231 bytes)
2025-09-15 15:44:49,719 - INFO - 已保存 16 条日志记录
2025-09-15 15:44:53,621 - INFO - 正在处理第 2 页: http://h2.china-nengyuan.com/news/index.php?gopage=2&
2025-09-15 15:44:54,279 - INFO - 第 2 页找到 8 条新闻
2025-09-15 15:44:54,593 - INFO - 已保存: 10个氢能相关，上海市2025年度关键技术研发计划“新能源”项目立项 (37423 bytes)
2025-09-15 15:44:56,437 - INFO - 已保存: 国务院批复同意！成都市绿色氢能纳入试点 (37304 bytes)
2025-09-15 15:44:57,645 - INFO - 已保存: 番禺+1、海珠+1、白云+2！云韬加氢网络布局捷报频 (38782 bytes)
2025-09-15 15:44:59,767 - INFO - 已保存: 一辆很“氢”的车 (37153 bytes)
2025-09-15 15:45:01,269 - INFO - 已保存: 交通运输业能否“氢”装上阵？ (37221 bytes)
2025-09-15 15:45:02,149 - INFO - 已保存: 成都市氢能产业链汇聚企业达105户 (37165 bytes)
2025-09-15 15:45:04,037 - INFO - 已保存: 喀什佛山绿氢对接会445亿项目加速落地 (37195 bytes)
2025-09-15 15:45:05,580 - INFO - 已保存: 总投资296亿元，全球体量最大，绿色氢氨醇一体化项目将在年内投产，助力吉林“中国北方氢谷”建设 (37240 bytes)
2025-09-15 15:45:05,586 - INFO - 已保存 24 条日志记录
2025-09-15 15:45:10,141 - INFO - 已保存 24 条日志记录
2025-09-15 15:45:10,141 - INFO - 爬取完成: 新增 24 条, 已存在 0 条, 错误 0 条
2025-09-15 15:48:13,531 - ERROR - 获取代理失败: Cannot connect to host api.example.com:443 ssl:default [nodename nor servname provided, or not known]
2025-09-15 15:48:13,531 - INFO - 使用代理: 无代理
2025-09-15 15:48:14,036 - INFO - 正在处理第 0 页: http://h2.china-nengyuan.com/news/index.php?gopage=0&
2025-09-15 15:48:14,815 - INFO - 第 0 页找到 8 条新闻
2025-09-15 15:48:15,181 - INFO - 已保存: 厚普固态储氢产品出海巴西，中国方案点亮南美绿色能源新场景 (38574 bytes)
2025-09-15 15:48:16,642 - INFO - 已保存: 全球首艘醇氢电动集散两用船“远醇001”吉水 (39806 bytes)
2025-09-15 15:48:17,684 - INFO - 已保存: 成都支持氢燃料电池商用车示范应用，开拓多元场景 (37973 bytes)
2025-09-15 15:48:19,217 - INFO - 已保存: 八部门：积极开展燃料电池汽车示范应用，有序推进氢能基础设施建设 (37226 bytes)
2025-09-15 15:48:20,823 - INFO - 已保存: 海德氢能完成新一轮战略融资，以先进科技加速全球绿氢发展 (39971 bytes)
2025-09-15 15:48:21,901 - INFO - 已保存: 日本北泽工业（KITZ）推出自主研发质子交换膜电解槽 (37211 bytes)
2025-09-15 15:48:22,901 - INFO - 已保存: 赤峰克什克腾工业园区召开15万吨/年绿色甲醇项目对接会 (37171 bytes)
2025-09-15 15:48:25,205 - INFO - 已保存: 阿法拉伐T系列助力全球最大单体绿氨装置高效制氢 (37575 bytes)
2025-09-15 15:48:25,280 - INFO - 已保存 8 条日志记录
2025-09-15 15:48:27,388 - INFO - 正在处理第 1 页: http://h2.china-nengyuan.com/news/index.php?gopage=1&
2025-09-15 15:48:28,184 - INFO - 第 1 页找到 8 条新闻
2025-09-15 15:48:28,461 - INFO - 已保存: 中能建松原氢能产业园（绿色氢氨醇一体化）项目二期可研通过评审 (37606 bytes)
2025-09-15 15:48:30,263 - INFO - 已保存: 3.6万吨/年绿氢，10万吨/年绿色合成氨，15万吨/年合成甲醇，阿勒泰福海县光储氢氨醇一体化项目开工 (37807 bytes)
2025-09-15 15:48:32,336 - INFO - 已保存: 首件吊装完成！中能建石家庄鹿泉区光伏制氢及氢能配套产业项目建设按下“加速键” (37514 bytes)
2025-09-15 15:48:33,594 - INFO - 已保存: 气田采出水成功制氢 东福研究院海水制氢技术应用领域不断拓展 (37221 bytes)
2025-09-15 15:48:34,668 - INFO - 已保存: 陕西省氢能产业链工作推进会在榆召开 (37163 bytes)
2025-09-15 15:48:36,919 - INFO - 已保存: 国际能源署：低排放氢气项目面临阻力但仍将强劲增长 (37205 bytes)
2025-09-15 15:48:38,277 - INFO - 已保存: 氢能技术为零碳园区发展筑基 (37176 bytes)
2025-09-15 15:48:40,228 - INFO - 已保存: 纳米比亚拟筹集17亿美元打造非洲“绿氢枢纽” (37231 bytes)
2025-09-15 15:48:40,234 - INFO - 已保存 16 条日志记录
2025-09-15 15:48:42,951 - INFO - 正在处理第 2 页: http://h2.china-nengyuan.com/news/index.php?gopage=2&
2025-09-15 15:48:43,542 - INFO - 第 2 页找到 8 条新闻
2025-09-15 15:48:43,886 - INFO - 已保存: 10个氢能相关，上海市2025年度关键技术研发计划“新能源”项目立项 (37423 bytes)
2025-09-15 15:48:45,282 - INFO - 已保存: 国务院批复同意！成都市绿色氢能纳入试点 (37305 bytes)
2025-09-15 15:48:46,673 - INFO - 已保存: 番禺+1、海珠+1、白云+2！云韬加氢网络布局捷报频 (38782 bytes)
2025-09-15 15:48:48,129 - INFO - 已保存: 一辆很“氢”的车 (37152 bytes)
2025-09-15 15:48:50,363 - INFO - 已保存: 交通运输业能否“氢”装上阵？ (37222 bytes)
2025-09-15 15:48:51,787 - INFO - 已保存: 成都市氢能产业链汇聚企业达105户 (37165 bytes)
2025-09-15 15:48:52,805 - INFO - 已保存: 喀什佛山绿氢对接会445亿项目加速落地 (37196 bytes)
2025-09-15 15:48:55,030 - INFO - 已保存: 总投资296亿元，全球体量最大，绿色氢氨醇一体化项目将在年内投产，助力吉林“中国北方氢谷”建设 (37240 bytes)
2025-09-15 15:48:55,036 - INFO - 已保存 24 条日志记录
2025-09-15 15:48:59,428 - INFO - 已保存 24 条日志记录
2025-09-15 15:48:59,428 - INFO - 爬取完成: 新增 24 条, 已存在 0 条, 错误 0 条
2025-09-15 15:50:56,380 - ERROR - 获取代理失败: Cannot connect to host api.example.com:443 ssl:default [nodename nor servname provided, or not known]
2025-09-15 15:50:56,380 - INFO - 使用代理: 无代理
2025-09-15 15:50:56,885 - INFO - 正在处理第 0 页: http://h2.china-nengyuan.com/news/index.php?gopage=0&
2025-09-15 15:50:57,636 - INFO - 第 0 页找到 8 条新闻
2025-09-15 15:50:57,942 - INFO - 跳过已存在新闻: 厚普固态储氢产品出海巴西，中国方案点亮南美绿色能源新场景
2025-09-15 15:50:59,980 - INFO - 跳过已存在新闻: 全球首艘醇氢电动集散两用船“远醇001”吉水
2025-09-15 15:51:01,443 - INFO - 跳过已存在新闻: 成都支持氢燃料电池商用车示范应用，开拓多元场景
2025-09-15 15:51:02,539 - INFO - 跳过已存在新闻: 八部门：积极开展燃料电池汽车示范应用，有序推进氢能基础设施建设
2025-09-15 15:51:04,007 - INFO - 跳过已存在新闻: 海德氢能完成新一轮战略融资，以先进科技加速全球绿氢发展
2025-09-15 15:51:06,156 - INFO - 跳过已存在新闻: 日本北泽工业（KITZ）推出自主研发质子交换膜电解槽
2025-09-15 15:51:08,340 - INFO - 跳过已存在新闻: 赤峰克什克腾工业园区召开15万吨/年绿色甲醇项目对接会
2025-09-15 15:51:09,983 - INFO - 跳过已存在新闻: 阿法拉伐T系列助力全球最大单体绿氨装置高效制氢
2025-09-15 15:51:09,996 - INFO - 已保存 24 条日志记录
2025-09-15 15:51:12,310 - INFO - 正在处理第 1 页: http://h2.china-nengyuan.com/news/index.php?gopage=1&
2025-09-15 15:51:12,922 - INFO - 第 1 页找到 8 条新闻
2025-09-15 15:51:13,325 - INFO - 跳过已存在新闻: 中能建松原氢能产业园（绿色氢氨醇一体化）项目二期可研通过评审
2025-09-15 15:51:15,090 - INFO - 跳过已存在新闻: 3.6万吨/年绿氢，10万吨/年绿色合成氨，15万吨/年合成甲醇，阿勒泰福海县光储氢氨醇一体化项目开工
2025-09-15 15:51:16,510 - INFO - 跳过已存在新闻: 首件吊装完成！中能建石家庄鹿泉区光伏制氢及氢能配套产业项目建设按下“加速键”
2025-09-15 15:51:18,297 - INFO - 跳过已存在新闻: 气田采出水成功制氢 东福研究院海水制氢技术应用领域不断拓展
2025-09-15 15:51:19,663 - INFO - 跳过已存在新闻: 陕西省氢能产业链工作推进会在榆召开
2025-09-15 15:51:20,634 - INFO - 跳过已存在新闻: 国际能源署：低排放氢气项目面临阻力但仍将强劲增长
2025-09-15 15:51:22,466 - INFO - 跳过已存在新闻: 氢能技术为零碳园区发展筑基
2025-09-15 15:51:24,366 - INFO - 跳过已存在新闻: 纳米比亚拟筹集17亿美元打造非洲“绿氢枢纽”
2025-09-15 15:51:24,372 - INFO - 已保存 24 条日志记录
2025-09-15 15:51:25,514 - INFO - 第 1 页没有新数据，停止爬取
2025-09-15 15:51:28,471 - INFO - 检测到无新数据，提前停止爬取
2025-09-15 15:51:28,486 - INFO - 已保存 24 条日志记录
2025-09-15 15:51:28,486 - INFO - 爬取完成: 新增 0 条, 已存在 16 条, 错误 0 条
2025-09-15 16:05:35,373 - INFO - 创建新日志文件
2025-09-15 16:05:35,568 - ERROR - 获取代理失败: Cannot connect to host api.example.com:443 ssl:default [nodename nor servname provided, or not known]
2025-09-15 16:05:35,568 - INFO - 使用代理: 无代理
2025-09-15 16:05:36,071 - INFO - 正在处理第 0 页: http://h2.china-nengyuan.com/news/index.php?gopage=0&
2025-09-15 16:05:36,968 - INFO - 第 0 页找到 8 条新闻
2025-09-15 16:05:37,414 - INFO - 已保存: 厚普固态储氢产品出海巴西，中国方案点亮南美绿色能源新场景 (38575 bytes)
2025-09-15 16:05:39,357 - INFO - 已保存: 全球首艘醇氢电动集散两用船“远醇001”吉水 (39803 bytes)
2025-09-15 16:05:41,400 - INFO - 已保存: 成都支持氢燃料电池商用车示范应用，开拓多元场景 (37973 bytes)
2025-09-15 16:05:42,357 - INFO - 已保存: 八部门：积极开展燃料电池汽车示范应用，有序推进氢能基础设施建设 (37226 bytes)
2025-09-15 16:05:44,384 - INFO - 已保存: 海德氢能完成新一轮战略融资，以先进科技加速全球绿氢发展 (39972 bytes)
2025-09-15 16:05:44,501 - INFO - 已保存 5 条日志记录
2025-09-15 16:05:45,822 - INFO - 已保存: 日本北泽工业（KITZ）推出自主研发质子交换膜电解槽 (37212 bytes)
2025-09-15 16:05:46,871 - INFO - 已保存: 赤峰克什克腾工业园区召开15万吨/年绿色甲醇项目对接会 (37171 bytes)
2025-09-15 16:05:48,258 - INFO - 已保存: 阿法拉伐T系列助力全球最大单体绿氨装置高效制氢 (37574 bytes)
2025-09-15 16:05:52,893 - INFO - 已保存 8 条日志记录
2025-09-15 16:05:52,894 - INFO - 爬取完成: 新增 8 条新闻, 跳过 0 条已存在新闻
2025-09-15 16:05:52,894 - INFO - 日志已保存到 /Users/joye/Desktop/MY_CODE/[Work]/Work_YX/9_11_Task1/中国氢能网/2025_News/logs/news_log.xlsx
2025-09-15 16:06:40,831 - INFO - 加载现有日志，共 8 条记录
2025-09-15 16:06:40,847 - ERROR - 获取代理失败: Cannot connect to host api.example.com:443 ssl:default [nodename nor servname provided, or not known]
2025-09-15 16:06:40,847 - INFO - 使用代理: 无代理
2025-09-15 16:06:41,368 - INFO - 正在处理第 0 页: http://h2.china-nengyuan.com/news/index.php?gopage=0&
2025-09-15 16:06:42,146 - INFO - 第 0 页找到 8 条新闻
2025-09-15 16:06:42,152 - INFO - 跳过已存在新闻: http://h2.china-nengyuan.com/news/233788.html
2025-09-15 16:06:43,577 - INFO - 跳过已存在新闻: http://h2.china-nengyuan.com/news/233787.html
2025-09-15 16:06:45,279 - INFO - 跳过已存在新闻: http://h2.china-nengyuan.com/news/233786.html
2025-09-15 16:06:46,893 - INFO - 跳过已存在新闻: http://h2.china-nengyuan.com/news/233782.html
2025-09-15 16:06:47,680 - INFO - 跳过已存在新闻: http://h2.china-nengyuan.com/news/233779.html
2025-09-15 16:06:49,192 - INFO - 跳过已存在新闻: http://h2.china-nengyuan.com/news/233744.html
2025-09-15 16:06:50,639 - INFO - 跳过已存在新闻: http://h2.china-nengyuan.com/news/233742.html
2025-09-15 16:06:52,200 - INFO - 跳过已存在新闻: http://h2.china-nengyuan.com/news/233740.html
2025-09-15 16:06:55,487 - INFO - 已保存 8 条日志记录
2025-09-15 16:06:55,487 - INFO - 爬取完成: 新增 0 条新闻, 跳过 8 条已存在新闻
2025-09-15 16:06:55,487 - INFO - 日志已保存到 /Users/joye/Desktop/MY_CODE/[Work]/Work_YX/9_11_Task1/中国氢能网/2025_News/logs/news_log.xlsx
2025-09-15 16:07:22,588 - INFO - 加载现有日志，共 8 条记录
2025-09-15 16:07:22,605 - ERROR - 获取代理失败: Cannot connect to host api.example.com:443 ssl:default [nodename nor servname provided, or not known]
2025-09-15 16:07:22,605 - INFO - 使用代理: 无代理
2025-09-15 16:07:23,101 - INFO - 正在处理第 0 页: http://h2.china-nengyuan.com/news/index.php?gopage=0&
2025-09-15 16:07:23,912 - INFO - 第 0 页找到 8 条新闻
2025-09-15 16:07:23,919 - INFO - 跳过已存在新闻: http://h2.china-nengyuan.com/news/233788.html
2025-09-15 16:07:25,451 - INFO - 跳过已存在新闻: http://h2.china-nengyuan.com/news/233787.html
2025-09-15 16:07:27,423 - INFO - 跳过已存在新闻: http://h2.china-nengyuan.com/news/233786.html
2025-09-15 16:07:27,942 - INFO - 跳过已存在新闻: http://h2.china-nengyuan.com/news/233782.html
2025-09-15 16:07:29,529 - INFO - 跳过已存在新闻: http://h2.china-nengyuan.com/news/233779.html
2025-09-15 16:07:31,213 - INFO - 跳过已存在新闻: http://h2.china-nengyuan.com/news/233744.html
2025-09-15 16:07:32,463 - INFO - 跳过已存在新闻: http://h2.china-nengyuan.com/news/233742.html
2025-09-15 16:07:33,404 - INFO - 跳过已存在新闻: http://h2.china-nengyuan.com/news/233740.html
2025-09-15 16:07:35,728 - INFO - 正在处理第 1 页: http://h2.china-nengyuan.com/news/index.php?gopage=1&
2025-09-15 16:07:36,447 - INFO - 第 1 页找到 8 条新闻
2025-09-15 16:07:36,874 - INFO - 已保存: 中能建松原氢能产业园（绿色氢氨醇一体化）项目二期可研通过评审 (37606 bytes)
2025-09-15 16:07:38,642 - INFO - 已保存: 3.6万吨/年绿氢，10万吨/年绿色合成氨，15万吨/年合成甲醇，阿勒泰福海县光储氢氨醇一体化项目开工 (37807 bytes)
2025-09-15 16:07:40,343 - INFO - 已保存: 首件吊装完成！中能建石家庄鹿泉区光伏制氢及氢能配套产业项目建设按下“加速键” (37514 bytes)
2025-09-15 16:07:41,355 - INFO - 已保存: 气田采出水成功制氢 东福研究院海水制氢技术应用领域不断拓展 (37220 bytes)
2025-09-15 16:07:43,737 - INFO - 已保存: 陕西省氢能产业链工作推进会在榆召开 (37163 bytes)
2025-09-15 16:07:43,746 - INFO - 已保存 13 条日志记录
2025-09-15 16:07:45,082 - INFO - 已保存: 国际能源署：低排放氢气项目面临阻力但仍将强劲增长 (37205 bytes)
2025-09-15 16:07:46,502 - INFO - 已保存: 氢能技术为零碳园区发展筑基 (37176 bytes)
2025-09-15 16:07:47,950 - INFO - 已保存: 纳米比亚拟筹集17亿美元打造非洲“绿氢枢纽” (37231 bytes)
2025-09-15 16:07:52,665 - INFO - 正在处理第 2 页: http://h2.china-nengyuan.com/news/index.php?gopage=2&
2025-09-15 16:07:53,295 - INFO - 第 2 页找到 8 条新闻
2025-09-15 16:07:53,666 - INFO - 已保存: 10个氢能相关，上海市2025年度关键技术研发计划“新能源”项目立项 (37424 bytes)
2025-09-15 16:07:55,932 - INFO - 已保存: 国务院批复同意！成都市绿色氢能纳入试点 (37305 bytes)
2025-09-15 16:07:55,938 - INFO - 已保存 18 条日志记录
2025-09-15 16:07:57,391 - INFO - 已保存: 番禺+1、海珠+1、白云+2！云韬加氢网络布局捷报频 (38782 bytes)
2025-09-15 16:07:58,742 - INFO - 已保存: 一辆很“氢”的车 (37152 bytes)
2025-09-15 16:08:01,064 - INFO - 已保存: 交通运输业能否“氢”装上阵？ (37221 bytes)
2025-09-15 16:08:03,277 - INFO - 已保存: 成都市氢能产业链汇聚企业达105户 (37165 bytes)
2025-09-15 16:08:05,267 - INFO - 已保存: 喀什佛山绿氢对接会445亿项目加速落地 (37195 bytes)
2025-09-15 16:08:05,273 - INFO - 已保存 23 条日志记录
2025-09-15 16:08:06,821 - INFO - 已保存: 总投资296亿元，全球体量最大，绿色氢氨醇一体化项目将在年内投产，助力吉林“中国北方氢谷”建设 (37240 bytes)
2025-09-15 16:08:10,228 - INFO - 已保存 24 条日志记录
2025-09-15 16:08:10,228 - INFO - 爬取完成: 新增 16 条新闻, 跳过 8 条已存在新闻
2025-09-15 16:08:10,228 - INFO - 日志已保存到 /Users/joye/Desktop/MY_CODE/[Work]/Work_YX/9_11_Task1/中国氢能网/2025_News/logs/news_log.xlsx
2025-09-15 16:10:04,756 - INFO - 加载现有日志，共 24 条记录
2025-09-15 16:10:04,774 - ERROR - 获取代理失败: Cannot connect to host api.example.com:443 ssl:default [nodename nor servname provided, or not known]
2025-09-15 16:10:04,774 - INFO - 使用代理: 无代理
2025-09-15 16:10:05,305 - INFO - 正在处理第 0 页: http://h2.china-nengyuan.com/news/index.php?gopage=0&
2025-09-15 16:10:06,060 - INFO - 第 0 页找到 8 条新闻
2025-09-15 16:10:06,066 - INFO - 跳过已存在新闻: http://h2.china-nengyuan.com/news/233788.html
2025-09-15 16:10:07,870 - INFO - 跳过已存在新闻: http://h2.china-nengyuan.com/news/233787.html
2025-09-15 16:10:09,626 - INFO - 跳过已存在新闻: http://h2.china-nengyuan.com/news/233786.html
2025-09-15 16:10:11,243 - INFO - 跳过已存在新闻: http://h2.china-nengyuan.com/news/233782.html
2025-09-15 16:10:13,043 - INFO - 跳过已存在新闻: http://h2.china-nengyuan.com/news/233779.html
2025-09-15 16:10:14,592 - INFO - 跳过已存在新闻: http://h2.china-nengyuan.com/news/233744.html
2025-09-15 16:10:15,800 - INFO - 跳过已存在新闻: http://h2.china-nengyuan.com/news/233742.html
2025-09-15 16:10:17,406 - INFO - 跳过已存在新闻: http://h2.china-nengyuan.com/news/233740.html
2025-09-15 16:10:20,301 - INFO - 正在处理第 1 页: http://h2.china-nengyuan.com/news/index.php?gopage=1&
2025-09-15 16:10:21,104 - INFO - 第 1 页找到 8 条新闻
2025-09-15 16:10:21,109 - INFO - 跳过已存在新闻: http://h2.china-nengyuan.com/news/233734.html
2025-09-15 16:10:22,252 - INFO - 跳过已存在新闻: http://h2.china-nengyuan.com/news/233733.html
2025-09-15 16:10:23,199 - INFO - 跳过已存在新闻: http://h2.china-nengyuan.com/news/233731.html
2025-09-15 16:10:24,907 - INFO - 跳过已存在新闻: http://h2.china-nengyuan.com/news/233729.html
2025-09-15 16:10:25,667 - INFO - 跳过已存在新闻: http://h2.china-nengyuan.com/news/233727.html
2025-09-15 16:10:26,600 - INFO - 跳过已存在新闻: http://h2.china-nengyuan.com/news/233726.html
2025-09-15 16:10:27,791 - INFO - 跳过已存在新闻: http://h2.china-nengyuan.com/news/233683.html
2025-09-15 16:10:28,960 - INFO - 跳过已存在新闻: http://h2.china-nengyuan.com/news/233681.html
2025-09-15 16:10:32,660 - INFO - 正在处理第 2 页: http://h2.china-nengyuan.com/news/index.php?gopage=2&
2025-09-15 16:10:33,250 - INFO - 第 2 页找到 8 条新闻
2025-09-15 16:10:33,254 - INFO - 跳过已存在新闻: http://h2.china-nengyuan.com/news/233679.html
2025-09-15 16:10:33,969 - INFO - 跳过已存在新闻: http://h2.china-nengyuan.com/news/233672.html
2025-09-15 16:10:35,947 - INFO - 跳过已存在新闻: http://h2.china-nengyuan.com/news/233671.html
2025-09-15 16:10:36,650 - INFO - 跳过已存在新闻: http://h2.china-nengyuan.com/news/233670.html
2025-09-15 16:10:38,299 - INFO - 跳过已存在新闻: http://h2.china-nengyuan.com/news/233669.html
2025-09-15 16:10:39,684 - INFO - 跳过已存在新闻: http://h2.china-nengyuan.com/news/233668.html
2025-09-15 16:10:41,469 - INFO - 跳过已存在新闻: http://h2.china-nengyuan.com/news/233642.html
2025-09-15 16:10:42,349 - INFO - 跳过已存在新闻: http://h2.china-nengyuan.com/news/233641.html
2025-09-15 16:10:45,613 - INFO - 正在处理第 3 页: http://h2.china-nengyuan.com/news/index.php?gopage=3&
2025-09-15 16:10:46,199 - INFO - 第 3 页找到 8 条新闻
2025-09-15 16:10:46,507 - INFO - 已保存: 新赛道，“氢”云直上！ (37215 bytes)
2025-09-15 16:10:47,744 - INFO - 已保存: 总投资3248万元，年产高纯绿氢500吨，中能建兰州新区绿电制氢示范项目试生产 (37217 bytes)
2025-09-15 16:10:49,562 - INFO - 已保存: 国内首部《绿电制氢电站保险风险研究白皮书》发布 (37776 bytes)
2025-09-15 16:10:50,571 - INFO - 已保存: 戴姆勒完成22.5万公里试验：成本阻碍了氢燃料卡车的发展 (38684 bytes)
2025-09-15 16:10:51,670 - INFO - 已保存: 波兰联合法国推出氢燃料电池机器人军用车 (37190 bytes)
2025-09-15 16:10:51,683 - INFO - 已保存 29 条日志记录
2025-09-15 16:10:53,829 - INFO - 已保存: 旭阳集团乐亭园区5000Nm³/h氢能项目建成投产 (37658 bytes)
2025-09-15 16:10:54,776 - INFO - 已保存: 加拿大科学家“氢”力助阵海南 推动全球氢能合作与创新 (37253 bytes)
2025-09-15 16:10:56,531 - INFO - 已保存: 最高1000万元，芜湖发布《关于加快推动氢能产业高质量发展的若干措施》(征求意见稿) (37044 bytes)
2025-09-15 16:10:58,643 - INFO - 正在处理第 4 页: http://h2.china-nengyuan.com/news/index.php?gopage=4&
2025-09-15 16:10:59,303 - INFO - 第 4 页找到 8 条新闻
2025-09-15 16:10:59,618 - INFO - 已保存: 氢燃料电池破冰，山东智造点亮地球极寒之境 (37229 bytes)
2025-09-15 16:11:00,886 - INFO - 已保存: 未势能源与巴西伊泰普科技园签署MOU，共拓拉美氢能市场 (38964 bytes)
2025-09-15 16:11:00,893 - INFO - 已保存 34 条日志记录
2025-09-15 16:11:02,413 - INFO - 已保存: 爱德曼化德氢储能示范项目迎全国、自治区、市人大及化德县领导视察指导 (38697 bytes)
2025-09-15 16:11:04,047 - INFO - 已保存: 全球氢能产业承诺投资500个项目超1100亿美元 (39254 bytes)
2025-09-15 16:11:05,865 - INFO - 已保存: 已建设超80%！全球最大的绿色氢工厂首次发布现场视频 (37764 bytes)
2025-09-15 16:11:07,027 - INFO - 已保存: 山西安装承建我国首座规模化绿色甲醇项目 (37225 bytes)
2025-09-15 16:11:08,251 - INFO - 已保存: 总投资约为189.2亿元 金风科技投建风电制氢氨醇项目 (38602 bytes)
2025-09-15 16:11:08,258 - INFO - 已保存 39 条日志记录
2025-09-15 16:11:09,627 - INFO - 已保存: 卡涞科技推出Coleitec HyPVesselTM干法缠绕碳纤维70MPa IV型储氢瓶 (38500 bytes)
2025-09-15 16:11:11,610 - INFO - 已保存 40 条日志记录
2025-09-15 16:11:11,610 - INFO - 爬取完成: 新增 16 条新闻, 跳过 24 条已存在新闻
2025-09-15 16:11:11,610 - INFO - 日志已保存到 /Users/joye/Desktop/MY_CODE/[Work]/Work_YX/9_11_Task1/中国氢能网/2025_News/logs/news_log.xlsx
2025-09-15 17:55:54,937 - INFO - 加载现有日志，共 40 条记录
2025-09-15 17:55:55,028 - ERROR - 获取代理失败: Cannot connect to host api.example.com:443 ssl:default [nodename nor servname provided, or not known]
2025-09-15 17:55:55,028 - INFO - 使用代理: 无代理
2025-09-15 17:55:55,536 - INFO - 正在处理第 0 页: http://h2.china-nengyuan.com/news/index.php?gopage=0&
2025-09-15 17:55:56,489 - INFO - 第 0 页找到 8 条新闻
2025-09-15 17:55:56,494 - INFO - 跳过已存在新闻: http://h2.china-nengyuan.com/news/233788.html
2025-09-15 17:55:57,121 - INFO - 跳过已存在新闻: http://h2.china-nengyuan.com/news/233787.html
2025-09-15 17:55:58,200 - INFO - 跳过已存在新闻: http://h2.china-nengyuan.com/news/233786.html
2025-09-15 17:55:59,633 - INFO - 跳过已存在新闻: http://h2.china-nengyuan.com/news/233782.html
2025-09-15 17:56:00,417 - INFO - 跳过已存在新闻: http://h2.china-nengyuan.com/news/233779.html
2025-09-15 17:56:00,961 - INFO - 跳过已存在新闻: http://h2.china-nengyuan.com/news/233744.html
2025-09-15 17:56:02,265 - INFO - 跳过已存在新闻: http://h2.china-nengyuan.com/news/233742.html
2025-09-15 17:56:02,814 - INFO - 跳过已存在新闻: http://h2.china-nengyuan.com/news/233740.html
2025-09-15 17:56:03,977 - ERROR - 处理第 0 页时出错: unhashable type: 'dict'
2025-09-15 17:56:03,978 - INFO - 正在处理第 1 页: http://h2.china-nengyuan.com/news/index.php?gopage=1&
2025-09-15 17:56:04,528 - INFO - 第 1 页找到 8 条新闻
2025-09-15 17:56:04,533 - INFO - 跳过已存在新闻: http://h2.china-nengyuan.com/news/233734.html
2025-09-15 17:56:05,406 - INFO - 跳过已存在新闻: http://h2.china-nengyuan.com/news/233733.html
2025-09-15 17:56:06,455 - INFO - 跳过已存在新闻: http://h2.china-nengyuan.com/news/233731.html
2025-09-15 17:56:07,188 - INFO - 跳过已存在新闻: http://h2.china-nengyuan.com/news/233729.html
2025-09-15 17:56:07,920 - INFO - 跳过已存在新闻: http://h2.china-nengyuan.com/news/233727.html
2025-09-15 17:56:09,200 - INFO - 跳过已存在新闻: http://h2.china-nengyuan.com/news/233726.html
2025-09-15 17:56:10,270 - INFO - 跳过已存在新闻: http://h2.china-nengyuan.com/news/233683.html
2025-09-15 17:56:11,471 - INFO - 跳过已存在新闻: http://h2.china-nengyuan.com/news/233681.html
2025-09-15 17:56:12,942 - ERROR - 处理第 1 页时出错: unhashable type: 'dict'
2025-09-15 17:56:12,942 - INFO - 正在处理第 2 页: http://h2.china-nengyuan.com/news/index.php?gopage=2&
2025-09-15 17:56:13,722 - INFO - 第 2 页找到 8 条新闻
2025-09-15 17:56:13,725 - INFO - 跳过已存在新闻: http://h2.china-nengyuan.com/news/233679.html
2025-09-15 17:56:14,721 - INFO - 跳过已存在新闻: http://h2.china-nengyuan.com/news/233672.html
2025-09-15 17:56:15,623 - INFO - 跳过已存在新闻: http://h2.china-nengyuan.com/news/233671.html
2025-09-15 17:56:16,428 - INFO - 跳过已存在新闻: http://h2.china-nengyuan.com/news/233670.html
2025-09-15 17:56:17,785 - INFO - 跳过已存在新闻: http://h2.china-nengyuan.com/news/233669.html
2025-09-15 17:56:18,756 - INFO - 跳过已存在新闻: http://h2.china-nengyuan.com/news/233668.html
2025-09-15 17:56:19,484 - INFO - 跳过已存在新闻: http://h2.china-nengyuan.com/news/233642.html
2025-09-15 17:56:20,711 - INFO - 跳过已存在新闻: http://h2.china-nengyuan.com/news/233641.html
2025-09-15 17:56:21,514 - ERROR - 处理第 2 页时出错: unhashable type: 'dict'
2025-09-15 17:56:21,515 - INFO - 正在处理第 3 页: http://h2.china-nengyuan.com/news/index.php?gopage=3&
2025-09-15 17:56:22,128 - INFO - 第 3 页找到 8 条新闻
2025-09-15 17:56:22,132 - INFO - 跳过已存在新闻: http://h2.china-nengyuan.com/news/233640.html
2025-09-15 17:56:23,286 - INFO - 跳过已存在新闻: http://h2.china-nengyuan.com/news/233639.html
2025-09-15 17:56:24,087 - INFO - 跳过已存在新闻: http://h2.china-nengyuan.com/news/233637.html
2025-09-15 17:56:25,423 - INFO - 跳过已存在新闻: http://h2.china-nengyuan.com/news/233622.html
2025-09-15 17:56:26,692 - INFO - 跳过已存在新闻: http://h2.china-nengyuan.com/news/233583.html
2025-09-15 17:56:27,392 - INFO - 跳过已存在新闻: http://h2.china-nengyuan.com/news/233582.html
2025-09-15 17:56:28,616 - INFO - 跳过已存在新闻: http://h2.china-nengyuan.com/news/233581.html
2025-09-15 17:56:29,855 - INFO - 跳过已存在新闻: http://h2.china-nengyuan.com/news/233580.html
2025-09-15 17:56:31,107 - ERROR - 处理第 3 页时出错: unhashable type: 'dict'
2025-09-15 17:56:31,108 - INFO - 正在处理第 4 页: http://h2.china-nengyuan.com/news/index.php?gopage=4&
2025-09-15 17:56:31,657 - INFO - 第 4 页找到 8 条新闻
2025-09-15 17:56:31,661 - INFO - 跳过已存在新闻: http://h2.china-nengyuan.com/news/233579.html
2025-09-15 17:56:32,840 - INFO - 跳过已存在新闻: http://h2.china-nengyuan.com/news/233578.html
2025-09-15 17:56:34,158 - INFO - 跳过已存在新闻: http://h2.china-nengyuan.com/news/233577.html
2025-09-15 17:56:34,885 - INFO - 跳过已存在新闻: http://h2.china-nengyuan.com/news/233575.html
2025-09-15 17:56:35,987 - INFO - 跳过已存在新闻: http://h2.china-nengyuan.com/news/233574.html
2025-09-15 17:56:36,773 - INFO - 跳过已存在新闻: http://h2.china-nengyuan.com/news/233564.html
2025-09-15 17:56:38,034 - INFO - 跳过已存在新闻: http://h2.china-nengyuan.com/news/233551.html
2025-09-15 17:56:38,554 - INFO - 跳过已存在新闻: http://h2.china-nengyuan.com/news/233499.html
2025-09-15 17:56:39,493 - ERROR - 处理第 4 页时出错: unhashable type: 'dict'
2025-09-15 17:56:39,519 - INFO - 已保存 40 条日志记录
2025-09-15 17:56:39,519 - INFO - 爬取完成: 新增 0 条新闻, 跳过 0 条已存在新闻
2025-09-15 17:56:39,519 - INFO - 日志已保存到 /Users/joye/Desktop/MY_CODE/[Work]/Work_YX/9_11_Task1/中国氢能网/2025_News/logs/news_log.xlsx
2025-09-15 17:57:18,619 - INFO - 加载现有日志，共 40 条记录
2025-09-15 17:57:18,661 - ERROR - 获取代理失败: Cannot connect to host api.example.com:443 ssl:default [nodename nor servname provided, or not known]
2025-09-15 17:57:18,661 - INFO - 使用代理: 无代理
2025-09-15 17:57:19,160 - INFO - 正在处理第 0 页: http://h2.china-nengyuan.com/news/index.php?gopage=0&
2025-09-15 17:57:19,897 - INFO - 第 0 页找到 8 条新闻
2025-09-15 17:57:19,903 - INFO - 跳过已存在新闻: http://h2.china-nengyuan.com/news/233788.html
2025-09-15 17:57:20,975 - INFO - 跳过已存在新闻: http://h2.china-nengyuan.com/news/233787.html
2025-09-15 17:57:22,406 - INFO - 跳过已存在新闻: http://h2.china-nengyuan.com/news/233786.html
2025-09-15 17:57:23,188 - INFO - 跳过已存在新闻: http://h2.china-nengyuan.com/news/233782.html
2025-09-15 17:57:24,267 - INFO - 跳过已存在新闻: http://h2.china-nengyuan.com/news/233779.html
2025-09-15 17:57:25,235 - INFO - 跳过已存在新闻: http://h2.china-nengyuan.com/news/233744.html
2025-09-15 17:57:25,801 - INFO - 跳过已存在新闻: http://h2.china-nengyuan.com/news/233742.html
2025-09-15 17:57:26,644 - INFO - 跳过已存在新闻: http://h2.china-nengyuan.com/news/233740.html
2025-09-15 17:57:30,076 - INFO - 正在处理第 1 页: http://h2.china-nengyuan.com/news/index.php?gopage=1&
2025-09-15 17:57:30,625 - INFO - 第 1 页找到 8 条新闻
2025-09-15 17:57:30,630 - INFO - 跳过已存在新闻: http://h2.china-nengyuan.com/news/233734.html
2025-09-15 17:57:31,842 - INFO - 跳过已存在新闻: http://h2.china-nengyuan.com/news/233733.html
2025-09-15 17:57:32,682 - INFO - 跳过已存在新闻: http://h2.china-nengyuan.com/news/233731.html
2025-09-15 17:57:33,220 - INFO - 跳过已存在新闻: http://h2.china-nengyuan.com/news/233729.html
2025-09-15 17:57:34,334 - INFO - 跳过已存在新闻: http://h2.china-nengyuan.com/news/233727.html
2025-09-15 17:57:35,006 - INFO - 跳过已存在新闻: http://h2.china-nengyuan.com/news/233726.html
2025-09-15 17:57:35,562 - INFO - 跳过已存在新闻: http://h2.china-nengyuan.com/news/233683.html
2025-09-15 17:57:36,695 - INFO - 跳过已存在新闻: http://h2.china-nengyuan.com/news/233681.html
2025-09-15 17:57:39,659 - INFO - 正在处理第 2 页: http://h2.china-nengyuan.com/news/index.php?gopage=2&
2025-09-15 17:57:40,271 - INFO - 第 2 页找到 8 条新闻
2025-09-15 17:57:40,276 - INFO - 跳过已存在新闻: http://h2.china-nengyuan.com/news/233679.html
2025-09-15 17:57:40,908 - INFO - 跳过已存在新闻: http://h2.china-nengyuan.com/news/233672.html
2025-09-15 17:57:41,938 - INFO - 跳过已存在新闻: http://h2.china-nengyuan.com/news/233671.html
2025-09-15 17:57:42,571 - INFO - 跳过已存在新闻: http://h2.china-nengyuan.com/news/233670.html
2025-09-15 17:57:43,305 - INFO - 跳过已存在新闻: http://h2.china-nengyuan.com/news/233669.html
2025-09-15 17:57:44,213 - INFO - 跳过已存在新闻: http://h2.china-nengyuan.com/news/233668.html
2025-09-15 17:57:45,648 - INFO - 跳过已存在新闻: http://h2.china-nengyuan.com/news/233642.html
2025-09-15 17:57:46,445 - INFO - 跳过已存在新闻: http://h2.china-nengyuan.com/news/233641.html
2025-09-15 17:57:49,219 - INFO - 正在处理第 3 页: http://h2.china-nengyuan.com/news/index.php?gopage=3&
2025-09-15 17:57:49,753 - INFO - 第 3 页找到 8 条新闻
2025-09-15 17:57:49,757 - INFO - 跳过已存在新闻: http://h2.china-nengyuan.com/news/233640.html
2025-09-15 17:57:50,855 - INFO - 跳过已存在新闻: http://h2.china-nengyuan.com/news/233639.html
2025-09-15 17:57:51,858 - INFO - 跳过已存在新闻: http://h2.china-nengyuan.com/news/233637.html
2025-09-15 17:57:53,087 - INFO - 跳过已存在新闻: http://h2.china-nengyuan.com/news/233622.html
2025-09-15 17:57:54,459 - INFO - 跳过已存在新闻: http://h2.china-nengyuan.com/news/233583.html
2025-09-15 17:57:55,406 - INFO - 跳过已存在新闻: http://h2.china-nengyuan.com/news/233582.html
2025-09-15 17:57:55,990 - INFO - 跳过已存在新闻: http://h2.china-nengyuan.com/news/233581.html
2025-09-15 17:57:56,997 - INFO - 跳过已存在新闻: http://h2.china-nengyuan.com/news/233580.html
2025-09-15 17:57:59,608 - INFO - 正在处理第 4 页: http://h2.china-nengyuan.com/news/index.php?gopage=4&
2025-09-15 17:58:00,234 - INFO - 第 4 页找到 8 条新闻
2025-09-15 17:58:00,239 - INFO - 跳过已存在新闻: http://h2.china-nengyuan.com/news/233579.html
2025-09-15 17:58:00,912 - INFO - 跳过已存在新闻: http://h2.china-nengyuan.com/news/233578.html
2025-09-15 17:58:02,368 - INFO - 跳过已存在新闻: http://h2.china-nengyuan.com/news/233577.html
2025-09-15 17:58:03,660 - INFO - 跳过已存在新闻: http://h2.china-nengyuan.com/news/233575.html
2025-09-15 17:58:04,358 - INFO - 跳过已存在新闻: http://h2.china-nengyuan.com/news/233574.html
2025-09-15 17:58:05,068 - INFO - 跳过已存在新闻: http://h2.china-nengyuan.com/news/233564.html
2025-09-15 17:58:06,052 - INFO - 跳过已存在新闻: http://h2.china-nengyuan.com/news/233551.html
2025-09-15 17:58:06,612 - INFO - 跳过已存在新闻: http://h2.china-nengyuan.com/news/233499.html
2025-09-15 17:58:09,196 - INFO - 已保存 40 条日志记录
2025-09-15 17:58:09,196 - INFO - 爬取完成: 新增 0 条新闻, 跳过 40 条已存在新闻
2025-09-15 17:58:09,196 - INFO - 日志已保存到 /Users/joye/Desktop/MY_CODE/[Work]/Work_YX/9_11_Task1/中国氢能网/2025_News/logs/news_log.xlsx
2025-09-15 18:00:02,128 - INFO - 加载现有日志，共 40 条记录
2025-09-15 18:00:02,144 - ERROR - 获取代理失败: Cannot connect to host api.example.com:443 ssl:default [nodename nor servname provided, or not known]
2025-09-15 18:00:02,144 - INFO - 使用代理: 无代理
2025-09-15 18:00:02,632 - INFO - 正在处理第 0 页: http://h2.china-nengyuan.com/news/index.php?gopage=0&
2025-09-15 18:00:03,543 - INFO - 第 0 页找到 8 条新闻
2025-09-15 18:00:03,548 - INFO - 跳过已存在新闻: http://h2.china-nengyuan.com/news/233788.html
2025-09-15 18:00:05,032 - INFO - 跳过已存在新闻: http://h2.china-nengyuan.com/news/233787.html
2025-09-15 18:00:05,796 - INFO - 跳过已存在新闻: http://h2.china-nengyuan.com/news/233786.html
2025-09-15 18:00:06,822 - INFO - 跳过已存在新闻: http://h2.china-nengyuan.com/news/233782.html
2025-09-15 18:00:08,310 - INFO - 跳过已存在新闻: http://h2.china-nengyuan.com/news/233779.html
2025-09-15 18:00:09,437 - INFO - 跳过已存在新闻: http://h2.china-nengyuan.com/news/233744.html
2025-09-15 18:00:10,090 - INFO - 跳过已存在新闻: http://h2.china-nengyuan.com/news/233742.html
2025-09-15 18:00:10,613 - INFO - 跳过已存在新闻: http://h2.china-nengyuan.com/news/233740.html
2025-09-15 18:00:11,381 - ERROR - 处理第 0 页时出错: unhashable type: 'dict'
2025-09-15 18:00:11,382 - INFO - 正在处理第 1 页: http://h2.china-nengyuan.com/news/index.php?gopage=1&
2025-09-15 18:00:11,951 - INFO - 第 1 页找到 8 条新闻
2025-09-15 18:00:11,955 - INFO - 跳过已存在新闻: http://h2.china-nengyuan.com/news/233734.html
2025-09-15 18:00:13,207 - INFO - 跳过已存在新闻: http://h2.china-nengyuan.com/news/233733.html
2025-09-15 18:00:14,679 - INFO - 跳过已存在新闻: http://h2.china-nengyuan.com/news/233731.html
2025-09-15 18:00:16,018 - INFO - 跳过已存在新闻: http://h2.china-nengyuan.com/news/233729.html
2025-09-15 18:00:16,678 - INFO - 跳过已存在新闻: http://h2.china-nengyuan.com/news/233727.html
2025-09-15 18:00:17,960 - INFO - 跳过已存在新闻: http://h2.china-nengyuan.com/news/233726.html
2025-09-15 18:00:18,943 - INFO - 跳过已存在新闻: http://h2.china-nengyuan.com/news/233683.html
2025-09-15 18:00:19,511 - INFO - 跳过已存在新闻: http://h2.china-nengyuan.com/news/233681.html
2025-09-15 18:00:20,472 - ERROR - 处理第 1 页时出错: unhashable type: 'dict'
2025-09-15 18:00:20,472 - INFO - 正在处理第 2 页: http://h2.china-nengyuan.com/news/index.php?gopage=2&
2025-09-15 18:00:21,139 - INFO - 第 2 页找到 8 条新闻
2025-09-15 18:00:21,144 - INFO - 跳过已存在新闻: http://h2.china-nengyuan.com/news/233679.html
2025-09-15 18:00:21,777 - INFO - 跳过已存在新闻: http://h2.china-nengyuan.com/news/233672.html
2025-09-15 18:00:22,953 - INFO - 跳过已存在新闻: http://h2.china-nengyuan.com/news/233671.html
2025-09-15 18:00:23,909 - INFO - 跳过已存在新闻: http://h2.china-nengyuan.com/news/233670.html
2025-09-15 18:00:25,259 - INFO - 跳过已存在新闻: http://h2.china-nengyuan.com/news/233669.html
2025-09-15 18:00:26,061 - INFO - 跳过已存在新闻: http://h2.china-nengyuan.com/news/233668.html
2025-09-15 18:00:26,954 - INFO - 跳过已存在新闻: http://h2.china-nengyuan.com/news/233642.html
2025-09-15 18:00:27,545 - INFO - 跳过已存在新闻: http://h2.china-nengyuan.com/news/233641.html
2025-09-15 18:00:28,254 - ERROR - 处理第 2 页时出错: unhashable type: 'dict'
2025-09-15 18:00:28,254 - INFO - 正在处理第 3 页: http://h2.china-nengyuan.com/news/index.php?gopage=3&
2025-09-15 18:00:28,779 - INFO - 第 3 页找到 8 条新闻
2025-09-15 18:00:28,784 - INFO - 跳过已存在新闻: http://h2.china-nengyuan.com/news/233640.html
2025-09-15 18:00:30,020 - INFO - 跳过已存在新闻: http://h2.china-nengyuan.com/news/233639.html
2025-09-15 18:00:30,666 - INFO - 跳过已存在新闻: http://h2.china-nengyuan.com/news/233637.html
2025-09-15 18:00:32,023 - INFO - 跳过已存在新闻: http://h2.china-nengyuan.com/news/233622.html
2025-09-15 18:00:32,855 - INFO - 跳过已存在新闻: http://h2.china-nengyuan.com/news/233583.html
2025-09-15 18:00:34,168 - INFO - 跳过已存在新闻: http://h2.china-nengyuan.com/news/233582.html
2025-09-15 18:00:35,315 - INFO - 跳过已存在新闻: http://h2.china-nengyuan.com/news/233581.html
2025-09-15 18:00:36,158 - INFO - 跳过已存在新闻: http://h2.china-nengyuan.com/news/233580.html
2025-09-15 18:00:37,142 - ERROR - 处理第 3 页时出错: unhashable type: 'dict'
2025-09-15 18:00:37,142 - INFO - 正在处理第 4 页: http://h2.china-nengyuan.com/news/index.php?gopage=4&
2025-09-15 18:00:37,731 - INFO - 第 4 页找到 8 条新闻
2025-09-15 18:00:37,736 - INFO - 跳过已存在新闻: http://h2.china-nengyuan.com/news/233579.html
2025-09-15 18:00:38,990 - INFO - 跳过已存在新闻: http://h2.china-nengyuan.com/news/233578.html
2025-09-15 18:00:39,792 - INFO - 跳过已存在新闻: http://h2.china-nengyuan.com/news/233577.html
2025-09-15 18:00:40,375 - INFO - 跳过已存在新闻: http://h2.china-nengyuan.com/news/233575.html
2025-09-15 18:00:41,045 - INFO - 跳过已存在新闻: http://h2.china-nengyuan.com/news/233574.html
2025-09-15 18:00:42,302 - INFO - 跳过已存在新闻: http://h2.china-nengyuan.com/news/233564.html
2025-09-15 18:00:43,248 - INFO - 跳过已存在新闻: http://h2.china-nengyuan.com/news/233551.html
2025-09-15 18:00:43,852 - INFO - 跳过已存在新闻: http://h2.china-nengyuan.com/news/233499.html
2025-09-15 18:00:44,981 - ERROR - 处理第 4 页时出错: unhashable type: 'dict'
2025-09-15 18:00:45,007 - INFO - 已保存 40 条日志记录
2025-09-15 18:00:45,007 - INFO - 爬取完成: 新增 0 条新闻, 跳过 0 条已存在新闻
2025-09-15 18:00:45,007 - INFO - 日志已保存到 /Users/joye/Desktop/MY_CODE/[Work]/Work_YX/9_11_Task1/中国氢能网/2025_News/logs/news_log.xlsx
