INFO:app.core.database:连接数据库: 172.16.10.196:5432/db_house
INFO:app.core.database:数据库连接成功
INFO:app.services.data_generator:开始 generate_data_for_tables 方法
INFO:app.services.data_generator:独立表（阶段1）: ['crawler_competitor_price', 'crm_customer', 'ext_market_trend']
INFO:app.services.data_generator:依赖表（阶段2）: ['oms_order', 'lms_shipment', 'fms_financial_transaction', 'oms_order_item']
INFO:app.services.data_generator:初始化数据库计数器
INFO:app.core.database:执行查询: SELECT MAX(id) FROM crawler_competitor_price, 参数: ()
INFO:app.core.database:连接数据库: 172.16.10.196:5432/db_house
INFO:app.core.database:查询执行成功
INFO:app.core.database:执行查询: SELECT MAX(id) FROM ext_market_trend, 参数: ()
INFO:app.core.database:连接数据库: 172.16.10.196:5432/db_house
INFO:app.core.database:查询执行成功
INFO:app.core.database:执行查询: SELECT MAX(id) FROM oms_order_item, 参数: ()
INFO:app.core.database:连接数据库: 172.16.10.196:5432/db_house
INFO:app.core.database:查询执行成功
INFO:app.services.data_generator:计数器初始化完成: {'crawler_competitor_price_id': 69, 'ext_market_trend_id': 68, 'oms_order_item_id': 68}
INFO:app.services.data_generator:开始处理日期: 2025-10-23
INFO:app.services.data_generator:当天计划生成记录数: 10
INFO:app.services.data_generator:已清空外键缓存
INFO:app.services.data_generator:=== 阶段1：生成独立表 ===
INFO:app.services.data_generator:开始为独立表 crawler_competitor_price 生成数据
INFO:app.core.database:批量执行SQL，查询: INSERT INTO crawler_competitor_price (id, crawl_time, platform, competitor_name, product_name, product_sku, price, promotion_info, is_in_stock) VALUES ($1, $2, $3, $4, $5, $6, $7, $8, $9), 值数量: 10
INFO:app.core.database:连接数据库: 172.16.10.196:5432/db_house
INFO:app.core.database:批量执行SQL完成
INFO:app.services.data_generator:表 crawler_competitor_price 已插入剩余 10 条记录并缓存主键值
INFO:app.services.data_generator:独立表 crawler_competitor_price 生成完成，记录数: 10
INFO:app.services.data_generator:开始为独立表 crm_customer 生成数据
INFO:app.core.database:批量执行SQL，查询: INSERT INTO crm_customer (customer_id, name, gender, phone, email, birthday, address, create_time, update_time, is_deleted) VALUES ($1, $2, $3, $4, $5, $6, $7, $8, $9, $10), 值数量: 10
INFO:app.core.database:连接数据库: 172.16.10.196:5432/db_house
INFO:app.core.database:批量执行SQL完成
INFO:app.services.data_generator:表 crm_customer 已插入剩余 10 条记录并缓存主键值
INFO:app.services.data_generator:独立表 crm_customer 生成完成，记录数: 10
INFO:app.services.data_generator:开始为独立表 ext_market_trend 生成数据
INFO:app.core.database:批量执行SQL，查询: INSERT INTO ext_market_trend (id, period, region, category, market_size, growth_rate, data_source) VALUES ($1, $2, $3, $4, $5, $6, $7), 值数量: 10
INFO:app.core.database:连接数据库: 172.16.10.196:5432/db_house
ERROR:app.services.data_generator:generate_data_for_tables 方法执行失败: duplicate key value violates unique constraint "ext_market_trend_pkey"
DETAIL:  Key (id)=(69) already exists.
ERROR:app.services.data_generator:错误详情: Traceback (most recent call last):
  File "/Users/joye/Desktop/MY_CODE/[Work]/Work_YX/FlameCCP_ISAP_R3.0/Post_5/isap-fake-tools/app/services/data_generator.py", line 113, in generate_data_for_tables
    table_records = await self._generate_table_data(
                    ^^^^^^^^^^^^^^^^^^^^^^^^^^^^^^^^
  File "/Users/joye/Desktop/MY_CODE/[Work]/Work_YX/FlameCCP_ISAP_R3.0/Post_5/isap-fake-tools/app/services/data_generator.py", line 206, in _generate_table_data
    await database.execute_many(query=insert_query, values=batch)
  File "/Users/joye/Desktop/MY_CODE/[Work]/Work_YX/FlameCCP_ISAP_R3.0/Post_5/isap-fake-tools/app/core/database.py", line 130, in execute_many
    return await execute_many(query=query, values=values)
           ^^^^^^^^^^^^^^^^^^^^^^^^^^^^^^^^^^^^^^^^^^^^^^
  File "/Users/joye/Desktop/MY_CODE/[Work]/Work_YX/FlameCCP_ISAP_R3.0/Post_5/isap-fake-tools/app/core/database.py", line 109, in execute_many
    await conn.executemany(query, prepared_values)
  File "/opt/anaconda3/lib/python3.12/site-packages/asyncpg/connection.py", line 390, in executemany
    return await self._executemany(command, args, timeout)
           ^^^^^^^^^^^^^^^^^^^^^^^^^^^^^^^^^^^^^^^^^^^^^^^
  File "/opt/anaconda3/lib/python3.12/site-packages/asyncpg/connection.py", line 1988, in _executemany
    result, _ = await self._do_execute(
                ^^^^^^^^^^^^^^^^^^^^^^^
  File "/opt/anaconda3/lib/python3.12/site-packages/asyncpg/connection.py", line 2024, in _do_execute
    result = await executor(stmt, None)
             ^^^^^^^^^^^^^^^^^^^^^^^^^^
  File "asyncpg/protocol/protocol.pyx", line 268, in bind_execute_many
asyncpg.exceptions.UniqueViolationError: duplicate key value violates unique constraint "ext_market_trend_pkey"
DETAIL:  Key (id)=(69) already exists.

INFO:app.services.data_generator:退出 generate_data_for_tables 方法
INFO:app.core.database:数据库连接已关闭
数据库连接URL----: postgresql://isap_admin:113RfkdsDMDb6H7T@172.16.10.196:5432/db_house
[2025-10-23 16:33:18.246789] ✅ 成功连接到数据库: db_house
[2025-10-23 16:33:18.246800] 🚀 启动持续数据生成服务 (任务ID: 5bf5848c)
   表: oms_order, crawler_competitor_price, lms_shipment, crm_customer, fms_financial_transaction, ext_market_trend, oms_order_item
   间隔: 30 秒
   每批记录数: 10
   任务ID: 5bf5848c
   日志文件: logs/background_service_5bf5848c.log
   按 Ctrl+C 停止服务
[2025-10-23 16:33:18.246813] 📦 开始生成第 1 批数据...
[2025-10-23 16:33:18.617236] ❌ 数据生成失败: duplicate key value violates unique constraint "ext_market_trend_pkey"
DETAIL:  Key (id)=(69) already exists.
[2025-10-23 16:33:18.617260] ⚠️ 第 1 批数据生成失败
[2025-10-23 16:33:18.617263] ⏱️ 等待 30 秒后继续...

[2025-10-23 16:33:22.899226] 🛑 收到停止信号，正在关闭...
[2025-10-23 16:33:23.622150] 🛑 持续数据生成服务已停止
[2025-10-23 16:33:23.629572] 🔌 已断开数据库连接
