INFO:app.core.database:连接数据库: 172.16.10.196:5432/db_house
INFO:app.core.database:数据库连接成功
INFO:app.services.data_generator:开始 generate_data_for_tables 方法
INFO:app.services.data_generator:独立表（阶段1）: ['crawler_competitor_price', 'ext_market_trend']
INFO:app.services.data_generator:依赖表（阶段2）: ['oms_order_item']
INFO:app.services.data_generator:初始化数据库计数器
INFO:app.core.database:执行查询: SELECT MAX(id) FROM crawler_competitor_price, 参数: ()
INFO:app.core.database:连接数据库: 172.16.10.196:5432/db_house
INFO:app.core.database:查询执行成功
INFO:app.core.database:执行查询: SELECT MAX(id) FROM ext_market_trend, 参数: ()
INFO:app.core.database:连接数据库: 172.16.10.196:5432/db_house
INFO:app.core.database:查询执行成功
INFO:app.core.database:执行查询: SELECT MAX(id) FROM oms_order_item, 参数: ()
INFO:app.core.database:连接数据库: 172.16.10.196:5432/db_house
INFO:app.core.database:查询执行成功
INFO:app.services.data_generator:计数器初始化完成: {'crawler_competitor_price_id': 0, 'ext_market_trend_id': 0, 'oms_order_item_id': 73}
INFO:app.services.data_generator:开始处理日期: 2025-10-14
INFO:app.services.data_generator:当天计划生成记录数: 10
INFO:app.services.data_generator:已清空外键缓存
INFO:app.services.data_generator:=== 阶段1：生成独立表 ===
INFO:app.services.data_generator:开始为独立表 crawler_competitor_price 生成数据
INFO:app.core.database:批量执行SQL，查询: INSERT INTO crawler_competitor_price (id, crawl_time, platform, competitor_name, product_name, product_sku, price, promotion_info, is_in_stock) VALUES ($1, $2, $3, $4, $5, $6, $7, $8, $9), 值数量: 10
INFO:app.core.database:连接数据库: 172.16.10.196:5432/db_house
INFO:app.core.database:批量执行SQL完成
INFO:app.services.data_generator:表 crawler_competitor_price 已插入剩余 10 条记录并缓存主键值
INFO:app.services.data_generator:独立表 crawler_competitor_price 生成完成，记录数: 10
INFO:app.services.data_generator:开始为独立表 ext_market_trend 生成数据
INFO:app.core.database:批量执行SQL，查询: INSERT INTO ext_market_trend (id, period, region, category, market_size, growth_rate, data_source) VALUES ($1, $2, $3, $4, $5, $6, $7), 值数量: 10
INFO:app.core.database:连接数据库: 172.16.10.196:5432/db_house
INFO:app.core.database:批量执行SQL完成
INFO:app.services.data_generator:表 ext_market_trend 已插入剩余 10 条记录并缓存主键值
INFO:app.services.data_generator:独立表 ext_market_trend 生成完成，记录数: 10
INFO:app.services.data_generator:=== 阶段2：生成依赖表 ===
INFO:app.services.data_generator:表依赖排序结果: ['oms_order_item']
INFO:app.services.data_generator:排序后的依赖表: ['oms_order_item']
INFO:app.services.data_generator:开始为依赖表 oms_order_item 生成数据
ERROR:app.services.data_generator:外键依赖错误: 表 'oms_order_item' 的字段 'order_id' 依赖于表 'oms_order'，但该表的数据尚未生成或缓存为空。请确保依赖表先生成数据。
ERROR:app.services.data_generator:generate_data_for_tables 方法执行失败: 外键依赖错误: 表 'oms_order_item' 的字段 'order_id' 依赖于表 'oms_order'，但该表的数据尚未生成或缓存为空。请确保依赖表先生成数据。
ERROR:app.services.data_generator:错误详情: Traceback (most recent call last):
  File "/Users/joye/Desktop/MY_CODE/[Work]/Work_YX/FlameCCP_ISAP_R3.0/Post_4/isap-fake-tools/app/services/data_generator.py", line 122, in generate_data_for_tables
    table_records = await self._generate_table_data(
                    ^^^^^^^^^^^^^^^^^^^^^^^^^^^^^^^^
  File "/Users/joye/Desktop/MY_CODE/[Work]/Work_YX/FlameCCP_ISAP_R3.0/Post_4/isap-fake-tools/app/services/data_generator.py", line 177, in _generate_table_data
    record = self._generate_record(config, table_name, current_date)
             ^^^^^^^^^^^^^^^^^^^^^^^^^^^^^^^^^^^^^^^^^^^^^^^^^^^^^^^
  File "/Users/joye/Desktop/MY_CODE/[Work]/Work_YX/FlameCCP_ISAP_R3.0/Post_4/isap-fake-tools/app/services/data_generator.py", line 249, in _generate_record
    record[field_name] = self._generate_field_value(field_config_with_name, table_name, current_date)
                         ^^^^^^^^^^^^^^^^^^^^^^^^^^^^^^^^^^^^^^^^^^^^^^^^^^^^^^^^^^^^^^^^^^^^^^^^^^^^
  File "/Users/joye/Desktop/MY_CODE/[Work]/Work_YX/FlameCCP_ISAP_R3.0/Post_4/isap-fake-tools/app/services/data_generator.py", line 325, in _generate_field_value
    return self._generate_foreign_key_value(field_config, table_name)
           ^^^^^^^^^^^^^^^^^^^^^^^^^^^^^^^^^^^^^^^^^^^^^^^^^^^^^^^^^^
  File "/Users/joye/Desktop/MY_CODE/[Work]/Work_YX/FlameCCP_ISAP_R3.0/Post_4/isap-fake-tools/app/services/data_generator.py", line 442, in _generate_foreign_key_value
    raise ValueError(f"外键依赖错误: 表 '{table_name}' 的字段 '{field_name}' 依赖于表 '{related_table}'，但该表的数据尚未生成或缓存为空。请确保依赖表先生成数据。")
ValueError: 外键依赖错误: 表 'oms_order_item' 的字段 'order_id' 依赖于表 'oms_order'，但该表的数据尚未生成或缓存为空。请确保依赖表先生成数据。

INFO:app.services.data_generator:退出 generate_data_for_tables 方法
INFO:app.services.data_generator:开始 generate_data_for_tables 方法
INFO:app.services.data_generator:独立表（阶段1）: ['crawler_competitor_price', 'ext_market_trend']
INFO:app.services.data_generator:依赖表（阶段2）: ['oms_order_item']
INFO:app.services.data_generator:初始化数据库计数器
INFO:app.core.database:执行查询: SELECT MAX(id) FROM crawler_competitor_price, 参数: ()
INFO:app.core.database:连接数据库: 172.16.10.196:5432/db_house
INFO:app.core.database:查询执行成功
INFO:app.core.database:执行查询: SELECT MAX(id) FROM ext_market_trend, 参数: ()
INFO:app.core.database:连接数据库: 172.16.10.196:5432/db_house
INFO:app.core.database:查询执行成功
INFO:app.core.database:执行查询: SELECT MAX(id) FROM oms_order_item, 参数: ()
INFO:app.core.database:连接数据库: 172.16.10.196:5432/db_house
INFO:app.core.database:查询执行成功
INFO:app.services.data_generator:计数器初始化完成: {'crawler_competitor_price_id': 10, 'ext_market_trend_id': 10, 'oms_order_item_id': 97}
INFO:app.services.data_generator:开始处理日期: 2025-10-14
INFO:app.services.data_generator:当天计划生成记录数: 10
INFO:app.services.data_generator:已清空外键缓存
INFO:app.services.data_generator:=== 阶段1：生成独立表 ===
INFO:app.services.data_generator:开始为独立表 crawler_competitor_price 生成数据
INFO:app.core.database:批量执行SQL，查询: INSERT INTO crawler_competitor_price (id, crawl_time, platform, competitor_name, product_name, product_sku, price, promotion_info, is_in_stock) VALUES ($1, $2, $3, $4, $5, $6, $7, $8, $9), 值数量: 10
INFO:app.core.database:连接数据库: 172.16.10.196:5432/db_house
INFO:app.core.database:批量执行SQL完成
INFO:app.services.data_generator:表 crawler_competitor_price 已插入剩余 10 条记录并缓存主键值
INFO:app.services.data_generator:独立表 crawler_competitor_price 生成完成，记录数: 10
INFO:app.services.data_generator:开始为独立表 ext_market_trend 生成数据
INFO:app.core.database:批量执行SQL，查询: INSERT INTO ext_market_trend (id, period, region, category, market_size, growth_rate, data_source) VALUES ($1, $2, $3, $4, $5, $6, $7), 值数量: 10
INFO:app.core.database:连接数据库: 172.16.10.196:5432/db_house
INFO:app.core.database:批量执行SQL完成
INFO:app.services.data_generator:表 ext_market_trend 已插入剩余 10 条记录并缓存主键值
INFO:app.services.data_generator:独立表 ext_market_trend 生成完成，记录数: 10
INFO:app.services.data_generator:=== 阶段2：生成依赖表 ===
INFO:app.services.data_generator:表依赖排序结果: ['oms_order_item']
INFO:app.services.data_generator:排序后的依赖表: ['oms_order_item']
INFO:app.services.data_generator:开始为依赖表 oms_order_item 生成数据
ERROR:app.services.data_generator:外键依赖错误: 表 'oms_order_item' 的字段 'order_id' 依赖于表 'oms_order'，但该表的数据尚未生成或缓存为空。请确保依赖表先生成数据。
ERROR:app.services.data_generator:generate_data_for_tables 方法执行失败: 外键依赖错误: 表 'oms_order_item' 的字段 'order_id' 依赖于表 'oms_order'，但该表的数据尚未生成或缓存为空。请确保依赖表先生成数据。
ERROR:app.services.data_generator:错误详情: Traceback (most recent call last):
  File "/Users/joye/Desktop/MY_CODE/[Work]/Work_YX/FlameCCP_ISAP_R3.0/Post_4/isap-fake-tools/app/services/data_generator.py", line 122, in generate_data_for_tables
    table_records = await self._generate_table_data(
                    ^^^^^^^^^^^^^^^^^^^^^^^^^^^^^^^^
  File "/Users/joye/Desktop/MY_CODE/[Work]/Work_YX/FlameCCP_ISAP_R3.0/Post_4/isap-fake-tools/app/services/data_generator.py", line 177, in _generate_table_data
    record = self._generate_record(config, table_name, current_date)
             ^^^^^^^^^^^^^^^^^^^^^^^^^^^^^^^^^^^^^^^^^^^^^^^^^^^^^^^
  File "/Users/joye/Desktop/MY_CODE/[Work]/Work_YX/FlameCCP_ISAP_R3.0/Post_4/isap-fake-tools/app/services/data_generator.py", line 249, in _generate_record
    record[field_name] = self._generate_field_value(field_config_with_name, table_name, current_date)
                         ^^^^^^^^^^^^^^^^^^^^^^^^^^^^^^^^^^^^^^^^^^^^^^^^^^^^^^^^^^^^^^^^^^^^^^^^^^^^
  File "/Users/joye/Desktop/MY_CODE/[Work]/Work_YX/FlameCCP_ISAP_R3.0/Post_4/isap-fake-tools/app/services/data_generator.py", line 325, in _generate_field_value
    return self._generate_foreign_key_value(field_config, table_name)
           ^^^^^^^^^^^^^^^^^^^^^^^^^^^^^^^^^^^^^^^^^^^^^^^^^^^^^^^^^^
  File "/Users/joye/Desktop/MY_CODE/[Work]/Work_YX/FlameCCP_ISAP_R3.0/Post_4/isap-fake-tools/app/services/data_generator.py", line 442, in _generate_foreign_key_value
    raise ValueError(f"外键依赖错误: 表 '{table_name}' 的字段 '{field_name}' 依赖于表 '{related_table}'，但该表的数据尚未生成或缓存为空。请确保依赖表先生成数据。")
ValueError: 外键依赖错误: 表 'oms_order_item' 的字段 'order_id' 依赖于表 'oms_order'，但该表的数据尚未生成或缓存为空。请确保依赖表先生成数据。

INFO:app.services.data_generator:退出 generate_data_for_tables 方法
INFO:app.core.database:数据库连接已关闭
数据库连接URL----: postgresql://isap_admin:113RfkdsDMDb6H7T@172.16.10.196:5432/db_house
[2025-10-14 10:46:43.332850] ✅ 成功连接到数据库: db_house
[2025-10-14 10:46:43.332862] 🚀 启动持续数据生成服务 (任务ID: 6209c84d)
   表: crawler_competitor_price, ext_market_trend, oms_order_item
   间隔: 30 秒
   每批记录数: 10
   任务ID: 6209c84d
   日志文件: logs/background_service_6209c84d.log
   按 Ctrl+C 停止服务
[2025-10-14 10:46:43.332876] 📦 开始生成第 1 批数据...
[2025-10-14 10:46:44.020262] ❌ 数据生成失败: 外键依赖错误: 表 'oms_order_item' 的字段 'order_id' 依赖于表 'oms_order'，但该表的数据尚未生成或缓存为空。请确保依赖表先生成数据。
[2025-10-14 10:46:44.020290] ⚠️ 第 1 批数据生成失败
[2025-10-14 10:46:44.020295] ⏱️ 等待 30 秒后继续...
[2025-10-14 10:47:14.049415] 📦 开始生成第 2 批数据...
[2025-10-14 10:47:14.309829] ❌ 数据生成失败: 外键依赖错误: 表 'oms_order_item' 的字段 'order_id' 依赖于表 'oms_order'，但该表的数据尚未生成或缓存为空。请确保依赖表先生成数据。
[2025-10-14 10:47:14.309852] ⚠️ 第 2 批数据生成失败
[2025-10-14 10:47:14.309856] ⏱️ 等待 30 秒后继续...

[2025-10-14 10:47:32.357461] 🛑 收到停止信号，正在关闭...
[2025-10-14 10:47:33.335744] 🛑 持续数据生成服务已停止
[2025-10-14 10:47:33.342167] 🔌 已断开数据库连接
