INFO:app.core.database:连接数据库: 172.16.10.196:5432/db_house
INFO:app.core.database:数据库连接成功
INFO:app.services.data_generator:开始 generate_data_for_tables 方法
INFO:app.services.data_generator:独立表（阶段1）: ['crawler_competitor_price', 'crm_customer', 'ext_market_trend']
INFO:app.services.data_generator:依赖表（阶段2）: ['oms_order', 'lms_shipment', 'fms_financial_transaction', 'oms_order_item']
INFO:app.services.data_generator:初始化数据库计数器
INFO:app.core.database:执行查询: SELECT MAX(id) FROM crawler_competitor_price, 参数: ()
INFO:app.core.database:连接数据库: 172.16.10.196:5432/db_house
INFO:app.core.database:查询执行成功
INFO:app.core.database:执行查询: SELECT MAX(id) FROM ext_market_trend, 参数: ()
INFO:app.core.database:连接数据库: 172.16.10.196:5432/db_house
INFO:app.core.database:查询执行成功
INFO:app.core.database:执行查询: SELECT MAX(id) FROM oms_order_item, 参数: ()
INFO:app.core.database:连接数据库: 172.16.10.196:5432/db_house
INFO:app.core.database:查询执行成功
INFO:app.services.data_generator:计数器初始化完成: {'crawler_competitor_price_id': 0, 'ext_market_trend_id': 0, 'oms_order_item_id': 0}
INFO:app.services.data_generator:开始处理日期: 2025-10-21
INFO:app.services.data_generator:当天计划生成记录数: 1
INFO:app.services.data_generator:已清空外键缓存
INFO:app.services.data_generator:=== 阶段1：生成独立表 ===
INFO:app.services.data_generator:开始为独立表 crawler_competitor_price 生成数据
ERROR:app.services.data_generator:generate_data_for_tables 方法执行失败: DataGenerator._generate_record() takes 4 positional arguments but 5 were given
ERROR:app.services.data_generator:错误详情: Traceback (most recent call last):
  File "/Users/joye/Desktop/MY_CODE/[Work]/Work_YX/FlameCCP_ISAP_R3.0/Post_5/isap-fake-tools/app/services/data_generator.py", line 113, in generate_data_for_tables
    table_records = await self._generate_table_data(
                    ^^^^^^^^^^^^^^^^^^^^^^^^^^^^^^^^
  File "/Users/joye/Desktop/MY_CODE/[Work]/Work_YX/FlameCCP_ISAP_R3.0/Post_5/isap-fake-tools/app/services/data_generator.py", line 187, in _generate_table_data
    record = self._generate_record(config, table_name, current_date, pca_values)
             ^^^^^^^^^^^^^^^^^^^^^^^^^^^^^^^^^^^^^^^^^^^^^^^^^^^^^^^^^^^^^^^^^^^
TypeError: DataGenerator._generate_record() takes 4 positional arguments but 5 were given

INFO:app.services.data_generator:退出 generate_data_for_tables 方法
INFO:app.services.data_generator:开始 generate_data_for_tables 方法
INFO:app.services.data_generator:独立表（阶段1）: ['crawler_competitor_price', 'crm_customer', 'ext_market_trend']
INFO:app.services.data_generator:依赖表（阶段2）: ['oms_order', 'lms_shipment', 'fms_financial_transaction', 'oms_order_item']
INFO:app.services.data_generator:初始化数据库计数器
INFO:app.core.database:执行查询: SELECT MAX(id) FROM crawler_competitor_price, 参数: ()
INFO:app.core.database:连接数据库: 172.16.10.196:5432/db_house
INFO:app.core.database:查询执行成功
INFO:app.core.database:执行查询: SELECT MAX(id) FROM ext_market_trend, 参数: ()
INFO:app.core.database:连接数据库: 172.16.10.196:5432/db_house
INFO:app.core.database:查询执行成功
INFO:app.core.database:执行查询: SELECT MAX(id) FROM oms_order_item, 参数: ()
INFO:app.core.database:连接数据库: 172.16.10.196:5432/db_house
INFO:app.core.database:查询执行成功
INFO:app.services.data_generator:计数器初始化完成: {'crawler_competitor_price_id': 0, 'ext_market_trend_id': 0, 'oms_order_item_id': 0}
INFO:app.services.data_generator:开始处理日期: 2025-10-21
INFO:app.services.data_generator:当天计划生成记录数: 1
INFO:app.services.data_generator:已清空外键缓存
INFO:app.services.data_generator:=== 阶段1：生成独立表 ===
INFO:app.services.data_generator:开始为独立表 crawler_competitor_price 生成数据
ERROR:app.services.data_generator:generate_data_for_tables 方法执行失败: DataGenerator._generate_record() takes 4 positional arguments but 5 were given
ERROR:app.services.data_generator:错误详情: Traceback (most recent call last):
  File "/Users/joye/Desktop/MY_CODE/[Work]/Work_YX/FlameCCP_ISAP_R3.0/Post_5/isap-fake-tools/app/services/data_generator.py", line 113, in generate_data_for_tables
    table_records = await self._generate_table_data(
                    ^^^^^^^^^^^^^^^^^^^^^^^^^^^^^^^^
  File "/Users/joye/Desktop/MY_CODE/[Work]/Work_YX/FlameCCP_ISAP_R3.0/Post_5/isap-fake-tools/app/services/data_generator.py", line 187, in _generate_table_data
    record = self._generate_record(config, table_name, current_date, pca_values)
             ^^^^^^^^^^^^^^^^^^^^^^^^^^^^^^^^^^^^^^^^^^^^^^^^^^^^^^^^^^^^^^^^^^^
TypeError: DataGenerator._generate_record() takes 4 positional arguments but 5 were given

INFO:app.services.data_generator:退出 generate_data_for_tables 方法
INFO:app.services.data_generator:开始 generate_data_for_tables 方法
INFO:app.services.data_generator:独立表（阶段1）: ['crawler_competitor_price', 'crm_customer', 'ext_market_trend']
INFO:app.services.data_generator:依赖表（阶段2）: ['oms_order', 'lms_shipment', 'fms_financial_transaction', 'oms_order_item']
INFO:app.services.data_generator:初始化数据库计数器
INFO:app.core.database:执行查询: SELECT MAX(id) FROM crawler_competitor_price, 参数: ()
INFO:app.core.database:连接数据库: 172.16.10.196:5432/db_house
INFO:app.core.database:查询执行成功
INFO:app.core.database:执行查询: SELECT MAX(id) FROM ext_market_trend, 参数: ()
INFO:app.core.database:连接数据库: 172.16.10.196:5432/db_house
INFO:app.core.database:查询执行成功
INFO:app.core.database:执行查询: SELECT MAX(id) FROM oms_order_item, 参数: ()
INFO:app.core.database:连接数据库: 172.16.10.196:5432/db_house
INFO:app.core.database:查询执行成功
INFO:app.services.data_generator:计数器初始化完成: {'crawler_competitor_price_id': 0, 'ext_market_trend_id': 0, 'oms_order_item_id': 0}
INFO:app.services.data_generator:开始处理日期: 2025-10-21
INFO:app.services.data_generator:当天计划生成记录数: 1
INFO:app.services.data_generator:已清空外键缓存
INFO:app.services.data_generator:=== 阶段1：生成独立表 ===
INFO:app.services.data_generator:开始为独立表 crawler_competitor_price 生成数据
ERROR:app.services.data_generator:generate_data_for_tables 方法执行失败: DataGenerator._generate_record() takes 4 positional arguments but 5 were given
ERROR:app.services.data_generator:错误详情: Traceback (most recent call last):
  File "/Users/joye/Desktop/MY_CODE/[Work]/Work_YX/FlameCCP_ISAP_R3.0/Post_5/isap-fake-tools/app/services/data_generator.py", line 113, in generate_data_for_tables
    table_records = await self._generate_table_data(
                    ^^^^^^^^^^^^^^^^^^^^^^^^^^^^^^^^
  File "/Users/joye/Desktop/MY_CODE/[Work]/Work_YX/FlameCCP_ISAP_R3.0/Post_5/isap-fake-tools/app/services/data_generator.py", line 187, in _generate_table_data
    record = self._generate_record(config, table_name, current_date, pca_values)
             ^^^^^^^^^^^^^^^^^^^^^^^^^^^^^^^^^^^^^^^^^^^^^^^^^^^^^^^^^^^^^^^^^^^
TypeError: DataGenerator._generate_record() takes 4 positional arguments but 5 were given

INFO:app.services.data_generator:退出 generate_data_for_tables 方法
INFO:app.services.data_generator:开始 generate_data_for_tables 方法
INFO:app.services.data_generator:独立表（阶段1）: ['crawler_competitor_price', 'crm_customer', 'ext_market_trend']
INFO:app.services.data_generator:依赖表（阶段2）: ['oms_order', 'lms_shipment', 'fms_financial_transaction', 'oms_order_item']
INFO:app.services.data_generator:初始化数据库计数器
INFO:app.core.database:执行查询: SELECT MAX(id) FROM crawler_competitor_price, 参数: ()
INFO:app.core.database:连接数据库: 172.16.10.196:5432/db_house
INFO:app.core.database:查询执行成功
INFO:app.core.database:执行查询: SELECT MAX(id) FROM ext_market_trend, 参数: ()
INFO:app.core.database:连接数据库: 172.16.10.196:5432/db_house
INFO:app.core.database:查询执行成功
INFO:app.core.database:执行查询: SELECT MAX(id) FROM oms_order_item, 参数: ()
INFO:app.core.database:连接数据库: 172.16.10.196:5432/db_house
INFO:app.core.database:查询执行成功
INFO:app.services.data_generator:计数器初始化完成: {'crawler_competitor_price_id': 0, 'ext_market_trend_id': 0, 'oms_order_item_id': 0}
INFO:app.services.data_generator:开始处理日期: 2025-10-21
INFO:app.services.data_generator:当天计划生成记录数: 1
INFO:app.services.data_generator:已清空外键缓存
INFO:app.services.data_generator:=== 阶段1：生成独立表 ===
INFO:app.services.data_generator:开始为独立表 crawler_competitor_price 生成数据
ERROR:app.services.data_generator:generate_data_for_tables 方法执行失败: DataGenerator._generate_record() takes 4 positional arguments but 5 were given
ERROR:app.services.data_generator:错误详情: Traceback (most recent call last):
  File "/Users/joye/Desktop/MY_CODE/[Work]/Work_YX/FlameCCP_ISAP_R3.0/Post_5/isap-fake-tools/app/services/data_generator.py", line 113, in generate_data_for_tables
    table_records = await self._generate_table_data(
                    ^^^^^^^^^^^^^^^^^^^^^^^^^^^^^^^^
  File "/Users/joye/Desktop/MY_CODE/[Work]/Work_YX/FlameCCP_ISAP_R3.0/Post_5/isap-fake-tools/app/services/data_generator.py", line 187, in _generate_table_data
    record = self._generate_record(config, table_name, current_date, pca_values)
             ^^^^^^^^^^^^^^^^^^^^^^^^^^^^^^^^^^^^^^^^^^^^^^^^^^^^^^^^^^^^^^^^^^^
TypeError: DataGenerator._generate_record() takes 4 positional arguments but 5 were given

INFO:app.services.data_generator:退出 generate_data_for_tables 方法
INFO:app.services.data_generator:开始 generate_data_for_tables 方法
INFO:app.services.data_generator:独立表（阶段1）: ['crawler_competitor_price', 'crm_customer', 'ext_market_trend']
INFO:app.services.data_generator:依赖表（阶段2）: ['oms_order', 'lms_shipment', 'fms_financial_transaction', 'oms_order_item']
INFO:app.services.data_generator:初始化数据库计数器
INFO:app.core.database:执行查询: SELECT MAX(id) FROM crawler_competitor_price, 参数: ()
INFO:app.core.database:连接数据库: 172.16.10.196:5432/db_house
INFO:app.core.database:查询执行成功
INFO:app.core.database:执行查询: SELECT MAX(id) FROM ext_market_trend, 参数: ()
INFO:app.core.database:连接数据库: 172.16.10.196:5432/db_house
INFO:app.core.database:查询执行成功
INFO:app.core.database:执行查询: SELECT MAX(id) FROM oms_order_item, 参数: ()
INFO:app.core.database:连接数据库: 172.16.10.196:5432/db_house
INFO:app.core.database:查询执行成功
INFO:app.services.data_generator:计数器初始化完成: {'crawler_competitor_price_id': 0, 'ext_market_trend_id': 0, 'oms_order_item_id': 0}
INFO:app.services.data_generator:开始处理日期: 2025-10-21
INFO:app.services.data_generator:当天计划生成记录数: 1
INFO:app.services.data_generator:已清空外键缓存
INFO:app.services.data_generator:=== 阶段1：生成独立表 ===
INFO:app.services.data_generator:开始为独立表 crawler_competitor_price 生成数据
ERROR:app.services.data_generator:generate_data_for_tables 方法执行失败: DataGenerator._generate_record() takes 4 positional arguments but 5 were given
ERROR:app.services.data_generator:错误详情: Traceback (most recent call last):
  File "/Users/joye/Desktop/MY_CODE/[Work]/Work_YX/FlameCCP_ISAP_R3.0/Post_5/isap-fake-tools/app/services/data_generator.py", line 113, in generate_data_for_tables
    table_records = await self._generate_table_data(
                    ^^^^^^^^^^^^^^^^^^^^^^^^^^^^^^^^
  File "/Users/joye/Desktop/MY_CODE/[Work]/Work_YX/FlameCCP_ISAP_R3.0/Post_5/isap-fake-tools/app/services/data_generator.py", line 187, in _generate_table_data
    record = self._generate_record(config, table_name, current_date, pca_values)
             ^^^^^^^^^^^^^^^^^^^^^^^^^^^^^^^^^^^^^^^^^^^^^^^^^^^^^^^^^^^^^^^^^^^
TypeError: DataGenerator._generate_record() takes 4 positional arguments but 5 were given

INFO:app.services.data_generator:退出 generate_data_for_tables 方法
INFO:app.services.data_generator:开始 generate_data_for_tables 方法
INFO:app.services.data_generator:独立表（阶段1）: ['crawler_competitor_price', 'crm_customer', 'ext_market_trend']
INFO:app.services.data_generator:依赖表（阶段2）: ['oms_order', 'lms_shipment', 'fms_financial_transaction', 'oms_order_item']
INFO:app.services.data_generator:初始化数据库计数器
INFO:app.core.database:执行查询: SELECT MAX(id) FROM crawler_competitor_price, 参数: ()
INFO:app.core.database:连接数据库: 172.16.10.196:5432/db_house
INFO:app.core.database:查询执行成功
INFO:app.core.database:执行查询: SELECT MAX(id) FROM ext_market_trend, 参数: ()
INFO:app.core.database:连接数据库: 172.16.10.196:5432/db_house
INFO:app.core.database:查询执行成功
INFO:app.core.database:执行查询: SELECT MAX(id) FROM oms_order_item, 参数: ()
INFO:app.core.database:连接数据库: 172.16.10.196:5432/db_house
INFO:app.core.database:查询执行成功
INFO:app.services.data_generator:计数器初始化完成: {'crawler_competitor_price_id': 0, 'ext_market_trend_id': 0, 'oms_order_item_id': 0}
INFO:app.services.data_generator:开始处理日期: 2025-10-21
INFO:app.services.data_generator:当天计划生成记录数: 1
INFO:app.services.data_generator:已清空外键缓存
INFO:app.services.data_generator:=== 阶段1：生成独立表 ===
INFO:app.services.data_generator:开始为独立表 crawler_competitor_price 生成数据
ERROR:app.services.data_generator:generate_data_for_tables 方法执行失败: DataGenerator._generate_record() takes 4 positional arguments but 5 were given
ERROR:app.services.data_generator:错误详情: Traceback (most recent call last):
  File "/Users/joye/Desktop/MY_CODE/[Work]/Work_YX/FlameCCP_ISAP_R3.0/Post_5/isap-fake-tools/app/services/data_generator.py", line 113, in generate_data_for_tables
    table_records = await self._generate_table_data(
                    ^^^^^^^^^^^^^^^^^^^^^^^^^^^^^^^^
  File "/Users/joye/Desktop/MY_CODE/[Work]/Work_YX/FlameCCP_ISAP_R3.0/Post_5/isap-fake-tools/app/services/data_generator.py", line 187, in _generate_table_data
    record = self._generate_record(config, table_name, current_date, pca_values)
             ^^^^^^^^^^^^^^^^^^^^^^^^^^^^^^^^^^^^^^^^^^^^^^^^^^^^^^^^^^^^^^^^^^^
TypeError: DataGenerator._generate_record() takes 4 positional arguments but 5 were given

INFO:app.services.data_generator:退出 generate_data_for_tables 方法
INFO:app.services.data_generator:开始 generate_data_for_tables 方法
INFO:app.services.data_generator:独立表（阶段1）: ['crawler_competitor_price', 'crm_customer', 'ext_market_trend']
INFO:app.services.data_generator:依赖表（阶段2）: ['oms_order', 'lms_shipment', 'fms_financial_transaction', 'oms_order_item']
INFO:app.services.data_generator:初始化数据库计数器
INFO:app.core.database:执行查询: SELECT MAX(id) FROM crawler_competitor_price, 参数: ()
INFO:app.core.database:连接数据库: 172.16.10.196:5432/db_house
INFO:app.core.database:查询执行成功
INFO:app.core.database:执行查询: SELECT MAX(id) FROM ext_market_trend, 参数: ()
INFO:app.core.database:连接数据库: 172.16.10.196:5432/db_house
INFO:app.core.database:查询执行成功
INFO:app.core.database:执行查询: SELECT MAX(id) FROM oms_order_item, 参数: ()
INFO:app.core.database:连接数据库: 172.16.10.196:5432/db_house
INFO:app.core.database:查询执行成功
INFO:app.services.data_generator:计数器初始化完成: {'crawler_competitor_price_id': 0, 'ext_market_trend_id': 0, 'oms_order_item_id': 0}
INFO:app.services.data_generator:开始处理日期: 2025-10-21
INFO:app.services.data_generator:当天计划生成记录数: 1
INFO:app.services.data_generator:已清空外键缓存
INFO:app.services.data_generator:=== 阶段1：生成独立表 ===
INFO:app.services.data_generator:开始为独立表 crawler_competitor_price 生成数据
ERROR:app.services.data_generator:generate_data_for_tables 方法执行失败: DataGenerator._generate_record() takes 4 positional arguments but 5 were given
ERROR:app.services.data_generator:错误详情: Traceback (most recent call last):
  File "/Users/joye/Desktop/MY_CODE/[Work]/Work_YX/FlameCCP_ISAP_R3.0/Post_5/isap-fake-tools/app/services/data_generator.py", line 113, in generate_data_for_tables
    table_records = await self._generate_table_data(
                    ^^^^^^^^^^^^^^^^^^^^^^^^^^^^^^^^
  File "/Users/joye/Desktop/MY_CODE/[Work]/Work_YX/FlameCCP_ISAP_R3.0/Post_5/isap-fake-tools/app/services/data_generator.py", line 187, in _generate_table_data
    record = self._generate_record(config, table_name, current_date, pca_values)
             ^^^^^^^^^^^^^^^^^^^^^^^^^^^^^^^^^^^^^^^^^^^^^^^^^^^^^^^^^^^^^^^^^^^
TypeError: DataGenerator._generate_record() takes 4 positional arguments but 5 were given

INFO:app.services.data_generator:退出 generate_data_for_tables 方法
INFO:app.services.data_generator:开始 generate_data_for_tables 方法
INFO:app.services.data_generator:独立表（阶段1）: ['crawler_competitor_price', 'crm_customer', 'ext_market_trend']
INFO:app.services.data_generator:依赖表（阶段2）: ['oms_order', 'lms_shipment', 'fms_financial_transaction', 'oms_order_item']
INFO:app.services.data_generator:初始化数据库计数器
INFO:app.core.database:执行查询: SELECT MAX(id) FROM crawler_competitor_price, 参数: ()
INFO:app.core.database:连接数据库: 172.16.10.196:5432/db_house
INFO:app.core.database:查询执行成功
INFO:app.core.database:执行查询: SELECT MAX(id) FROM ext_market_trend, 参数: ()
INFO:app.core.database:连接数据库: 172.16.10.196:5432/db_house
INFO:app.core.database:查询执行成功
INFO:app.core.database:执行查询: SELECT MAX(id) FROM oms_order_item, 参数: ()
INFO:app.core.database:连接数据库: 172.16.10.196:5432/db_house
INFO:app.core.database:查询执行成功
INFO:app.services.data_generator:计数器初始化完成: {'crawler_competitor_price_id': 0, 'ext_market_trend_id': 0, 'oms_order_item_id': 0}
INFO:app.services.data_generator:开始处理日期: 2025-10-21
INFO:app.services.data_generator:当天计划生成记录数: 1
INFO:app.services.data_generator:已清空外键缓存
INFO:app.services.data_generator:=== 阶段1：生成独立表 ===
INFO:app.services.data_generator:开始为独立表 crawler_competitor_price 生成数据
ERROR:app.services.data_generator:generate_data_for_tables 方法执行失败: DataGenerator._generate_record() takes 4 positional arguments but 5 were given
ERROR:app.services.data_generator:错误详情: Traceback (most recent call last):
  File "/Users/joye/Desktop/MY_CODE/[Work]/Work_YX/FlameCCP_ISAP_R3.0/Post_5/isap-fake-tools/app/services/data_generator.py", line 113, in generate_data_for_tables
    table_records = await self._generate_table_data(
                    ^^^^^^^^^^^^^^^^^^^^^^^^^^^^^^^^
  File "/Users/joye/Desktop/MY_CODE/[Work]/Work_YX/FlameCCP_ISAP_R3.0/Post_5/isap-fake-tools/app/services/data_generator.py", line 187, in _generate_table_data
    record = self._generate_record(config, table_name, current_date, pca_values)
             ^^^^^^^^^^^^^^^^^^^^^^^^^^^^^^^^^^^^^^^^^^^^^^^^^^^^^^^^^^^^^^^^^^^
TypeError: DataGenerator._generate_record() takes 4 positional arguments but 5 were given

INFO:app.services.data_generator:退出 generate_data_for_tables 方法
INFO:app.services.data_generator:开始 generate_data_for_tables 方法
INFO:app.services.data_generator:独立表（阶段1）: ['crawler_competitor_price', 'crm_customer', 'ext_market_trend']
INFO:app.services.data_generator:依赖表（阶段2）: ['oms_order', 'lms_shipment', 'fms_financial_transaction', 'oms_order_item']
INFO:app.services.data_generator:初始化数据库计数器
INFO:app.core.database:执行查询: SELECT MAX(id) FROM crawler_competitor_price, 参数: ()
INFO:app.core.database:连接数据库: 172.16.10.196:5432/db_house
INFO:app.core.database:查询执行成功
INFO:app.core.database:执行查询: SELECT MAX(id) FROM ext_market_trend, 参数: ()
INFO:app.core.database:连接数据库: 172.16.10.196:5432/db_house
INFO:app.core.database:查询执行成功
INFO:app.core.database:执行查询: SELECT MAX(id) FROM oms_order_item, 参数: ()
INFO:app.core.database:连接数据库: 172.16.10.196:5432/db_house
INFO:app.core.database:查询执行成功
INFO:app.services.data_generator:计数器初始化完成: {'crawler_competitor_price_id': 0, 'ext_market_trend_id': 0, 'oms_order_item_id': 0}
INFO:app.services.data_generator:开始处理日期: 2025-10-21
INFO:app.services.data_generator:当天计划生成记录数: 1
INFO:app.services.data_generator:已清空外键缓存
INFO:app.services.data_generator:=== 阶段1：生成独立表 ===
INFO:app.services.data_generator:开始为独立表 crawler_competitor_price 生成数据
ERROR:app.services.data_generator:generate_data_for_tables 方法执行失败: DataGenerator._generate_record() takes 4 positional arguments but 5 were given
ERROR:app.services.data_generator:错误详情: Traceback (most recent call last):
  File "/Users/joye/Desktop/MY_CODE/[Work]/Work_YX/FlameCCP_ISAP_R3.0/Post_5/isap-fake-tools/app/services/data_generator.py", line 113, in generate_data_for_tables
    table_records = await self._generate_table_data(
                    ^^^^^^^^^^^^^^^^^^^^^^^^^^^^^^^^
  File "/Users/joye/Desktop/MY_CODE/[Work]/Work_YX/FlameCCP_ISAP_R3.0/Post_5/isap-fake-tools/app/services/data_generator.py", line 187, in _generate_table_data
    record = self._generate_record(config, table_name, current_date, pca_values)
             ^^^^^^^^^^^^^^^^^^^^^^^^^^^^^^^^^^^^^^^^^^^^^^^^^^^^^^^^^^^^^^^^^^^
TypeError: DataGenerator._generate_record() takes 4 positional arguments but 5 were given

INFO:app.services.data_generator:退出 generate_data_for_tables 方法
INFO:app.services.data_generator:开始 generate_data_for_tables 方法
INFO:app.services.data_generator:独立表（阶段1）: ['crawler_competitor_price', 'crm_customer', 'ext_market_trend']
INFO:app.services.data_generator:依赖表（阶段2）: ['oms_order', 'lms_shipment', 'fms_financial_transaction', 'oms_order_item']
INFO:app.services.data_generator:初始化数据库计数器
INFO:app.core.database:执行查询: SELECT MAX(id) FROM crawler_competitor_price, 参数: ()
INFO:app.core.database:连接数据库: 172.16.10.196:5432/db_house
INFO:app.core.database:查询执行成功
INFO:app.core.database:执行查询: SELECT MAX(id) FROM ext_market_trend, 参数: ()
INFO:app.core.database:连接数据库: 172.16.10.196:5432/db_house
INFO:app.core.database:查询执行成功
INFO:app.core.database:执行查询: SELECT MAX(id) FROM oms_order_item, 参数: ()
INFO:app.core.database:连接数据库: 172.16.10.196:5432/db_house
INFO:app.core.database:查询执行成功
INFO:app.services.data_generator:计数器初始化完成: {'crawler_competitor_price_id': 0, 'ext_market_trend_id': 0, 'oms_order_item_id': 0}
INFO:app.services.data_generator:开始处理日期: 2025-10-21
INFO:app.services.data_generator:当天计划生成记录数: 1
INFO:app.services.data_generator:已清空外键缓存
INFO:app.services.data_generator:=== 阶段1：生成独立表 ===
INFO:app.services.data_generator:开始为独立表 crawler_competitor_price 生成数据
ERROR:app.services.data_generator:generate_data_for_tables 方法执行失败: DataGenerator._generate_record() takes 4 positional arguments but 5 were given
ERROR:app.services.data_generator:错误详情: Traceback (most recent call last):
  File "/Users/joye/Desktop/MY_CODE/[Work]/Work_YX/FlameCCP_ISAP_R3.0/Post_5/isap-fake-tools/app/services/data_generator.py", line 113, in generate_data_for_tables
    table_records = await self._generate_table_data(
                    ^^^^^^^^^^^^^^^^^^^^^^^^^^^^^^^^
  File "/Users/joye/Desktop/MY_CODE/[Work]/Work_YX/FlameCCP_ISAP_R3.0/Post_5/isap-fake-tools/app/services/data_generator.py", line 187, in _generate_table_data
    record = self._generate_record(config, table_name, current_date, pca_values)
             ^^^^^^^^^^^^^^^^^^^^^^^^^^^^^^^^^^^^^^^^^^^^^^^^^^^^^^^^^^^^^^^^^^^
TypeError: DataGenerator._generate_record() takes 4 positional arguments but 5 were given

INFO:app.services.data_generator:退出 generate_data_for_tables 方法
INFO:app.services.data_generator:开始 generate_data_for_tables 方法
INFO:app.services.data_generator:独立表（阶段1）: ['crawler_competitor_price', 'crm_customer', 'ext_market_trend']
INFO:app.services.data_generator:依赖表（阶段2）: ['oms_order', 'lms_shipment', 'fms_financial_transaction', 'oms_order_item']
INFO:app.services.data_generator:初始化数据库计数器
INFO:app.core.database:执行查询: SELECT MAX(id) FROM crawler_competitor_price, 参数: ()
INFO:app.core.database:连接数据库: 172.16.10.196:5432/db_house
INFO:app.core.database:查询执行成功
INFO:app.core.database:执行查询: SELECT MAX(id) FROM ext_market_trend, 参数: ()
INFO:app.core.database:连接数据库: 172.16.10.196:5432/db_house
INFO:app.core.database:查询执行成功
INFO:app.core.database:执行查询: SELECT MAX(id) FROM oms_order_item, 参数: ()
INFO:app.core.database:连接数据库: 172.16.10.196:5432/db_house
INFO:app.core.database:查询执行成功
INFO:app.services.data_generator:计数器初始化完成: {'crawler_competitor_price_id': 0, 'ext_market_trend_id': 0, 'oms_order_item_id': 0}
INFO:app.services.data_generator:开始处理日期: 2025-10-21
INFO:app.services.data_generator:当天计划生成记录数: 1
INFO:app.services.data_generator:已清空外键缓存
INFO:app.services.data_generator:=== 阶段1：生成独立表 ===
INFO:app.services.data_generator:开始为独立表 crawler_competitor_price 生成数据
ERROR:app.services.data_generator:generate_data_for_tables 方法执行失败: DataGenerator._generate_record() takes 4 positional arguments but 5 were given
ERROR:app.services.data_generator:错误详情: Traceback (most recent call last):
  File "/Users/joye/Desktop/MY_CODE/[Work]/Work_YX/FlameCCP_ISAP_R3.0/Post_5/isap-fake-tools/app/services/data_generator.py", line 113, in generate_data_for_tables
    table_records = await self._generate_table_data(
                    ^^^^^^^^^^^^^^^^^^^^^^^^^^^^^^^^
  File "/Users/joye/Desktop/MY_CODE/[Work]/Work_YX/FlameCCP_ISAP_R3.0/Post_5/isap-fake-tools/app/services/data_generator.py", line 187, in _generate_table_data
    record = self._generate_record(config, table_name, current_date, pca_values)
             ^^^^^^^^^^^^^^^^^^^^^^^^^^^^^^^^^^^^^^^^^^^^^^^^^^^^^^^^^^^^^^^^^^^
TypeError: DataGenerator._generate_record() takes 4 positional arguments but 5 were given

INFO:app.services.data_generator:退出 generate_data_for_tables 方法
INFO:app.services.data_generator:开始 generate_data_for_tables 方法
INFO:app.services.data_generator:独立表（阶段1）: ['crawler_competitor_price', 'crm_customer', 'ext_market_trend']
INFO:app.services.data_generator:依赖表（阶段2）: ['oms_order', 'lms_shipment', 'fms_financial_transaction', 'oms_order_item']
INFO:app.services.data_generator:初始化数据库计数器
INFO:app.core.database:执行查询: SELECT MAX(id) FROM crawler_competitor_price, 参数: ()
INFO:app.core.database:连接数据库: 172.16.10.196:5432/db_house
INFO:app.core.database:查询执行成功
INFO:app.core.database:执行查询: SELECT MAX(id) FROM ext_market_trend, 参数: ()
INFO:app.core.database:连接数据库: 172.16.10.196:5432/db_house
INFO:app.core.database:查询执行成功
INFO:app.core.database:执行查询: SELECT MAX(id) FROM oms_order_item, 参数: ()
INFO:app.core.database:连接数据库: 172.16.10.196:5432/db_house
INFO:app.core.database:查询执行成功
INFO:app.services.data_generator:计数器初始化完成: {'crawler_competitor_price_id': 0, 'ext_market_trend_id': 0, 'oms_order_item_id': 0}
INFO:app.services.data_generator:开始处理日期: 2025-10-21
INFO:app.services.data_generator:当天计划生成记录数: 1
INFO:app.services.data_generator:已清空外键缓存
INFO:app.services.data_generator:=== 阶段1：生成独立表 ===
INFO:app.services.data_generator:开始为独立表 crawler_competitor_price 生成数据
ERROR:app.services.data_generator:generate_data_for_tables 方法执行失败: DataGenerator._generate_record() takes 4 positional arguments but 5 were given
ERROR:app.services.data_generator:错误详情: Traceback (most recent call last):
  File "/Users/joye/Desktop/MY_CODE/[Work]/Work_YX/FlameCCP_ISAP_R3.0/Post_5/isap-fake-tools/app/services/data_generator.py", line 113, in generate_data_for_tables
    table_records = await self._generate_table_data(
                    ^^^^^^^^^^^^^^^^^^^^^^^^^^^^^^^^
  File "/Users/joye/Desktop/MY_CODE/[Work]/Work_YX/FlameCCP_ISAP_R3.0/Post_5/isap-fake-tools/app/services/data_generator.py", line 187, in _generate_table_data
    record = self._generate_record(config, table_name, current_date, pca_values)
             ^^^^^^^^^^^^^^^^^^^^^^^^^^^^^^^^^^^^^^^^^^^^^^^^^^^^^^^^^^^^^^^^^^^
TypeError: DataGenerator._generate_record() takes 4 positional arguments but 5 were given

INFO:app.services.data_generator:退出 generate_data_for_tables 方法
INFO:app.services.data_generator:开始 generate_data_for_tables 方法
INFO:app.services.data_generator:独立表（阶段1）: ['crawler_competitor_price', 'crm_customer', 'ext_market_trend']
INFO:app.services.data_generator:依赖表（阶段2）: ['oms_order', 'lms_shipment', 'fms_financial_transaction', 'oms_order_item']
INFO:app.services.data_generator:初始化数据库计数器
INFO:app.core.database:执行查询: SELECT MAX(id) FROM crawler_competitor_price, 参数: ()
INFO:app.core.database:连接数据库: 172.16.10.196:5432/db_house
INFO:app.core.database:查询执行成功
INFO:app.core.database:执行查询: SELECT MAX(id) FROM ext_market_trend, 参数: ()
INFO:app.core.database:连接数据库: 172.16.10.196:5432/db_house
INFO:app.core.database:查询执行成功
INFO:app.core.database:执行查询: SELECT MAX(id) FROM oms_order_item, 参数: ()
INFO:app.core.database:连接数据库: 172.16.10.196:5432/db_house
INFO:app.core.database:查询执行成功
INFO:app.services.data_generator:计数器初始化完成: {'crawler_competitor_price_id': 0, 'ext_market_trend_id': 0, 'oms_order_item_id': 0}
INFO:app.services.data_generator:开始处理日期: 2025-10-21
INFO:app.services.data_generator:当天计划生成记录数: 1
INFO:app.services.data_generator:已清空外键缓存
INFO:app.services.data_generator:=== 阶段1：生成独立表 ===
INFO:app.services.data_generator:开始为独立表 crawler_competitor_price 生成数据
ERROR:app.services.data_generator:generate_data_for_tables 方法执行失败: DataGenerator._generate_record() takes 4 positional arguments but 5 were given
ERROR:app.services.data_generator:错误详情: Traceback (most recent call last):
  File "/Users/joye/Desktop/MY_CODE/[Work]/Work_YX/FlameCCP_ISAP_R3.0/Post_5/isap-fake-tools/app/services/data_generator.py", line 113, in generate_data_for_tables
    table_records = await self._generate_table_data(
                    ^^^^^^^^^^^^^^^^^^^^^^^^^^^^^^^^
  File "/Users/joye/Desktop/MY_CODE/[Work]/Work_YX/FlameCCP_ISAP_R3.0/Post_5/isap-fake-tools/app/services/data_generator.py", line 187, in _generate_table_data
    record = self._generate_record(config, table_name, current_date, pca_values)
             ^^^^^^^^^^^^^^^^^^^^^^^^^^^^^^^^^^^^^^^^^^^^^^^^^^^^^^^^^^^^^^^^^^^
TypeError: DataGenerator._generate_record() takes 4 positional arguments but 5 were given

INFO:app.services.data_generator:退出 generate_data_for_tables 方法
INFO:app.services.data_generator:开始 generate_data_for_tables 方法
INFO:app.services.data_generator:独立表（阶段1）: ['crawler_competitor_price', 'crm_customer', 'ext_market_trend']
INFO:app.services.data_generator:依赖表（阶段2）: ['oms_order', 'lms_shipment', 'fms_financial_transaction', 'oms_order_item']
INFO:app.services.data_generator:初始化数据库计数器
INFO:app.core.database:执行查询: SELECT MAX(id) FROM crawler_competitor_price, 参数: ()
INFO:app.core.database:连接数据库: 172.16.10.196:5432/db_house
INFO:app.core.database:查询执行成功
INFO:app.core.database:执行查询: SELECT MAX(id) FROM ext_market_trend, 参数: ()
INFO:app.core.database:连接数据库: 172.16.10.196:5432/db_house
INFO:app.core.database:查询执行成功
INFO:app.core.database:执行查询: SELECT MAX(id) FROM oms_order_item, 参数: ()
INFO:app.core.database:连接数据库: 172.16.10.196:5432/db_house
INFO:app.core.database:查询执行成功
INFO:app.services.data_generator:计数器初始化完成: {'crawler_competitor_price_id': 0, 'ext_market_trend_id': 0, 'oms_order_item_id': 0}
INFO:app.services.data_generator:开始处理日期: 2025-10-21
INFO:app.services.data_generator:当天计划生成记录数: 1
INFO:app.services.data_generator:已清空外键缓存
INFO:app.services.data_generator:=== 阶段1：生成独立表 ===
INFO:app.services.data_generator:开始为独立表 crawler_competitor_price 生成数据
ERROR:app.services.data_generator:generate_data_for_tables 方法执行失败: DataGenerator._generate_record() takes 4 positional arguments but 5 were given
ERROR:app.services.data_generator:错误详情: Traceback (most recent call last):
  File "/Users/joye/Desktop/MY_CODE/[Work]/Work_YX/FlameCCP_ISAP_R3.0/Post_5/isap-fake-tools/app/services/data_generator.py", line 113, in generate_data_for_tables
    table_records = await self._generate_table_data(
                    ^^^^^^^^^^^^^^^^^^^^^^^^^^^^^^^^
  File "/Users/joye/Desktop/MY_CODE/[Work]/Work_YX/FlameCCP_ISAP_R3.0/Post_5/isap-fake-tools/app/services/data_generator.py", line 187, in _generate_table_data
    record = self._generate_record(config, table_name, current_date, pca_values)
             ^^^^^^^^^^^^^^^^^^^^^^^^^^^^^^^^^^^^^^^^^^^^^^^^^^^^^^^^^^^^^^^^^^^
TypeError: DataGenerator._generate_record() takes 4 positional arguments but 5 were given

INFO:app.services.data_generator:退出 generate_data_for_tables 方法
INFO:app.services.data_generator:开始 generate_data_for_tables 方法
INFO:app.services.data_generator:独立表（阶段1）: ['crawler_competitor_price', 'crm_customer', 'ext_market_trend']
INFO:app.services.data_generator:依赖表（阶段2）: ['oms_order', 'lms_shipment', 'fms_financial_transaction', 'oms_order_item']
INFO:app.services.data_generator:初始化数据库计数器
INFO:app.core.database:执行查询: SELECT MAX(id) FROM crawler_competitor_price, 参数: ()
INFO:app.core.database:连接数据库: 172.16.10.196:5432/db_house
INFO:app.core.database:查询执行成功
INFO:app.core.database:执行查询: SELECT MAX(id) FROM ext_market_trend, 参数: ()
INFO:app.core.database:连接数据库: 172.16.10.196:5432/db_house
INFO:app.core.database:查询执行成功
INFO:app.core.database:执行查询: SELECT MAX(id) FROM oms_order_item, 参数: ()
INFO:app.core.database:连接数据库: 172.16.10.196:5432/db_house
INFO:app.core.database:查询执行成功
INFO:app.services.data_generator:计数器初始化完成: {'crawler_competitor_price_id': 0, 'ext_market_trend_id': 0, 'oms_order_item_id': 0}
INFO:app.services.data_generator:开始处理日期: 2025-10-21
INFO:app.services.data_generator:当天计划生成记录数: 1
INFO:app.services.data_generator:已清空外键缓存
INFO:app.services.data_generator:=== 阶段1：生成独立表 ===
INFO:app.services.data_generator:开始为独立表 crawler_competitor_price 生成数据
ERROR:app.services.data_generator:generate_data_for_tables 方法执行失败: DataGenerator._generate_record() takes 4 positional arguments but 5 were given
ERROR:app.services.data_generator:错误详情: Traceback (most recent call last):
  File "/Users/joye/Desktop/MY_CODE/[Work]/Work_YX/FlameCCP_ISAP_R3.0/Post_5/isap-fake-tools/app/services/data_generator.py", line 113, in generate_data_for_tables
    table_records = await self._generate_table_data(
                    ^^^^^^^^^^^^^^^^^^^^^^^^^^^^^^^^
  File "/Users/joye/Desktop/MY_CODE/[Work]/Work_YX/FlameCCP_ISAP_R3.0/Post_5/isap-fake-tools/app/services/data_generator.py", line 187, in _generate_table_data
    record = self._generate_record(config, table_name, current_date, pca_values)
             ^^^^^^^^^^^^^^^^^^^^^^^^^^^^^^^^^^^^^^^^^^^^^^^^^^^^^^^^^^^^^^^^^^^
TypeError: DataGenerator._generate_record() takes 4 positional arguments but 5 were given

INFO:app.services.data_generator:退出 generate_data_for_tables 方法
INFO:app.services.data_generator:开始 generate_data_for_tables 方法
INFO:app.services.data_generator:独立表（阶段1）: ['crawler_competitor_price', 'crm_customer', 'ext_market_trend']
INFO:app.services.data_generator:依赖表（阶段2）: ['oms_order', 'lms_shipment', 'fms_financial_transaction', 'oms_order_item']
INFO:app.services.data_generator:初始化数据库计数器
INFO:app.core.database:执行查询: SELECT MAX(id) FROM crawler_competitor_price, 参数: ()
INFO:app.core.database:连接数据库: 172.16.10.196:5432/db_house
INFO:app.core.database:查询执行成功
INFO:app.core.database:执行查询: SELECT MAX(id) FROM ext_market_trend, 参数: ()
INFO:app.core.database:连接数据库: 172.16.10.196:5432/db_house
INFO:app.core.database:查询执行成功
INFO:app.core.database:执行查询: SELECT MAX(id) FROM oms_order_item, 参数: ()
INFO:app.core.database:连接数据库: 172.16.10.196:5432/db_house
INFO:app.core.database:查询执行成功
INFO:app.services.data_generator:计数器初始化完成: {'crawler_competitor_price_id': 0, 'ext_market_trend_id': 0, 'oms_order_item_id': 0}
INFO:app.services.data_generator:开始处理日期: 2025-10-21
INFO:app.services.data_generator:当天计划生成记录数: 1
INFO:app.services.data_generator:已清空外键缓存
INFO:app.services.data_generator:=== 阶段1：生成独立表 ===
INFO:app.services.data_generator:开始为独立表 crawler_competitor_price 生成数据
ERROR:app.services.data_generator:generate_data_for_tables 方法执行失败: DataGenerator._generate_record() takes 4 positional arguments but 5 were given
ERROR:app.services.data_generator:错误详情: Traceback (most recent call last):
  File "/Users/joye/Desktop/MY_CODE/[Work]/Work_YX/FlameCCP_ISAP_R3.0/Post_5/isap-fake-tools/app/services/data_generator.py", line 113, in generate_data_for_tables
    table_records = await self._generate_table_data(
                    ^^^^^^^^^^^^^^^^^^^^^^^^^^^^^^^^
  File "/Users/joye/Desktop/MY_CODE/[Work]/Work_YX/FlameCCP_ISAP_R3.0/Post_5/isap-fake-tools/app/services/data_generator.py", line 187, in _generate_table_data
    record = self._generate_record(config, table_name, current_date, pca_values)
             ^^^^^^^^^^^^^^^^^^^^^^^^^^^^^^^^^^^^^^^^^^^^^^^^^^^^^^^^^^^^^^^^^^^
TypeError: DataGenerator._generate_record() takes 4 positional arguments but 5 were given

INFO:app.services.data_generator:退出 generate_data_for_tables 方法
INFO:app.services.data_generator:开始 generate_data_for_tables 方法
INFO:app.services.data_generator:独立表（阶段1）: ['crawler_competitor_price', 'crm_customer', 'ext_market_trend']
INFO:app.services.data_generator:依赖表（阶段2）: ['oms_order', 'lms_shipment', 'fms_financial_transaction', 'oms_order_item']
INFO:app.services.data_generator:初始化数据库计数器
INFO:app.core.database:执行查询: SELECT MAX(id) FROM crawler_competitor_price, 参数: ()
INFO:app.core.database:连接数据库: 172.16.10.196:5432/db_house
INFO:app.core.database:查询执行成功
INFO:app.core.database:执行查询: SELECT MAX(id) FROM ext_market_trend, 参数: ()
INFO:app.core.database:连接数据库: 172.16.10.196:5432/db_house
INFO:app.core.database:查询执行成功
INFO:app.core.database:执行查询: SELECT MAX(id) FROM oms_order_item, 参数: ()
INFO:app.core.database:连接数据库: 172.16.10.196:5432/db_house
INFO:app.core.database:查询执行成功
INFO:app.services.data_generator:计数器初始化完成: {'crawler_competitor_price_id': 0, 'ext_market_trend_id': 0, 'oms_order_item_id': 0}
INFO:app.services.data_generator:开始处理日期: 2025-10-21
INFO:app.services.data_generator:当天计划生成记录数: 1
INFO:app.services.data_generator:已清空外键缓存
INFO:app.services.data_generator:=== 阶段1：生成独立表 ===
INFO:app.services.data_generator:开始为独立表 crawler_competitor_price 生成数据
ERROR:app.services.data_generator:generate_data_for_tables 方法执行失败: DataGenerator._generate_record() takes 4 positional arguments but 5 were given
ERROR:app.services.data_generator:错误详情: Traceback (most recent call last):
  File "/Users/joye/Desktop/MY_CODE/[Work]/Work_YX/FlameCCP_ISAP_R3.0/Post_5/isap-fake-tools/app/services/data_generator.py", line 113, in generate_data_for_tables
    table_records = await self._generate_table_data(
                    ^^^^^^^^^^^^^^^^^^^^^^^^^^^^^^^^
  File "/Users/joye/Desktop/MY_CODE/[Work]/Work_YX/FlameCCP_ISAP_R3.0/Post_5/isap-fake-tools/app/services/data_generator.py", line 187, in _generate_table_data
    record = self._generate_record(config, table_name, current_date, pca_values)
             ^^^^^^^^^^^^^^^^^^^^^^^^^^^^^^^^^^^^^^^^^^^^^^^^^^^^^^^^^^^^^^^^^^^
TypeError: DataGenerator._generate_record() takes 4 positional arguments but 5 were given

INFO:app.services.data_generator:退出 generate_data_for_tables 方法
INFO:app.services.data_generator:开始 generate_data_for_tables 方法
INFO:app.services.data_generator:独立表（阶段1）: ['crawler_competitor_price', 'crm_customer', 'ext_market_trend']
INFO:app.services.data_generator:依赖表（阶段2）: ['oms_order', 'lms_shipment', 'fms_financial_transaction', 'oms_order_item']
INFO:app.services.data_generator:初始化数据库计数器
INFO:app.core.database:执行查询: SELECT MAX(id) FROM crawler_competitor_price, 参数: ()
INFO:app.core.database:连接数据库: 172.16.10.196:5432/db_house
INFO:app.core.database:查询执行成功
INFO:app.core.database:执行查询: SELECT MAX(id) FROM ext_market_trend, 参数: ()
INFO:app.core.database:连接数据库: 172.16.10.196:5432/db_house
INFO:app.core.database:查询执行成功
INFO:app.core.database:执行查询: SELECT MAX(id) FROM oms_order_item, 参数: ()
INFO:app.core.database:连接数据库: 172.16.10.196:5432/db_house
INFO:app.core.database:查询执行成功
INFO:app.services.data_generator:计数器初始化完成: {'crawler_competitor_price_id': 0, 'ext_market_trend_id': 0, 'oms_order_item_id': 0}
INFO:app.services.data_generator:开始处理日期: 2025-10-21
INFO:app.services.data_generator:当天计划生成记录数: 1
INFO:app.services.data_generator:已清空外键缓存
INFO:app.services.data_generator:=== 阶段1：生成独立表 ===
INFO:app.services.data_generator:开始为独立表 crawler_competitor_price 生成数据
ERROR:app.services.data_generator:generate_data_for_tables 方法执行失败: DataGenerator._generate_record() takes 4 positional arguments but 5 were given
ERROR:app.services.data_generator:错误详情: Traceback (most recent call last):
  File "/Users/joye/Desktop/MY_CODE/[Work]/Work_YX/FlameCCP_ISAP_R3.0/Post_5/isap-fake-tools/app/services/data_generator.py", line 113, in generate_data_for_tables
    table_records = await self._generate_table_data(
                    ^^^^^^^^^^^^^^^^^^^^^^^^^^^^^^^^
  File "/Users/joye/Desktop/MY_CODE/[Work]/Work_YX/FlameCCP_ISAP_R3.0/Post_5/isap-fake-tools/app/services/data_generator.py", line 187, in _generate_table_data
    record = self._generate_record(config, table_name, current_date, pca_values)
             ^^^^^^^^^^^^^^^^^^^^^^^^^^^^^^^^^^^^^^^^^^^^^^^^^^^^^^^^^^^^^^^^^^^
TypeError: DataGenerator._generate_record() takes 4 positional arguments but 5 were given

INFO:app.services.data_generator:退出 generate_data_for_tables 方法
INFO:app.services.data_generator:开始 generate_data_for_tables 方法
INFO:app.services.data_generator:独立表（阶段1）: ['crawler_competitor_price', 'crm_customer', 'ext_market_trend']
INFO:app.services.data_generator:依赖表（阶段2）: ['oms_order', 'lms_shipment', 'fms_financial_transaction', 'oms_order_item']
INFO:app.services.data_generator:初始化数据库计数器
INFO:app.core.database:执行查询: SELECT MAX(id) FROM crawler_competitor_price, 参数: ()
INFO:app.core.database:连接数据库: 172.16.10.196:5432/db_house
INFO:app.core.database:查询执行成功
INFO:app.core.database:执行查询: SELECT MAX(id) FROM ext_market_trend, 参数: ()
INFO:app.core.database:连接数据库: 172.16.10.196:5432/db_house
INFO:app.core.database:查询执行成功
INFO:app.core.database:执行查询: SELECT MAX(id) FROM oms_order_item, 参数: ()
INFO:app.core.database:连接数据库: 172.16.10.196:5432/db_house
INFO:app.core.database:查询执行成功
INFO:app.services.data_generator:计数器初始化完成: {'crawler_competitor_price_id': 0, 'ext_market_trend_id': 0, 'oms_order_item_id': 0}
INFO:app.services.data_generator:开始处理日期: 2025-10-21
INFO:app.services.data_generator:当天计划生成记录数: 1
INFO:app.services.data_generator:已清空外键缓存
INFO:app.services.data_generator:=== 阶段1：生成独立表 ===
INFO:app.services.data_generator:开始为独立表 crawler_competitor_price 生成数据
ERROR:app.services.data_generator:generate_data_for_tables 方法执行失败: DataGenerator._generate_record() takes 4 positional arguments but 5 were given
ERROR:app.services.data_generator:错误详情: Traceback (most recent call last):
  File "/Users/joye/Desktop/MY_CODE/[Work]/Work_YX/FlameCCP_ISAP_R3.0/Post_5/isap-fake-tools/app/services/data_generator.py", line 113, in generate_data_for_tables
    table_records = await self._generate_table_data(
                    ^^^^^^^^^^^^^^^^^^^^^^^^^^^^^^^^
  File "/Users/joye/Desktop/MY_CODE/[Work]/Work_YX/FlameCCP_ISAP_R3.0/Post_5/isap-fake-tools/app/services/data_generator.py", line 187, in _generate_table_data
    record = self._generate_record(config, table_name, current_date, pca_values)
             ^^^^^^^^^^^^^^^^^^^^^^^^^^^^^^^^^^^^^^^^^^^^^^^^^^^^^^^^^^^^^^^^^^^
TypeError: DataGenerator._generate_record() takes 4 positional arguments but 5 were given

INFO:app.services.data_generator:退出 generate_data_for_tables 方法
INFO:app.services.data_generator:开始 generate_data_for_tables 方法
INFO:app.services.data_generator:独立表（阶段1）: ['crawler_competitor_price', 'crm_customer', 'ext_market_trend']
INFO:app.services.data_generator:依赖表（阶段2）: ['oms_order', 'lms_shipment', 'fms_financial_transaction', 'oms_order_item']
INFO:app.services.data_generator:初始化数据库计数器
INFO:app.core.database:执行查询: SELECT MAX(id) FROM crawler_competitor_price, 参数: ()
INFO:app.core.database:连接数据库: 172.16.10.196:5432/db_house
INFO:app.core.database:查询执行成功
INFO:app.core.database:执行查询: SELECT MAX(id) FROM ext_market_trend, 参数: ()
INFO:app.core.database:连接数据库: 172.16.10.196:5432/db_house
INFO:app.core.database:查询执行成功
INFO:app.core.database:执行查询: SELECT MAX(id) FROM oms_order_item, 参数: ()
INFO:app.core.database:连接数据库: 172.16.10.196:5432/db_house
INFO:app.core.database:查询执行成功
INFO:app.services.data_generator:计数器初始化完成: {'crawler_competitor_price_id': 0, 'ext_market_trend_id': 0, 'oms_order_item_id': 0}
INFO:app.services.data_generator:开始处理日期: 2025-10-21
INFO:app.services.data_generator:当天计划生成记录数: 1
INFO:app.services.data_generator:已清空外键缓存
INFO:app.services.data_generator:=== 阶段1：生成独立表 ===
INFO:app.services.data_generator:开始为独立表 crawler_competitor_price 生成数据
ERROR:app.services.data_generator:generate_data_for_tables 方法执行失败: DataGenerator._generate_record() takes 4 positional arguments but 5 were given
ERROR:app.services.data_generator:错误详情: Traceback (most recent call last):
  File "/Users/joye/Desktop/MY_CODE/[Work]/Work_YX/FlameCCP_ISAP_R3.0/Post_5/isap-fake-tools/app/services/data_generator.py", line 113, in generate_data_for_tables
    table_records = await self._generate_table_data(
                    ^^^^^^^^^^^^^^^^^^^^^^^^^^^^^^^^
  File "/Users/joye/Desktop/MY_CODE/[Work]/Work_YX/FlameCCP_ISAP_R3.0/Post_5/isap-fake-tools/app/services/data_generator.py", line 187, in _generate_table_data
    record = self._generate_record(config, table_name, current_date, pca_values)
             ^^^^^^^^^^^^^^^^^^^^^^^^^^^^^^^^^^^^^^^^^^^^^^^^^^^^^^^^^^^^^^^^^^^
TypeError: DataGenerator._generate_record() takes 4 positional arguments but 5 were given

INFO:app.services.data_generator:退出 generate_data_for_tables 方法
INFO:app.services.data_generator:开始 generate_data_for_tables 方法
INFO:app.services.data_generator:独立表（阶段1）: ['crawler_competitor_price', 'crm_customer', 'ext_market_trend']
INFO:app.services.data_generator:依赖表（阶段2）: ['oms_order', 'lms_shipment', 'fms_financial_transaction', 'oms_order_item']
INFO:app.services.data_generator:初始化数据库计数器
INFO:app.core.database:执行查询: SELECT MAX(id) FROM crawler_competitor_price, 参数: ()
INFO:app.core.database:连接数据库: 172.16.10.196:5432/db_house
INFO:app.core.database:查询执行成功
INFO:app.core.database:执行查询: SELECT MAX(id) FROM ext_market_trend, 参数: ()
INFO:app.core.database:连接数据库: 172.16.10.196:5432/db_house
INFO:app.core.database:查询执行成功
INFO:app.core.database:执行查询: SELECT MAX(id) FROM oms_order_item, 参数: ()
INFO:app.core.database:连接数据库: 172.16.10.196:5432/db_house
INFO:app.core.database:查询执行成功
INFO:app.services.data_generator:计数器初始化完成: {'crawler_competitor_price_id': 0, 'ext_market_trend_id': 0, 'oms_order_item_id': 0}
INFO:app.services.data_generator:开始处理日期: 2025-10-21
INFO:app.services.data_generator:当天计划生成记录数: 1
INFO:app.services.data_generator:已清空外键缓存
INFO:app.services.data_generator:=== 阶段1：生成独立表 ===
INFO:app.services.data_generator:开始为独立表 crawler_competitor_price 生成数据
ERROR:app.services.data_generator:generate_data_for_tables 方法执行失败: DataGenerator._generate_record() takes 4 positional arguments but 5 were given
ERROR:app.services.data_generator:错误详情: Traceback (most recent call last):
  File "/Users/joye/Desktop/MY_CODE/[Work]/Work_YX/FlameCCP_ISAP_R3.0/Post_5/isap-fake-tools/app/services/data_generator.py", line 113, in generate_data_for_tables
    table_records = await self._generate_table_data(
                    ^^^^^^^^^^^^^^^^^^^^^^^^^^^^^^^^
  File "/Users/joye/Desktop/MY_CODE/[Work]/Work_YX/FlameCCP_ISAP_R3.0/Post_5/isap-fake-tools/app/services/data_generator.py", line 187, in _generate_table_data
    record = self._generate_record(config, table_name, current_date, pca_values)
             ^^^^^^^^^^^^^^^^^^^^^^^^^^^^^^^^^^^^^^^^^^^^^^^^^^^^^^^^^^^^^^^^^^^
TypeError: DataGenerator._generate_record() takes 4 positional arguments but 5 were given

INFO:app.services.data_generator:退出 generate_data_for_tables 方法
INFO:app.core.database:数据库连接已关闭
数据库连接URL----: postgresql://isap_admin:113RfkdsDMDb6H7T@172.16.10.196:5432/db_house
[2025-10-21 16:44:26.676372] ✅ 成功连接到数据库: db_house
[2025-10-21 16:44:26.676385] 🚀 启动持续数据生成服务 (任务ID: 86b7be80)
   表: oms_order, crawler_competitor_price, lms_shipment, crm_customer, fms_financial_transaction, ext_market_trend, oms_order_item
   间隔: 1 秒
   每批记录数: 1
   任务ID: 86b7be80
   日志文件: logs/background_service_86b7be80.log
   按 Ctrl+C 停止服务
[2025-10-21 16:44:26.676397] 📦 开始生成第 1 批数据...
[2025-10-21 16:44:26.712316] ❌ 数据生成失败: DataGenerator._generate_record() takes 4 positional arguments but 5 were given
[2025-10-21 16:44:26.712327] ⚠️ 第 1 批数据生成失败
[2025-10-21 16:44:26.712330] ⏱️ 等待 1 秒后继续...
[2025-10-21 16:44:27.713512] 📦 开始生成第 2 批数据...
[2025-10-21 16:44:27.728323] ❌ 数据生成失败: DataGenerator._generate_record() takes 4 positional arguments but 5 were given
[2025-10-21 16:44:27.728339] ⚠️ 第 2 批数据生成失败
[2025-10-21 16:44:27.728342] ⏱️ 等待 1 秒后继续...
[2025-10-21 16:44:28.729507] 📦 开始生成第 3 批数据...
[2025-10-21 16:44:28.747390] ❌ 数据生成失败: DataGenerator._generate_record() takes 4 positional arguments but 5 were given
[2025-10-21 16:44:28.747428] ⚠️ 第 3 批数据生成失败
[2025-10-21 16:44:28.747436] ⏱️ 等待 1 秒后继续...
[2025-10-21 16:44:29.748212] 📦 开始生成第 4 批数据...
[2025-10-21 16:44:29.767663] ❌ 数据生成失败: DataGenerator._generate_record() takes 4 positional arguments but 5 were given
[2025-10-21 16:44:29.767685] ⚠️ 第 4 批数据生成失败
[2025-10-21 16:44:29.767690] ⏱️ 等待 1 秒后继续...
[2025-10-21 16:44:30.768830] 📦 开始生成第 5 批数据...
[2025-10-21 16:44:30.782381] ❌ 数据生成失败: DataGenerator._generate_record() takes 4 positional arguments but 5 were given
[2025-10-21 16:44:30.782423] ⚠️ 第 5 批数据生成失败
[2025-10-21 16:44:30.782432] ⏱️ 等待 1 秒后继续...
[2025-10-21 16:44:31.783567] 📦 开始生成第 6 批数据...
[2025-10-21 16:44:31.834037] ❌ 数据生成失败: DataGenerator._generate_record() takes 4 positional arguments but 5 were given
[2025-10-21 16:44:31.834058] ⚠️ 第 6 批数据生成失败
[2025-10-21 16:44:31.834063] ⏱️ 等待 1 秒后继续...
[2025-10-21 16:44:32.835249] 📦 开始生成第 7 批数据...
[2025-10-21 16:44:32.887068] ❌ 数据生成失败: DataGenerator._generate_record() takes 4 positional arguments but 5 were given
[2025-10-21 16:44:32.887105] ⚠️ 第 7 批数据生成失败
[2025-10-21 16:44:32.887114] ⏱️ 等待 1 秒后继续...
[2025-10-21 16:44:33.888305] 📦 开始生成第 8 批数据...
[2025-10-21 16:44:33.932894] ❌ 数据生成失败: DataGenerator._generate_record() takes 4 positional arguments but 5 were given
[2025-10-21 16:44:33.932917] ⚠️ 第 8 批数据生成失败
[2025-10-21 16:44:33.932921] ⏱️ 等待 1 秒后继续...
[2025-10-21 16:44:34.934513] 📦 开始生成第 9 批数据...
[2025-10-21 16:44:34.979377] ❌ 数据生成失败: DataGenerator._generate_record() takes 4 positional arguments but 5 were given
[2025-10-21 16:44:34.979401] ⚠️ 第 9 批数据生成失败
[2025-10-21 16:44:34.979406] ⏱️ 等待 1 秒后继续...
[2025-10-21 16:44:35.979675] 📦 开始生成第 10 批数据...
[2025-10-21 16:44:36.027455] ❌ 数据生成失败: DataGenerator._generate_record() takes 4 positional arguments but 5 were given
[2025-10-21 16:44:36.027480] ⚠️ 第 10 批数据生成失败
[2025-10-21 16:44:36.027484] ⏱️ 等待 1 秒后继续...
[2025-10-21 16:44:37.028928] 📦 开始生成第 11 批数据...
[2025-10-21 16:44:37.077923] ❌ 数据生成失败: DataGenerator._generate_record() takes 4 positional arguments but 5 were given
[2025-10-21 16:44:37.077941] ⚠️ 第 11 批数据生成失败
[2025-10-21 16:44:37.077945] ⏱️ 等待 1 秒后继续...
[2025-10-21 16:44:38.078868] 📦 开始生成第 12 批数据...
[2025-10-21 16:44:38.126134] ❌ 数据生成失败: DataGenerator._generate_record() takes 4 positional arguments but 5 were given
[2025-10-21 16:44:38.126156] ⚠️ 第 12 批数据生成失败
[2025-10-21 16:44:38.126160] ⏱️ 等待 1 秒后继续...
[2025-10-21 16:44:39.127416] 📦 开始生成第 13 批数据...
[2025-10-21 16:44:39.181635] ❌ 数据生成失败: DataGenerator._generate_record() takes 4 positional arguments but 5 were given
[2025-10-21 16:44:39.181655] ⚠️ 第 13 批数据生成失败
[2025-10-21 16:44:39.181660] ⏱️ 等待 1 秒后继续...
[2025-10-21 16:44:40.182763] 📦 开始生成第 14 批数据...
[2025-10-21 16:44:40.220813] ❌ 数据生成失败: DataGenerator._generate_record() takes 4 positional arguments but 5 were given
[2025-10-21 16:44:40.220830] ⚠️ 第 14 批数据生成失败
[2025-10-21 16:44:40.220833] ⏱️ 等待 1 秒后继续...
[2025-10-21 16:44:41.221965] 📦 开始生成第 15 批数据...
[2025-10-21 16:44:41.275200] ❌ 数据生成失败: DataGenerator._generate_record() takes 4 positional arguments but 5 were given
[2025-10-21 16:44:41.275218] ⚠️ 第 15 批数据生成失败
[2025-10-21 16:44:41.275223] ⏱️ 等待 1 秒后继续...
[2025-10-21 16:44:42.275853] 📦 开始生成第 16 批数据...
[2025-10-21 16:44:42.325807] ❌ 数据生成失败: DataGenerator._generate_record() takes 4 positional arguments but 5 were given
[2025-10-21 16:44:42.325834] ⚠️ 第 16 批数据生成失败
[2025-10-21 16:44:42.325842] ⏱️ 等待 1 秒后继续...
[2025-10-21 16:44:43.327017] 📦 开始生成第 17 批数据...
[2025-10-21 16:44:43.369310] ❌ 数据生成失败: DataGenerator._generate_record() takes 4 positional arguments but 5 were given
[2025-10-21 16:44:43.369408] ⚠️ 第 17 批数据生成失败
[2025-10-21 16:44:43.369416] ⏱️ 等待 1 秒后继续...
[2025-10-21 16:44:44.370143] 📦 开始生成第 18 批数据...
[2025-10-21 16:44:44.415180] ❌ 数据生成失败: DataGenerator._generate_record() takes 4 positional arguments but 5 were given
[2025-10-21 16:44:44.415208] ⚠️ 第 18 批数据生成失败
[2025-10-21 16:44:44.415216] ⏱️ 等待 1 秒后继续...
[2025-10-21 16:44:45.416364] 📦 开始生成第 19 批数据...
[2025-10-21 16:44:45.467598] ❌ 数据生成失败: DataGenerator._generate_record() takes 4 positional arguments but 5 were given
[2025-10-21 16:44:45.467620] ⚠️ 第 19 批数据生成失败
[2025-10-21 16:44:45.467624] ⏱️ 等待 1 秒后继续...
[2025-10-21 16:44:46.468819] 📦 开始生成第 20 批数据...
[2025-10-21 16:44:46.516076] ❌ 数据生成失败: DataGenerator._generate_record() takes 4 positional arguments but 5 were given
[2025-10-21 16:44:46.516098] ⚠️ 第 20 批数据生成失败
[2025-10-21 16:44:46.516102] ⏱️ 等待 1 秒后继续...
[2025-10-21 16:44:47.517273] 📦 开始生成第 21 批数据...
[2025-10-21 16:44:47.561212] ❌ 数据生成失败: DataGenerator._generate_record() takes 4 positional arguments but 5 were given
[2025-10-21 16:44:47.561242] ⚠️ 第 21 批数据生成失败
[2025-10-21 16:44:47.561250] ⏱️ 等待 1 秒后继续...

[2025-10-21 16:44:48.497415] 🛑 收到停止信号，正在关闭...
[2025-10-21 16:44:48.562337] 🛑 持续数据生成服务已停止
[2025-10-21 16:44:48.612487] 🔌 已断开数据库连接
